DM Object: Simplicial Mesh 2 MPI processes
  type: plex
Simplicial Mesh in 2 dimensions:
Supports:
[0] Max support size: 5
[0]: 8 ----> 17
[0]: 8 ----> 19
[0]: 8 ----> 22
[0]: 8 ----> 27
[0]: 8 ----> 28
[0]: 9 ----> 17
[0]: 9 ----> 18
[0]: 9 ----> 20
[0]: 9 ----> 21
[0]: 10 ----> 18
[0]: 10 ----> 22
[0]: 10 ----> 23
[0]: 10 ----> 24
[0]: 11 ----> 24
[0]: 11 ----> 25
[0]: 12 ----> 27
[0]: 12 ----> 29
[0]: 12 ----> 32
[0]: 13 ----> 30
[0]: 13 ----> 31
[0]: 14 ----> 19
[0]: 14 ----> 21
[0]: 14 ----> 26
[0]: 14 ----> 30
[0]: 15 ----> 26
[0]: 15 ----> 28
[0]: 15 ----> 31
[0]: 15 ----> 32
[0]: 16 ----> 20
[0]: 16 ----> 23
[0]: 16 ----> 25
[0]: 16 ----> 29
[0]: 17 ----> 0
[0]: 17 ----> 2
[0]: 18 ----> 1
[0]: 18 ----> 2
[0]: 19 ----> 0
[0]: 20 ----> 1
[0]: 20 ----> 4
[0]: 20 ----> 5
[0]: 21 ----> 0
[0]: 22 ----> 2
[0]: 23 ----> 1
[0]: 23 ----> 3
[0]: 24 ----> 3
[0]: 25 ----> 3
[0]: 26 ----> 4
[0]: 26 ----> 6
[0]: 27 ----> 5
[0]: 27 ----> 7
[0]: 28 ----> 4
[0]: 28 ----> 7
[0]: 29 ----> 5
[0]: 30 ----> 6
[0]: 31 ----> 6
[0]: 32 ----> 7
[1] Max support size: 4
[1]: 7 ----> 18
[1]: 7 ----> 20
[1]: 7 ----> 23
[1]: 8 ----> 21
[1]: 8 ----> 22
[1]: 10 ----> 17
[1]: 10 ----> 19
[1]: 10 ----> 22
[1]: 10 ----> 23
[1]: 11 ----> 20
[1]: 11 ----> 27
[1]: 11 ----> 29
[1]: 11 ----> 31
[1]: 12 ----> 17
[1]: 12 ----> 21
[1]: 12 ----> 26
[1]: 12 ----> 28
[1]: 13 ----> 18
[1]: 13 ----> 19
[1]: 13 ----> 24
[1]: 13 ----> 26
[1]: 14 ----> 24
[1]: 14 ----> 25
[1]: 14 ----> 27
[1]: 14 ----> 28
[1]: 15 ----> 25
[1]: 15 ----> 29
[1]: 15 ----> 30
[1]: 16 ----> 30
[1]: 16 ----> 31
[1]: 17 ----> 0
[1]: 17 ----> 2
[1]: 18 ----> 1
[1]: 18 ----> 3
[1]: 19 ----> 0
[1]: 19 ----> 3
[1]: 20 ----> 1
[1]: 21 ----> 2
[1]: 22 ----> 2
[1]: 23 ----> 3
[1]: 24 ----> 4
[1]: 25 ----> 5
[1]: 26 ----> 4
[1]: 27 ----> 0
[1]: 27 ----> 1
[1]: 27 ----> 5
[1]: 28 ----> 4
[1]: 29 ----> 5
[1]: 29 ----> 6
[1]: 30 ----> 6
[1]: 31 ----> 6
Cones:
[0] Max cone size: 3
[0]: 0 <---- 17 (-2)
[0]: 0 <---- 21 (-2)
[0]: 0 <---- 19 (0)
[0]: 1 <---- 23 (-2)
[0]: 1 <---- 20 (0)
[0]: 1 <---- 18 (-2)
[0]: 2 <---- 17 (0)
[0]: 2 <---- 22 (0)
[0]: 2 <---- 18 (0)
[0]: 3 <---- 23 (0)
[0]: 3 <---- 24 (0)
[0]: 3 <---- 25 (0)
[0]: 4 <---- 26 (-2)
[0]: 4 <---- 20 (0)
[0]: 4 <---- 28 (-2)
[0]: 5 <---- 20 (-2)
[0]: 5 <---- 29 (0)
[0]: 5 <---- 27 (-2)
[0]: 6 <---- 30 (0)
[0]: 6 <---- 26 (0)
[0]: 6 <---- 31 (0)
[0]: 7 <---- 27 (0)
[0]: 7 <---- 32 (0)
[0]: 7 <---- 28 (0)
[0]: 17 <---- 9 (0)
[0]: 17 <---- 8 (0)
[0]: 18 <---- 10 (0)
[0]: 18 <---- 9 (0)
[0]: 19 <---- 14 (0)
[0]: 19 <---- 8 (0)
[0]: 20 <---- 16 (0)
[0]: 20 <---- 9 (0)
[0]: 21 <---- 14 (0)
[0]: 21 <---- 9 (0)
[0]: 22 <---- 8 (0)
[0]: 22 <---- 10 (0)
[0]: 23 <---- 16 (0)
[0]: 23 <---- 10 (0)
[0]: 24 <---- 10 (0)
[0]: 24 <---- 11 (0)
[0]: 25 <---- 11 (0)
[0]: 25 <---- 16 (0)
[0]: 26 <---- 14 (0)
[0]: 26 <---- 15 (0)
[0]: 27 <---- 8 (0)
[0]: 27 <---- 12 (0)
[0]: 28 <---- 15 (0)
[0]: 28 <---- 8 (0)
[0]: 29 <---- 16 (0)
[0]: 29 <---- 12 (0)
[0]: 30 <---- 13 (0)
[0]: 30 <---- 14 (0)
[0]: 31 <---- 15 (0)
[0]: 31 <---- 13 (0)
[0]: 32 <---- 12 (0)
[0]: 32 <---- 15 (0)
[1] Max cone size: 3
[1]: 0 <---- 17 (-2)
[1]: 0 <---- 27 (0)
[1]: 0 <---- 19 (-2)
[1]: 1 <---- 27 (-2)
[1]: 1 <---- 20 (0)
[1]: 1 <---- 18 (-2)
[1]: 2 <---- 21 (0)
[1]: 2 <---- 17 (0)
[1]: 2 <---- 22 (0)
[1]: 3 <---- 18 (0)
[1]: 3 <---- 23 (0)
[1]: 3 <---- 19 (0)
[1]: 4 <---- 24 (-2)
[1]: 4 <---- 28 (-2)
[1]: 4 <---- 26 (0)
[1]: 5 <---- 29 (-2)
[1]: 5 <---- 27 (0)
[1]: 5 <---- 25 (-2)
[1]: 6 <---- 29 (0)
[1]: 6 <---- 30 (0)
[1]: 6 <---- 31 (0)
[1]: 17 <---- 12 (0)
[1]: 17 <---- 10 (0)
[1]: 18 <---- 13 (0)
[1]: 18 <---- 7 (0)
[1]: 19 <---- 10 (0)
[1]: 19 <---- 13 (0)
[1]: 20 <---- 11 (0)
[1]: 20 <---- 7 (0)
[1]: 21 <---- 8 (0)
[1]: 21 <---- 12 (0)
[1]: 22 <---- 10 (0)
[1]: 22 <---- 8 (0)
[1]: 23 <---- 7 (0)
[1]: 23 <---- 10 (0)
[1]: 24 <---- 14 (0)
[1]: 24 <---- 13 (0)
[1]: 25 <---- 15 (0)
[1]: 25 <---- 14 (0)
[1]: 26 <---- 12 (0)
[1]: 26 <---- 13 (0)
[1]: 27 <---- 11 (0)
[1]: 27 <---- 14 (0)
[1]: 28 <---- 12 (0)
[1]: 28 <---- 14 (0)
[1]: 29 <---- 11 (0)
[1]: 29 <---- 15 (0)
[1]: 30 <---- 15 (0)
[1]: 30 <---- 16 (0)
[1]: 31 <---- 16 (0)
[1]: 31 <---- 11 (0)
coordinates with 1 fields
  field 0 with 2 components
Process 0:
  (   8) dim  2 offset   0 1. 0.
  (   9) dim  2 offset   2 0.5 0.5
  (  10) dim  2 offset   4 1. 0.5
  (  11) dim  2 offset   6 1. 1.
  (  12) dim  2 offset   8 0. 1.
  (  13) dim  2 offset  10 0. 0.
  (  14) dim  2 offset  12 0.5 0.
  (  15) dim  2 offset  14 0. 0.5
  (  16) dim  2 offset  16 0.5 1.
Process 1:
  (   7) dim  2 offset   0 0. 1.
  (   8) dim  2 offset   2 0. 0.
  (   9) dim  2 offset   4 0.5 0.
  (  10) dim  2 offset   6 0. 0.5
  (  11) dim  2 offset   8 0.5 1.
  (  12) dim  2 offset  10 0.5 0.
  (  13) dim  2 offset  12 1. 0.
  (  14) dim  2 offset  14 0.5 0.5
  (  15) dim  2 offset  16 1. 0.5
  (  16) dim  2 offset  18 1. 1.
Label 'marker':
[0]: 8 (1)
[0]: 10 (1)
[0]: 11 (1)
[0]: 12 (1)
[0]: 13 (1)
[0]: 14 (1)
[0]: 15 (1)
[0]: 16 (1)
[0]: 19 (1)
[0]: 22 (1)
[0]: 24 (1)
[0]: 25 (1)
[0]: 29 (1)
[0]: 30 (1)
[0]: 31 (1)
[0]: 32 (1)
[1]: 7 (1)
[1]: 8 (1)
[1]: 9 (1)
[1]: 10 (1)
[1]: 11 (1)
[1]: 12 (1)
[1]: 13 (1)
[1]: 15 (1)
[1]: 16 (1)
[1]: 20 (1)
[1]: 21 (1)
[1]: 22 (1)
[1]: 23 (1)
[1]: 26 (1)
[1]: 30 (1)
[1]: 31 (1)
PetscSF Object: 2 MPI processes
  type: basic
    sort=rank-order
  [0] Number of roots=33, leaves=16, remote ranks=1
  [0] 4 <- (1,0)
  [0] 5 <- (1,1)
  [0] 6 <- (1,2)
  [0] 7 <- (1,3)
  [0] 12 <- (1,7)
  [0] 13 <- (1,8)
  [0] 14 <- (1,9)
  [0] 15 <- (1,10)
  [0] 16 <- (1,11)
  [0] 26 <- (1,17)
  [0] 27 <- (1,18)
  [0] 28 <- (1,19)
  [0] 29 <- (1,20)
  [0] 30 <- (1,21)
  [0] 31 <- (1,22)
  [0] 32 <- (1,23)
  [1] Number of roots=32, leaves=16, remote ranks=1
  [1] 4 <- (0,0)
  [1] 5 <- (0,1)
  [1] 6 <- (0,3)
  [1] 12 <- (0,-1)
  [1] 13 <- (0,8)
  [1] 14 <- (0,9)
  [1] 15 <- (0,10)
  [1] 16 <- (0,11)
  [1] 24 <- (0,17)
  [1] 25 <- (0,18)
  [1] 26 <- (0,19)
  [1] 27 <- (0,20)
  [1] 28 <- (0,21)
  [1] 29 <- (0,23)
  [1] 30 <- (0,24)
  [1] 31 <- (0,25)
  [0] Roots referenced by my leaves, by rank
  [0] 1: 16 edges
  [0]    4 <- 0
  [0]    5 <- 1
  [0]    6 <- 2
  [0]    7 <- 3
  [0]    12 <- 7
  [0]    13 <- 8
  [0]    14 <- 9
  [0]    15 <- 10
  [0]    16 <- 11
  [0]    26 <- 17
  [0]    27 <- 18
  [0]    28 <- 19
  [0]    29 <- 20
  [0]    30 <- 21
  [0]    31 <- 22
  [0]    32 <- 23
  [1] Roots referenced by my leaves, by rank
  [1] 0: 16 edges
  [1]    4 <- 0
  [1]    5 <- 1
  [1]    6 <- 3
  [1]    12 <- -1
  [1]    13 <- 8
  [1]    14 <- 9
  [1]    15 <- 10
  [1]    16 <- 11
  [1]    24 <- 17
  [1]    25 <- 18
  [1]    26 <- 19
  [1]    27 <- 20
  [1]    28 <- 21
  [1]    29 <- 23
  [1]    30 <- 24
  [1]    31 <- 25
