DM Object: Simplicial Mesh 8 MPI processes
  type: plex
Simplicial Mesh in 2 dimensions:
Supports:
[0] Max support size: 4
[0]: 4 ----> 10
[0]: 4 ----> 11
[0]: 5 ----> 10
[0]: 5 ----> 13
[0]: 5 ----> 15
[0]: 5 ----> 17
[0]: 6 ----> 12
[0]: 6 ----> 18
[0]: 7 ----> 11
[0]: 7 ----> 12
[0]: 7 ----> 13
[0]: 7 ----> 14
[0]: 8 ----> 16
[0]: 8 ----> 17
[0]: 9 ----> 14
[0]: 9 ----> 15
[0]: 9 ----> 16
[0]: 9 ----> 18
[0]: 10 ----> 0
[0]: 11 ----> 0
[0]: 12 ----> 1
[0]: 13 ----> 0
[0]: 13 ----> 2
[0]: 14 ----> 1
[0]: 14 ----> 2
[0]: 15 ----> 2
[0]: 15 ----> 3
[0]: 16 ----> 3
[0]: 17 ----> 3
[0]: 18 ----> 1
[1] Max support size: 6
[1]: 7 ----> 15
[1]: 7 ----> 26
[1]: 7 ----> 28
[1]: 8 ----> 16
[1]: 8 ----> 17
[1]: 9 ----> 16
[1]: 9 ----> 18
[1]: 9 ----> 21
[1]: 9 ----> 23
[1]: 10 ----> 15
[1]: 10 ----> 17
[1]: 10 ----> 18
[1]: 10 ----> 19
[1]: 11 ----> 20
[1]: 11 ----> 24
[1]: 11 ----> 25
[1]: 12 ----> 20
[1]: 12 ----> 22
[1]: 12 ----> 23
[1]: 13 ----> 19
[1]: 13 ----> 21
[1]: 13 ----> 22
[1]: 13 ----> 24
[1]: 13 ----> 26
[1]: 13 ----> 27
[1]: 14 ----> 25
[1]: 14 ----> 27
[1]: 14 ----> 28
[1]: 15 ----> 0
[1]: 16 ----> 1
[1]: 17 ----> 1
[1]: 18 ----> 1
[1]: 18 ----> 2
[1]: 19 ----> 0
[1]: 19 ----> 2
[1]: 20 ----> 3
[1]: 21 ----> 2
[1]: 21 ----> 4
[1]: 22 ----> 3
[1]: 22 ----> 4
[1]: 23 ----> 4
[1]: 24 ----> 3
[1]: 24 ----> 5
[1]: 25 ----> 5
[1]: 26 ----> 0
[1]: 26 ----> 6
[1]: 27 ----> 5
[1]: 27 ----> 6
[1]: 28 ----> 6
[2] Max support size: 6
[2]: 7 ----> 15
[2]: 7 ----> 16
[2]: 7 ----> 18
[2]: 7 ----> 19
[2]: 8 ----> 17
[2]: 8 ----> 18
[2]: 9 ----> 15
[2]: 9 ----> 17
[2]: 9 ----> 21
[2]: 9 ----> 23
[2]: 10 ----> 19
[2]: 10 ----> 26
[2]: 10 ----> 28
[2]: 11 ----> 20
[2]: 11 ----> 24
[2]: 11 ----> 25
[2]: 12 ----> 20
[2]: 12 ----> 22
[2]: 12 ----> 23
[2]: 13 ----> 16
[2]: 13 ----> 21
[2]: 13 ----> 22
[2]: 13 ----> 24
[2]: 13 ----> 26
[2]: 13 ----> 27
[2]: 14 ----> 25
[2]: 14 ----> 27
[2]: 14 ----> 28
[2]: 15 ----> 0
[2]: 15 ----> 1
[2]: 16 ----> 0
[2]: 16 ----> 2
[2]: 17 ----> 1
[2]: 18 ----> 1
[2]: 19 ----> 2
[2]: 20 ----> 3
[2]: 21 ----> 0
[2]: 21 ----> 4
[2]: 22 ----> 3
[2]: 22 ----> 4
[2]: 23 ----> 4
[2]: 24 ----> 3
[2]: 24 ----> 5
[2]: 25 ----> 5
[2]: 26 ----> 2
[2]: 26 ----> 6
[2]: 27 ----> 5
[2]: 27 ----> 6
[2]: 28 ----> 6
[3] Max support size: 6
[3]: 7 ----> 15
[3]: 7 ----> 22
[3]: 7 ----> 24
[3]: 7 ----> 25
[3]: 8 ----> 17
[3]: 8 ----> 19
[3]: 8 ----> 21
[3]: 9 ----> 16
[3]: 9 ----> 26
[3]: 9 ----> 28
[3]: 10 ----> 16
[3]: 10 ----> 17
[3]: 10 ----> 18
[3]: 11 ----> 15
[3]: 11 ----> 20
[3]: 11 ----> 21
[3]: 12 ----> 18
[3]: 12 ----> 19
[3]: 12 ----> 20
[3]: 12 ----> 24
[3]: 12 ----> 26
[3]: 12 ----> 27
[3]: 13 ----> 22
[3]: 13 ----> 23
[3]: 14 ----> 23
[3]: 14 ----> 25
[3]: 14 ----> 27
[3]: 14 ----> 28
[3]: 15 ----> 0
[3]: 16 ----> 1
[3]: 17 ----> 2
[3]: 18 ----> 1
[3]: 18 ----> 2
[3]: 19 ----> 2
[3]: 19 ----> 3
[3]: 20 ----> 0
[3]: 20 ----> 3
[3]: 21 ----> 3
[3]: 22 ----> 4
[3]: 23 ----> 4
[3]: 24 ----> 0
[3]: 24 ----> 5
[3]: 25 ----> 4
[3]: 25 ----> 5
[3]: 26 ----> 1
[3]: 26 ----> 6
[3]: 27 ----> 5
[3]: 27 ----> 6
[3]: 28 ----> 6
[4] Max support size: 6
[4]: 7 ----> 16
[4]: 7 ----> 17
[4]: 7 ----> 23
[4]: 8 ----> 15
[4]: 8 ----> 16
[4]: 8 ----> 22
[4]: 8 ----> 24
[4]: 8 ----> 26
[4]: 8 ----> 27
[4]: 9 ----> 18
[4]: 9 ----> 19
[4]: 10 ----> 15
[4]: 10 ----> 17
[4]: 10 ----> 18
[4]: 10 ----> 21
[4]: 11 ----> 20
[4]: 11 ----> 26
[4]: 11 ----> 28
[4]: 12 ----> 19
[4]: 12 ----> 20
[4]: 12 ----> 21
[4]: 12 ----> 22
[4]: 13 ----> 23
[4]: 13 ----> 24
[4]: 13 ----> 25
[4]: 14 ----> 25
[4]: 14 ----> 27
[4]: 14 ----> 28
[4]: 15 ----> 0
[4]: 15 ----> 3
[4]: 16 ----> 0
[4]: 16 ----> 4
[4]: 17 ----> 0
[4]: 18 ----> 1
[4]: 19 ----> 1
[4]: 20 ----> 2
[4]: 21 ----> 1
[4]: 21 ----> 3
[4]: 22 ----> 2
[4]: 22 ----> 3
[4]: 23 ----> 4
[4]: 24 ----> 4
[4]: 24 ----> 5
[4]: 25 ----> 5
[4]: 26 ----> 2
[4]: 26 ----> 6
[4]: 27 ----> 5
[4]: 27 ----> 6
[4]: 28 ----> 6
[5] Max support size: 4
[5]: 4 ----> 10
[5]: 4 ----> 11
[5]: 5 ----> 16
[5]: 5 ----> 18
[5]: 6 ----> 10
[5]: 6 ----> 12
[5]: 6 ----> 14
[5]: 6 ----> 15
[5]: 7 ----> 12
[5]: 7 ----> 13
[5]: 8 ----> 13
[5]: 8 ----> 14
[5]: 8 ----> 16
[5]: 8 ----> 17
[5]: 9 ----> 11
[5]: 9 ----> 15
[5]: 9 ----> 17
[5]: 9 ----> 18
[5]: 10 ----> 0
[5]: 11 ----> 0
[5]: 12 ----> 1
[5]: 13 ----> 1
[5]: 14 ----> 1
[5]: 14 ----> 2
[5]: 15 ----> 0
[5]: 15 ----> 2
[5]: 16 ----> 3
[5]: 17 ----> 2
[5]: 17 ----> 3
[5]: 18 ----> 3
[6] Max support size: 6
[6]: 7 ----> 18
[6]: 7 ----> 21
[6]: 7 ----> 23
[6]: 8 ----> 17
[6]: 8 ----> 26
[6]: 8 ----> 28
[6]: 9 ----> 17
[6]: 9 ----> 18
[6]: 9 ----> 19
[6]: 10 ----> 15
[6]: 10 ----> 16
[6]: 10 ----> 20
[6]: 10 ----> 24
[6]: 11 ----> 20
[6]: 11 ----> 22
[6]: 11 ----> 23
[6]: 12 ----> 15
[6]: 12 ----> 19
[6]: 12 ----> 21
[6]: 12 ----> 22
[6]: 12 ----> 26
[6]: 12 ----> 27
[6]: 13 ----> 24
[6]: 13 ----> 25
[6]: 14 ----> 16
[6]: 14 ----> 25
[6]: 14 ----> 27
[6]: 14 ----> 28
[6]: 15 ----> 0
[6]: 15 ----> 3
[6]: 16 ----> 0
[6]: 16 ----> 5
[6]: 17 ----> 1
[6]: 18 ----> 2
[6]: 19 ----> 1
[6]: 19 ----> 2
[6]: 20 ----> 3
[6]: 21 ----> 2
[6]: 21 ----> 4
[6]: 22 ----> 3
[6]: 22 ----> 4
[6]: 23 ----> 4
[6]: 24 ----> 5
[6]: 25 ----> 5
[6]: 26 ----> 1
[6]: 26 ----> 6
[6]: 27 ----> 0
[6]: 27 ----> 6
[6]: 28 ----> 6
[7] Max support size: 6
[7]: 7 ----> 16
[7]: 7 ----> 17
[7]: 7 ----> 26
[7]: 7 ----> 28
[7]: 8 ----> 19
[7]: 8 ----> 22
[7]: 8 ----> 24
[7]: 9 ----> 15
[7]: 9 ----> 17
[7]: 9 ----> 18
[7]: 10 ----> 18
[7]: 10 ----> 19
[7]: 10 ----> 20
[7]: 11 ----> 21
[7]: 11 ----> 25
[7]: 11 ----> 27
[7]: 11 ----> 28
[7]: 12 ----> 21
[7]: 12 ----> 23
[7]: 12 ----> 24
[7]: 13 ----> 15
[7]: 13 ----> 16
[7]: 13 ----> 20
[7]: 13 ----> 22
[7]: 13 ----> 23
[7]: 13 ----> 27
[7]: 14 ----> 25
[7]: 14 ----> 26
[7]: 15 ----> 0
[7]: 15 ----> 1
[7]: 16 ----> 0
[7]: 16 ----> 6
[7]: 17 ----> 0
[7]: 18 ----> 1
[7]: 19 ----> 2
[7]: 20 ----> 1
[7]: 20 ----> 2
[7]: 21 ----> 3
[7]: 22 ----> 2
[7]: 22 ----> 4
[7]: 23 ----> 3
[7]: 23 ----> 4
[7]: 24 ----> 4
[7]: 25 ----> 5
[7]: 26 ----> 5
[7]: 27 ----> 3
[7]: 27 ----> 6
[7]: 28 ----> 5
[7]: 28 ----> 6
Cones:
[0] Max cone size: 3
[0]: 0 <---- 10 (0)
[0]: 0 <---- 13 (0)
[0]: 0 <---- 11 (0)
[0]: 1 <---- 18 (0)
[0]: 1 <---- 12 (0)
[0]: 1 <---- 14 (0)
[0]: 2 <---- 13 (-2)
[0]: 2 <---- 15 (0)
[0]: 2 <---- 14 (-2)
[0]: 3 <---- 16 (-2)
[0]: 3 <---- 15 (-2)
[0]: 3 <---- 17 (0)
[0]: 10 <---- 4 (0)
[0]: 10 <---- 5 (0)
[0]: 11 <---- 7 (0)
[0]: 11 <---- 4 (0)
[0]: 12 <---- 6 (0)
[0]: 12 <---- 7 (0)
[0]: 13 <---- 5 (0)
[0]: 13 <---- 7 (0)
[0]: 14 <---- 7 (0)
[0]: 14 <---- 9 (0)
[0]: 15 <---- 5 (0)
[0]: 15 <---- 9 (0)
[0]: 16 <---- 9 (0)
[0]: 16 <---- 8 (0)
[0]: 17 <---- 5 (0)
[0]: 17 <---- 8 (0)
[0]: 18 <---- 9 (0)
[0]: 18 <---- 6 (0)
[1] Max cone size: 3
[1]: 0 <---- 26 (0)
[1]: 0 <---- 15 (0)
[1]: 0 <---- 19 (0)
[1]: 1 <---- 16 (0)
[1]: 1 <---- 18 (0)
[1]: 1 <---- 17 (0)
[1]: 2 <---- 18 (-2)
[1]: 2 <---- 21 (0)
[1]: 2 <---- 19 (-2)
[1]: 3 <---- 22 (0)
[1]: 3 <---- 20 (0)
[1]: 3 <---- 24 (0)
[1]: 4 <---- 22 (-2)
[1]: 4 <---- 21 (-2)
[1]: 4 <---- 23 (0)
[1]: 5 <---- 25 (-2)
[1]: 5 <---- 27 (0)
[1]: 5 <---- 24 (-2)
[1]: 6 <---- 27 (-2)
[1]: 6 <---- 28 (0)
[1]: 6 <---- 26 (-2)
[1]: 15 <---- 7 (0)
[1]: 15 <---- 10 (0)
[1]: 16 <---- 8 (0)
[1]: 16 <---- 9 (0)
[1]: 17 <---- 10 (0)
[1]: 17 <---- 8 (0)
[1]: 18 <---- 9 (0)
[1]: 18 <---- 10 (0)
[1]: 19 <---- 10 (0)
[1]: 19 <---- 13 (0)
[1]: 20 <---- 12 (0)
[1]: 20 <---- 11 (0)
[1]: 21 <---- 9 (0)
[1]: 21 <---- 13 (0)
[1]: 22 <---- 13 (0)
[1]: 22 <---- 12 (0)
[1]: 23 <---- 9 (0)
[1]: 23 <---- 12 (0)
[1]: 24 <---- 11 (0)
[1]: 24 <---- 13 (0)
[1]: 25 <---- 14 (0)
[1]: 25 <---- 11 (0)
[1]: 26 <---- 13 (0)
[1]: 26 <---- 7 (0)
[1]: 27 <---- 14 (0)
[1]: 27 <---- 13 (0)
[1]: 28 <---- 14 (0)
[1]: 28 <---- 7 (0)
[2] Max cone size: 3
[2]: 0 <---- 15 (-2)
[2]: 0 <---- 21 (0)
[2]: 0 <---- 16 (-2)
[2]: 1 <---- 17 (0)
[2]: 1 <---- 15 (0)
[2]: 1 <---- 18 (0)
[2]: 2 <---- 26 (0)
[2]: 2 <---- 19 (0)
[2]: 2 <---- 16 (0)
[2]: 3 <---- 22 (0)
[2]: 3 <---- 20 (0)
[2]: 3 <---- 24 (0)
[2]: 4 <---- 22 (-2)
[2]: 4 <---- 21 (-2)
[2]: 4 <---- 23 (0)
[2]: 5 <---- 25 (-2)
[2]: 5 <---- 27 (0)
[2]: 5 <---- 24 (-2)
[2]: 6 <---- 27 (-2)
[2]: 6 <---- 28 (0)
[2]: 6 <---- 26 (-2)
[2]: 15 <---- 9 (0)
[2]: 15 <---- 7 (0)
[2]: 16 <---- 7 (0)
[2]: 16 <---- 13 (0)
[2]: 17 <---- 8 (0)
[2]: 17 <---- 9 (0)
[2]: 18 <---- 7 (0)
[2]: 18 <---- 8 (0)
[2]: 19 <---- 10 (0)
[2]: 19 <---- 7 (0)
[2]: 20 <---- 12 (0)
[2]: 20 <---- 11 (0)
[2]: 21 <---- 9 (0)
[2]: 21 <---- 13 (0)
[2]: 22 <---- 13 (0)
[2]: 22 <---- 12 (0)
[2]: 23 <---- 9 (0)
[2]: 23 <---- 12 (0)
[2]: 24 <---- 11 (0)
[2]: 24 <---- 13 (0)
[2]: 25 <---- 14 (0)
[2]: 25 <---- 11 (0)
[2]: 26 <---- 13 (0)
[2]: 26 <---- 10 (0)
[2]: 27 <---- 14 (0)
[2]: 27 <---- 13 (0)
[2]: 28 <---- 14 (0)
[2]: 28 <---- 10 (0)
[3] Max cone size: 3
[3]: 0 <---- 20 (0)
[3]: 0 <---- 15 (0)
[3]: 0 <---- 24 (0)
[3]: 1 <---- 26 (0)
[3]: 1 <---- 16 (0)
[3]: 1 <---- 18 (0)
[3]: 2 <---- 17 (-2)
[3]: 2 <---- 19 (0)
[3]: 2 <---- 18 (-2)
[3]: 3 <---- 20 (-2)
[3]: 3 <---- 19 (-2)
[3]: 3 <---- 21 (0)
[3]: 4 <---- 25 (0)
[3]: 4 <---- 22 (0)
[3]: 4 <---- 23 (0)
[3]: 5 <---- 25 (-2)
[3]: 5 <---- 27 (0)
[3]: 5 <---- 24 (-2)
[3]: 6 <---- 27 (-2)
[3]: 6 <---- 28 (0)
[3]: 6 <---- 26 (-2)
[3]: 15 <---- 11 (0)
[3]: 15 <---- 7 (0)
[3]: 16 <---- 9 (0)
[3]: 16 <---- 10 (0)
[3]: 17 <---- 8 (0)
[3]: 17 <---- 10 (0)
[3]: 18 <---- 10 (0)
[3]: 18 <---- 12 (0)
[3]: 19 <---- 8 (0)
[3]: 19 <---- 12 (0)
[3]: 20 <---- 12 (0)
[3]: 20 <---- 11 (0)
[3]: 21 <---- 8 (0)
[3]: 21 <---- 11 (0)
[3]: 22 <---- 7 (0)
[3]: 22 <---- 13 (0)
[3]: 23 <---- 13 (0)
[3]: 23 <---- 14 (0)
[3]: 24 <---- 7 (0)
[3]: 24 <---- 12 (0)
[3]: 25 <---- 14 (0)
[3]: 25 <---- 7 (0)
[3]: 26 <---- 12 (0)
[3]: 26 <---- 9 (0)
[3]: 27 <---- 14 (0)
[3]: 27 <---- 12 (0)
[3]: 28 <---- 14 (0)
[3]: 28 <---- 9 (0)
[4] Max cone size: 3
[4]: 0 <---- 16 (-2)
[4]: 0 <---- 15 (-2)
[4]: 0 <---- 17 (0)
[4]: 1 <---- 18 (0)
[4]: 1 <---- 21 (0)
[4]: 1 <---- 19 (0)
[4]: 2 <---- 26 (0)
[4]: 2 <---- 20 (0)
[4]: 2 <---- 22 (0)
[4]: 3 <---- 21 (-2)
[4]: 3 <---- 15 (0)
[4]: 3 <---- 22 (-2)
[4]: 4 <---- 16 (0)
[4]: 4 <---- 23 (0)
[4]: 4 <---- 24 (0)
[4]: 5 <---- 25 (-2)
[4]: 5 <---- 27 (0)
[4]: 5 <---- 24 (-2)
[4]: 6 <---- 27 (-2)
[4]: 6 <---- 28 (0)
[4]: 6 <---- 26 (-2)
[4]: 15 <---- 10 (0)
[4]: 15 <---- 8 (0)
[4]: 16 <---- 8 (0)
[4]: 16 <---- 7 (0)
[4]: 17 <---- 10 (0)
[4]: 17 <---- 7 (0)
[4]: 18 <---- 9 (0)
[4]: 18 <---- 10 (0)
[4]: 19 <---- 12 (0)
[4]: 19 <---- 9 (0)
[4]: 20 <---- 11 (0)
[4]: 20 <---- 12 (0)
[4]: 21 <---- 10 (0)
[4]: 21 <---- 12 (0)
[4]: 22 <---- 12 (0)
[4]: 22 <---- 8 (0)
[4]: 23 <---- 7 (0)
[4]: 23 <---- 13 (0)
[4]: 24 <---- 13 (0)
[4]: 24 <---- 8 (0)
[4]: 25 <---- 14 (0)
[4]: 25 <---- 13 (0)
[4]: 26 <---- 8 (0)
[4]: 26 <---- 11 (0)
[4]: 27 <---- 14 (0)
[4]: 27 <---- 8 (0)
[4]: 28 <---- 14 (0)
[4]: 28 <---- 11 (0)
[5] Max cone size: 3
[5]: 0 <---- 15 (0)
[5]: 0 <---- 10 (0)
[5]: 0 <---- 11 (0)
[5]: 1 <---- 13 (0)
[5]: 1 <---- 12 (0)
[5]: 1 <---- 14 (0)
[5]: 2 <---- 15 (-2)
[5]: 2 <---- 17 (0)
[5]: 2 <---- 14 (-2)
[5]: 3 <---- 17 (-2)
[5]: 3 <---- 18 (0)
[5]: 3 <---- 16 (-2)
[5]: 10 <---- 6 (0)
[5]: 10 <---- 4 (0)
[5]: 11 <---- 4 (0)
[5]: 11 <---- 9 (0)
[5]: 12 <---- 7 (0)
[5]: 12 <---- 6 (0)
[5]: 13 <---- 8 (0)
[5]: 13 <---- 7 (0)
[5]: 14 <---- 6 (0)
[5]: 14 <---- 8 (0)
[5]: 15 <---- 9 (0)
[5]: 15 <---- 6 (0)
[5]: 16 <---- 8 (0)
[5]: 16 <---- 5 (0)
[5]: 17 <---- 9 (0)
[5]: 17 <---- 8 (0)
[5]: 18 <---- 9 (0)
[5]: 18 <---- 5 (0)
[6] Max cone size: 3
[6]: 0 <---- 16 (-2)
[6]: 0 <---- 27 (0)
[6]: 0 <---- 15 (-2)
[6]: 1 <---- 26 (0)
[6]: 1 <---- 17 (0)
[6]: 1 <---- 19 (0)
[6]: 2 <---- 18 (-2)
[6]: 2 <---- 21 (0)
[6]: 2 <---- 19 (-2)
[6]: 3 <---- 22 (0)
[6]: 3 <---- 20 (0)
[6]: 3 <---- 15 (0)
[6]: 4 <---- 22 (-2)
[6]: 4 <---- 21 (-2)
[6]: 4 <---- 23 (0)
[6]: 5 <---- 16 (0)
[6]: 5 <---- 24 (0)
[6]: 5 <---- 25 (0)
[6]: 6 <---- 27 (-2)
[6]: 6 <---- 28 (0)
[6]: 6 <---- 26 (-2)
[6]: 15 <---- 10 (0)
[6]: 15 <---- 12 (0)
[6]: 16 <---- 14 (0)
[6]: 16 <---- 10 (0)
[6]: 17 <---- 8 (0)
[6]: 17 <---- 9 (0)
[6]: 18 <---- 7 (0)
[6]: 18 <---- 9 (0)
[6]: 19 <---- 9 (0)
[6]: 19 <---- 12 (0)
[6]: 20 <---- 11 (0)
[6]: 20 <---- 10 (0)
[6]: 21 <---- 7 (0)
[6]: 21 <---- 12 (0)
[6]: 22 <---- 12 (0)
[6]: 22 <---- 11 (0)
[6]: 23 <---- 7 (0)
[6]: 23 <---- 11 (0)
[6]: 24 <---- 10 (0)
[6]: 24 <---- 13 (0)
[6]: 25 <---- 13 (0)
[6]: 25 <---- 14 (0)
[6]: 26 <---- 12 (0)
[6]: 26 <---- 8 (0)
[6]: 27 <---- 14 (0)
[6]: 27 <---- 12 (0)
[6]: 28 <---- 14 (0)
[6]: 28 <---- 8 (0)
[7] Max cone size: 3
[7]: 0 <---- 16 (-2)
[7]: 0 <---- 17 (0)
[7]: 0 <---- 15 (-2)
[7]: 1 <---- 15 (0)
[7]: 1 <---- 18 (0)
[7]: 1 <---- 20 (0)
[7]: 2 <---- 19 (-2)
[7]: 2 <---- 22 (0)
[7]: 2 <---- 20 (-2)
[7]: 3 <---- 23 (0)
[7]: 3 <---- 21 (0)
[7]: 3 <---- 27 (0)
[7]: 4 <---- 23 (-2)
[7]: 4 <---- 22 (-2)
[7]: 4 <---- 24 (0)
[7]: 5 <---- 28 (0)
[7]: 5 <---- 25 (0)
[7]: 5 <---- 26 (0)
[7]: 6 <---- 28 (-2)
[7]: 6 <---- 16 (0)
[7]: 6 <---- 27 (-2)
[7]: 15 <---- 13 (0)
[7]: 15 <---- 9 (0)
[7]: 16 <---- 7 (0)
[7]: 16 <---- 13 (0)
[7]: 17 <---- 7 (0)
[7]: 17 <---- 9 (0)
[7]: 18 <---- 9 (0)
[7]: 18 <---- 10 (0)
[7]: 19 <---- 8 (0)
[7]: 19 <---- 10 (0)
[7]: 20 <---- 10 (0)
[7]: 20 <---- 13 (0)
[7]: 21 <---- 12 (0)
[7]: 21 <---- 11 (0)
[7]: 22 <---- 8 (0)
[7]: 22 <---- 13 (0)
[7]: 23 <---- 13 (0)
[7]: 23 <---- 12 (0)
[7]: 24 <---- 8 (0)
[7]: 24 <---- 12 (0)
[7]: 25 <---- 11 (0)
[7]: 25 <---- 14 (0)
[7]: 26 <---- 14 (0)
[7]: 26 <---- 7 (0)
[7]: 27 <---- 11 (0)
[7]: 27 <---- 13 (0)
[7]: 28 <---- 7 (0)
[7]: 28 <---- 11 (0)
coordinates with 1 fields
  field 0 with 2 components
Process 0:
  (   4) dim  2 offset   0 0. 0.
  (   5) dim  2 offset   2 0.5 0.
  (   6) dim  2 offset   4 0. 1.
  (   7) dim  2 offset   6 0. 0.5
  (   8) dim  2 offset   8 1. 0.
  (   9) dim  2 offset  10 0.5 0.5
Process 1:
  (   7) dim  2 offset   0 0. 1.
  (   8) dim  2 offset   2 0. 0.
  (   9) dim  2 offset   4 0.5 0.
  (  10) dim  2 offset   6 0. 0.5
  (  11) dim  2 offset   8 1. 0.5
  (  12) dim  2 offset  10 1. 0.
  (  13) dim  2 offset  12 0.5 0.5
  (  14) dim  2 offset  14 0.5 1.
Process 2:
  (   7) dim  2 offset   0 0. 0.5
  (   8) dim  2 offset   2 0. 0.
  (   9) dim  2 offset   4 0.5 0.
  (  10) dim  2 offset   6 0. 1.
  (  11) dim  2 offset   8 1. 0.5
  (  12) dim  2 offset  10 1. 0.
  (  13) dim  2 offset  12 0.5 0.5
  (  14) dim  2 offset  14 0.5 1.
Process 3:
  (   7) dim  2 offset   0 1. 0.5
  (   8) dim  2 offset   2 0.5 0.
  (   9) dim  2 offset   4 0. 1.
  (  10) dim  2 offset   6 0. 0.5
  (  11) dim  2 offset   8 1. 0.
  (  12) dim  2 offset  10 0.5 0.5
  (  13) dim  2 offset  12 1. 1.
  (  14) dim  2 offset  14 0.5 1.
Process 4:
  (   7) dim  2 offset   0 1. 0.
  (   8) dim  2 offset   2 0.5 0.5
  (   9) dim  2 offset   4 0. 0.
  (  10) dim  2 offset   6 0.5 0.
  (  11) dim  2 offset   8 0. 1.
  (  12) dim  2 offset  10 0. 0.5
  (  13) dim  2 offset  12 1. 0.5
  (  14) dim  2 offset  14 0.5 1.
Process 5:
  (   4) dim  2 offset   0 1. 1.
  (   5) dim  2 offset   2 0. 1.
  (   6) dim  2 offset   4 1. 0.5
  (   7) dim  2 offset   6 1. 0.
  (   8) dim  2 offset   8 0.5 0.5
  (   9) dim  2 offset  10 0.5 1.
Process 6:
  (   7) dim  2 offset   0 0.5 0.
  (   8) dim  2 offset   2 0. 1.
  (   9) dim  2 offset   4 0. 0.5
  (  10) dim  2 offset   6 1. 0.5
  (  11) dim  2 offset   8 1. 0.
  (  12) dim  2 offset  10 0.5 0.5
  (  13) dim  2 offset  12 1. 1.
  (  14) dim  2 offset  14 0.5 1.
Process 7:
  (   7) dim  2 offset   0 0.5 1.
  (   8) dim  2 offset   2 0.5 0.
  (   9) dim  2 offset   4 0. 1.
  (  10) dim  2 offset   6 0. 0.5
  (  11) dim  2 offset   8 1. 0.5
  (  12) dim  2 offset  10 1. 0.
  (  13) dim  2 offset  12 0.5 0.5
  (  14) dim  2 offset  14 1. 1.
Label 'marker':
[0]: 4 (1)
[0]: 5 (1)
[0]: 6 (1)
[0]: 7 (1)
[0]: 8 (1)
[0]: 10 (1)
[0]: 11 (1)
[0]: 12 (1)
[0]: 17 (1)
[1]: 7 (1)
[1]: 8 (1)
[1]: 9 (1)
[1]: 10 (1)
[1]: 11 (1)
[1]: 12 (1)
[1]: 14 (1)
[1]: 15 (1)
[1]: 16 (1)
[1]: 17 (1)
[1]: 20 (1)
[1]: 23 (1)
[1]: 28 (1)
[2]: 7 (1)
[2]: 8 (1)
[2]: 9 (1)
[2]: 10 (1)
[2]: 11 (1)
[2]: 12 (1)
[2]: 14 (1)
[2]: 17 (1)
[2]: 18 (1)
[2]: 19 (1)
[2]: 20 (1)
[2]: 23 (1)
[2]: 28 (1)
[3]: 7 (1)
[3]: 8 (1)
[3]: 9 (1)
[3]: 10 (1)
[3]: 11 (1)
[3]: 13 (1)
[3]: 14 (1)
[3]: 15 (1)
[3]: 16 (1)
[3]: 21 (1)
[3]: 22 (1)
[3]: 23 (1)
[3]: 28 (1)
[4]: 7 (1)
[4]: 9 (1)
[4]: 10 (1)
[4]: 11 (1)
[4]: 12 (1)
[4]: 13 (1)
[4]: 14 (1)
[4]: 17 (1)
[4]: 18 (1)
[4]: 19 (1)
[4]: 20 (1)
[4]: 23 (1)
[4]: 28 (1)
[5]: 4 (1)
[5]: 5 (1)
[5]: 6 (1)
[5]: 7 (1)
[5]: 9 (1)
[5]: 10 (1)
[5]: 11 (1)
[5]: 12 (1)
[5]: 18 (1)
[6]: 7 (1)
[6]: 8 (1)
[6]: 9 (1)
[6]: 10 (1)
[6]: 11 (1)
[6]: 13 (1)
[6]: 14 (1)
[6]: 17 (1)
[6]: 20 (1)
[6]: 23 (1)
[6]: 24 (1)
[6]: 25 (1)
[6]: 28 (1)
[7]: 7 (1)
[7]: 8 (1)
[7]: 9 (1)
[7]: 10 (1)
[7]: 11 (1)
[7]: 12 (1)
[7]: 14 (1)
[7]: 17 (1)
[7]: 18 (1)
[7]: 21 (1)
[7]: 24 (1)
[7]: 25 (1)
[7]: 26 (1)
PetscSF Object: 8 MPI processes
  type: basic
    sort=rank-order
  [0] Number of roots=19, leaves=14, remote ranks=4
  [0] 1 <- (1,0)
  [0] 2 <- (2,0)
  [0] 3 <- (4,0)
  [0] 6 <- (1,7)
  [0] 7 <- (2,7)
  [0] 8 <- (4,7)
  [0] 9 <- (4,8)
  [0] 12 <- (1,15)
  [0] 13 <- (2,15)
  [0] 14 <- (2,16)
  [0] 15 <- (4,15)
  [0] 16 <- (4,16)
  [0] 17 <- (4,17)
  [0] 18 <- (7,15)
  [1] Number of roots=29, leaves=26, remote ranks=6
  [1] 1 <- (0,0)
  [1] 2 <- (2,0)
  [1] 3 <- (3,0)
  [1] 4 <- (4,0)
  [1] 5 <- (6,0)
  [1] 6 <- (7,0)
  [1] 8 <- (0,4)
  [1] 9 <- (0,5)
  [1] 10 <- (2,7)
  [1] 11 <- (3,7)
  [1] 12 <- (4,7)
  [1] 13 <- (4,8)
  [1] 14 <- (7,7)
  [1] 16 <- (0,10)
  [1] 17 <- (0,11)
  [1] 18 <- (2,15)
  [1] 19 <- (2,16)
  [1] 20 <- (3,15)
  [1] 21 <- (4,15)
  [1] 22 <- (4,16)
  [1] 23 <- (4,17)
  [1] 24 <- (6,15)
  [1] 25 <- (6,16)
  [1] 26 <- (7,15)
  [1] 27 <- (7,16)
  [1] 28 <- (7,17)
  [2] Number of roots=29, leaves=25, remote ranks=6
  [2] 1 <- (0,0)
  [2] 2 <- (1,0)
  [2] 3 <- (3,0)
  [2] 4 <- (4,0)
  [2] 5 <- (6,0)
  [2] 6 <- (7,0)
  [2] 8 <- (0,4)
  [2] 9 <- (0,5)
  [2] 10 <- (1,7)
  [2] 11 <- (3,7)
  [2] 12 <- (4,7)
  [2] 13 <- (4,8)
  [2] 14 <- (7,7)
  [2] 17 <- (0,10)
  [2] 18 <- (0,11)
  [2] 19 <- (1,15)
  [2] 20 <- (3,15)
  [2] 21 <- (4,15)
  [2] 22 <- (4,16)
  [2] 23 <- (4,17)
  [2] 24 <- (6,15)
  [2] 25 <- (6,16)
  [2] 26 <- (7,15)
  [2] 27 <- (7,16)
  [2] 28 <- (7,17)
  [3] Number of roots=29, leaves=26, remote ranks=7
  [3] 1 <- (1,0)
  [3] 2 <- (2,0)
  [3] 3 <- (4,0)
  [3] 4 <- (5,0)
  [3] 5 <- (6,0)
  [3] 6 <- (7,0)
  [3] 8 <- (0,5)
  [3] 9 <- (1,7)
  [3] 10 <- (2,7)
  [3] 11 <- (4,7)
  [3] 12 <- (4,8)
  [3] 13 <- (5,4)
  [3] 14 <- (7,7)
  [3] 16 <- (1,15)
  [3] 17 <- (2,15)
  [3] 18 <- (2,16)
  [3] 19 <- (4,15)
  [3] 20 <- (4,16)
  [3] 21 <- (4,17)
  [3] 22 <- (5,10)
  [3] 23 <- (5,11)
  [3] 24 <- (6,15)
  [3] 25 <- (6,16)
  [3] 26 <- (7,15)
  [3] 27 <- (7,16)
  [3] 28 <- (7,17)
  [4] Number of roots=29, leaves=23, remote ranks=6
  [4] 1 <- (0,0)
  [4] 2 <- (1,0)
  [4] 3 <- (2,0)
  [4] 4 <- (3,0)
  [4] 5 <- (6,0)
  [4] 6 <- (7,0)
  [4] 9 <- (0,4)
  [4] 10 <- (0,5)
  [4] 11 <- (1,7)
  [4] 12 <- (2,7)
  [4] 13 <- (3,7)
  [4] 14 <- (7,7)
  [4] 18 <- (0,10)
  [4] 19 <- (0,11)
  [4] 20 <- (1,15)
  [4] 21 <- (2,15)
  [4] 22 <- (2,16)
  [4] 23 <- (3,15)
  [4] 24 <- (6,15)
  [4] 25 <- (6,16)
  [4] 26 <- (7,15)
  [4] 27 <- (7,16)
  [4] 28 <- (7,17)
  [5] Number of roots=19, leaves=15, remote ranks=5
  [5] 1 <- (3,0)
  [5] 2 <- (6,0)
  [5] 3 <- (7,0)
  [5] 5 <- (1,7)
  [5] 6 <- (3,7)
  [5] 7 <- (4,7)
  [5] 8 <- (4,8)
  [5] 9 <- (7,7)
  [5] 12 <- (3,15)
  [5] 13 <- (4,16)
  [5] 14 <- (6,15)
  [5] 15 <- (6,16)
  [5] 16 <- (7,15)
  [5] 17 <- (7,16)
  [5] 18 <- (7,17)
  [6] Number of roots=29, leaves=26, remote ranks=7
  [6] 1 <- (1,0)
  [6] 2 <- (2,0)
  [6] 3 <- (3,0)
  [6] 4 <- (4,0)
  [6] 5 <- (5,0)
  [6] 6 <- (7,0)
  [6] 7 <- (0,5)
  [6] 8 <- (1,7)
  [6] 9 <- (2,7)
  [6] 10 <- (3,7)
  [6] 11 <- (4,7)
  [6] 12 <- (4,8)
  [6] 13 <- (5,4)
  [6] 14 <- (7,7)
  [6] 17 <- (1,15)
  [6] 18 <- (2,15)
  [6] 19 <- (2,16)
  [6] 20 <- (3,15)
  [6] 21 <- (4,15)
  [6] 22 <- (4,16)
  [6] 23 <- (4,17)
  [6] 24 <- (5,10)
  [6] 25 <- (5,11)
  [6] 26 <- (7,15)
  [6] 27 <- (7,16)
  [6] 28 <- (7,17)
  [7] Number of roots=29, leaves=24, remote ranks=7
  [7] 1 <- (1,0)
  [7] 2 <- (2,0)
  [7] 3 <- (3,0)
  [7] 4 <- (4,0)
  [7] 5 <- (5,0)
  [7] 6 <- (6,0)
  [7] 8 <- (0,5)
  [7] 9 <- (1,7)
  [7] 10 <- (2,7)
  [7] 11 <- (3,7)
  [7] 12 <- (4,7)
  [7] 13 <- (4,8)
  [7] 14 <- (5,4)
  [7] 18 <- (1,15)
  [7] 19 <- (2,15)
  [7] 20 <- (2,16)
  [7] 21 <- (3,15)
  [7] 22 <- (4,15)
  [7] 23 <- (4,16)
  [7] 24 <- (4,17)
  [7] 25 <- (5,10)
  [7] 26 <- (5,11)
  [7] 27 <- (6,15)
  [7] 28 <- (6,16)
  [0] Roots referenced by my leaves, by rank
  [0] 1: 3 edges
  [0]    1 <- 0
  [0]    6 <- 7
  [0]    12 <- 15
  [0] 2: 4 edges
  [0]    2 <- 0
  [0]    7 <- 7
  [0]    13 <- 15
  [0]    14 <- 16
  [0] 4: 6 edges
  [0]    3 <- 0
  [0]    8 <- 7
  [0]    9 <- 8
  [0]    15 <- 15
  [0]    16 <- 16
  [0]    17 <- 17
  [0] 7: 1 edges
  [0]    18 <- 15
  [1] Roots referenced by my leaves, by rank
  [1] 0: 5 edges
  [1]    1 <- 0
  [1]    8 <- 4
  [1]    9 <- 5
  [1]    16 <- 10
  [1]    17 <- 11
  [1] 2: 4 edges
  [1]    2 <- 0
  [1]    10 <- 7
  [1]    18 <- 15
  [1]    19 <- 16
  [1] 3: 3 edges
  [1]    3 <- 0
  [1]    11 <- 7
  [1]    20 <- 15
  [1] 4: 6 edges
  [1]    4 <- 0
  [1]    12 <- 7
  [1]    13 <- 8
  [1]    21 <- 15
  [1]    22 <- 16
  [1]    23 <- 17
  [1] 6: 3 edges
  [1]    5 <- 0
  [1]    24 <- 15
  [1]    25 <- 16
  [1] 7: 5 edges
  [1]    6 <- 0
  [1]    14 <- 7
  [1]    26 <- 15
  [1]    27 <- 16
  [1]    28 <- 17
  [2] Roots referenced by my leaves, by rank
  [2] 0: 5 edges
  [2]    1 <- 0
  [2]    8 <- 4
  [2]    9 <- 5
  [2]    17 <- 10
  [2]    18 <- 11
  [2] 1: 3 edges
  [2]    2 <- 0
  [2]    10 <- 7
  [2]    19 <- 15
  [2] 3: 3 edges
  [2]    3 <- 0
  [2]    11 <- 7
  [2]    20 <- 15
  [2] 4: 6 edges
  [2]    4 <- 0
  [2]    12 <- 7
  [2]    13 <- 8
  [2]    21 <- 15
  [2]    22 <- 16
  [2]    23 <- 17
  [2] 6: 3 edges
  [2]    5 <- 0
  [2]    24 <- 15
  [2]    25 <- 16
  [2] 7: 5 edges
  [2]    6 <- 0
  [2]    14 <- 7
  [2]    26 <- 15
  [2]    27 <- 16
  [2]    28 <- 17
  [3] Roots referenced by my leaves, by rank
  [3] 0: 1 edges
  [3]    8 <- 5
  [3] 1: 3 edges
  [3]    1 <- 0
  [3]    9 <- 7
  [3]    16 <- 15
  [3] 2: 4 edges
  [3]    2 <- 0
  [3]    10 <- 7
  [3]    17 <- 15
  [3]    18 <- 16
  [3] 4: 6 edges
  [3]    3 <- 0
  [3]    11 <- 7
  [3]    12 <- 8
  [3]    19 <- 15
  [3]    20 <- 16
  [3]    21 <- 17
  [3] 5: 4 edges
  [3]    4 <- 0
  [3]    13 <- 4
  [3]    22 <- 10
  [3]    23 <- 11
  [3] 6: 3 edges
  [3]    5 <- 0
  [3]    24 <- 15
  [3]    25 <- 16
  [3] 7: 5 edges
  [3]    6 <- 0
  [3]    14 <- 7
  [3]    26 <- 15
  [3]    27 <- 16
  [3]    28 <- 17
  [4] Roots referenced by my leaves, by rank
  [4] 0: 5 edges
  [4]    1 <- 0
  [4]    9 <- 4
  [4]    10 <- 5
  [4]    18 <- 10
  [4]    19 <- 11
  [4] 1: 3 edges
  [4]    2 <- 0
  [4]    11 <- 7
  [4]    20 <- 15
  [4] 2: 4 edges
  [4]    3 <- 0
  [4]    12 <- 7
  [4]    21 <- 15
  [4]    22 <- 16
  [4] 3: 3 edges
  [4]    4 <- 0
  [4]    13 <- 7
  [4]    23 <- 15
  [4] 6: 3 edges
  [4]    5 <- 0
  [4]    24 <- 15
  [4]    25 <- 16
  [4] 7: 5 edges
  [4]    6 <- 0
  [4]    14 <- 7
  [4]    26 <- 15
  [4]    27 <- 16
  [4]    28 <- 17
  [5] Roots referenced by my leaves, by rank
  [5] 1: 1 edges
  [5]    5 <- 7
  [5] 3: 3 edges
  [5]    1 <- 0
  [5]    6 <- 7
  [5]    12 <- 15
  [5] 4: 3 edges
  [5]    7 <- 7
  [5]    8 <- 8
  [5]    13 <- 16
  [5] 6: 3 edges
  [5]    2 <- 0
  [5]    14 <- 15
  [5]    15 <- 16
  [5] 7: 5 edges
  [5]    3 <- 0
  [5]    9 <- 7
  [5]    16 <- 15
  [5]    17 <- 16
  [5]    18 <- 17
  [6] Roots referenced by my leaves, by rank
  [6] 0: 1 edges
  [6]    7 <- 5
  [6] 1: 3 edges
  [6]    1 <- 0
  [6]    8 <- 7
  [6]    17 <- 15
  [6] 2: 4 edges
  [6]    2 <- 0
  [6]    9 <- 7
  [6]    18 <- 15
  [6]    19 <- 16
  [6] 3: 3 edges
  [6]    3 <- 0
  [6]    10 <- 7
  [6]    20 <- 15
  [6] 4: 6 edges
  [6]    4 <- 0
  [6]    11 <- 7
  [6]    12 <- 8
  [6]    21 <- 15
  [6]    22 <- 16
  [6]    23 <- 17
  [6] 5: 4 edges
  [6]    5 <- 0
  [6]    13 <- 4
  [6]    24 <- 10
  [6]    25 <- 11
  [6] 7: 5 edges
  [6]    6 <- 0
  [6]    14 <- 7
  [6]    26 <- 15
  [6]    27 <- 16
  [6]    28 <- 17
  [7] Roots referenced by my leaves, by rank
  [7] 0: 1 edges
  [7]    8 <- 5
  [7] 1: 3 edges
  [7]    1 <- 0
  [7]    9 <- 7
  [7]    18 <- 15
  [7] 2: 4 edges
  [7]    2 <- 0
  [7]    10 <- 7
  [7]    19 <- 15
  [7]    20 <- 16
  [7] 3: 3 edges
  [7]    3 <- 0
  [7]    11 <- 7
  [7]    21 <- 15
  [7] 4: 6 edges
  [7]    4 <- 0
  [7]    12 <- 7
  [7]    13 <- 8
  [7]    22 <- 15
  [7]    23 <- 16
  [7]    24 <- 17
  [7] 5: 4 edges
  [7]    5 <- 0
  [7]    14 <- 4
  [7]    25 <- 10
  [7]    26 <- 11
  [7] 6: 3 edges
  [7]    6 <- 0
  [7]    27 <- 15
  [7]    28 <- 16
