PTScotch Graph Partitioner:
  using partitioning strategy DEFAULT
  using load imbalance ratio 0.1
PTScotch Graph Partitioner:
  using partitioning strategy DEFAULT
  using load imbalance ratio 0.1
PTScotch Graph Partitioner:
  using partitioning strategy DEFAULT
  using load imbalance ratio 0.1
PTScotch Graph Partitioner:
  using partitioning strategy DEFAULT
  using load imbalance ratio 0.1
