DM Object: Simplicial Mesh 4 MPI processes
  type: plex
Simplicial Mesh in 3 dimensions:
  0-cells: 244 276 272 252
  1-cells: 823 (183) 875 (207) 872 (204) 829 (189)
  2-cells: 876 (480) 897 (501) 897 (501) 876 (480)
  3-cells: 297 (297) 297 (297) 297 (297) 297 (297)
Labels:
  dim: 2 strata with value/size (1 (640), 2 (396))
  depth: 4 strata with value/size (0 (244), 1 (823), 2 (876), 3 (297))
