DM Object: Simplicial Mesh 2 MPI processes
  type: plex
Simplicial Mesh in 1 dimension:
Supports:
[0] Max support size: 2
[0]: 4 ----> 0
[0]: 5 ----> 1
[0]: 5 ----> 2
[0]: 6 ----> 3
[0]: 7 ----> 0
[0]: 7 ----> 1
[0]: 8 ----> 2
[0]: 8 ----> 3
[1] Max support size: 2
[1]: 4 ----> 0
[1]: 5 ----> 1
[1]: 5 ----> 2
[1]: 6 ----> 3
[1]: 7 ----> 0
[1]: 7 ----> 1
[1]: 8 ----> 2
[1]: 8 ----> 3
Cones:
[0] Max cone size: 2
[0]: 0 <---- 4 (0)
[0]: 0 <---- 7 (0)
[0]: 1 <---- 7 (0)
[0]: 1 <---- 5 (0)
[0]: 2 <---- 5 (0)
[0]: 2 <---- 8 (0)
[0]: 3 <---- 8 (0)
[0]: 3 <---- 6 (0)
[1] Max cone size: 2
[1]: 0 <---- 4 (0)
[1]: 0 <---- 7 (0)
[1]: 1 <---- 7 (0)
[1]: 1 <---- 5 (0)
[1]: 2 <---- 5 (0)
[1]: 2 <---- 8 (0)
[1]: 3 <---- 8 (0)
[1]: 3 <---- 6 (0)
coordinates with 1 fields
  field 0 with 1 components
Process 0:
  (   4) dim  1 offset   0 0.
  (   5) dim  1 offset   1 0.25
  (   6) dim  1 offset   2 0.5
  (   7) dim  1 offset   3 0.125
  (   8) dim  1 offset   4 0.375
Process 1:
  (   4) dim  1 offset   0 0.5
  (   5) dim  1 offset   1 0.75
  (   6) dim  1 offset   2 1.
  (   7) dim  1 offset   3 0.625
  (   8) dim  1 offset   4 0.875
Label 'marker':
[0]: 4 (1)
[1]: 6 (1)
PetscSF Object: 2 MPI processes
  type: basic
    sort=rank-order
  [0] Number of roots=9, leaves=1, remote ranks=1
  [0] 6 <- (1,4)
  [1] Number of roots=9, leaves=0, remote ranks=0
  [0] Roots referenced by my leaves, by rank
  [0] 1: 1 edges
  [0]    6 <- 4
  [1] Roots referenced by my leaves, by rank
