DM Object: Simplicial Mesh 4 MPI processes
  type: plex
Simplicial Mesh in 2 dimensions:
  0-cells: 61 69 68 63
  1-cells: 160 167 167 160
  2-cells: 99 99 99 99
Labels:
  Cell Sets: 1 strata with value/size (1 (99))
  depth: 3 strata with value/size (0 (61), 1 (160), 2 (99))
Mesh with 396 cells, shape condition numbers: min = 9.72788, max = 20.4571, mean = 13.4549, stddev = 2.59145
