DM Object: Simplicial Mesh 1 MPI processes
  type: plex
Simplicial Mesh in 3 dimensions:
  0-cells: 429
  1-cells: 1090
  2-cells: 914
  3-cells: 252
Labels:
  dim: 3 strata with value/size (3 (0), 2 (756), 1 (639))
  depth: 4 strata with value/size (0 (429), 1 (1090), 2 (914), 3 (252))
Mesh with 252 cells, shape condition numbers: min = 8.86936, max = 19.575, mean = 12.6699, stddev = 1.94973
