DM Object: Simplicial Mesh 1 MPI processes
  type: plex
Simplicial Mesh in 3 dimensions:
  0-cells: 56
  1-cells: 271
  2-cells: 376
  3-cells: 161
Labels:
  Face Sets: 8 strata with value/size (-1 (4), -8 (8), -7 (8), -2 (4), -3 (8), -6 (8), -4 (8), -5 (8))
  depth: 4 strata with value/size (0 (56), 1 (271), 2 (376), 3 (161))
