DM Object: Simplicial Mesh 1 MPI processes
  type: plex
Simplicial Mesh in 1 dimension:
Supports:
[0] Max support size: 2
[0]: 4 ----> 0
[0]: 5 ----> 3
[0]: 6 ----> 1
[0]: 6 ----> 2
[0]: 7 ----> 0
[0]: 7 ----> 1
[0]: 8 ----> 2
[0]: 8 ----> 3
Cones:
[0] Max cone size: 2
[0]: 0 <---- 4 (0)
[0]: 0 <---- 7 (0)
[0]: 1 <---- 7 (0)
[0]: 1 <---- 6 (0)
[0]: 2 <---- 6 (0)
[0]: 2 <---- 8 (0)
[0]: 3 <---- 8 (0)
[0]: 3 <---- 5 (0)
coordinates with 1 fields
  field 0 with 1 components
Process 0:
  (   4) dim  1 offset   0 0.
  (   5) dim  1 offset   1 1.
  (   6) dim  1 offset   2 0.5
  (   7) dim  1 offset   3 0.25
  (   8) dim  1 offset   4 0.75
Label 'marker':
[0]: 4 (1)
[0]: 5 (1)
