DM Object: Simplicial Mesh 1 MPI processes
  type: plex
Simplicial Mesh in 2 dimensions:
  0-cells: 250
  1-cells: 445
  2-cells: 196
Labels:
  Cell Sets: 1 strata with value/size (6 (196))
  Face Sets: 4 strata with value/size (2 (49), 3 (4), 4 (49), 5 (4))
  Vertex Sets: 1 strata with value/size (1 (1))
  depth: 3 strata with value/size (0 (250), 1 (445), 2 (196))
