DM Object: Hybrid Mesh 1 MPI processes
  type: plex
Hybrid Mesh in 2 dimensions:
Supports:
[0] Max support size: 6
[0]: 8 ----> 0
[0]: 9 ----> 1
[0]: 9 ----> 5
[0]: 10 ----> 2
[0]: 10 ----> 4
[0]: 11 ----> 6
[0]: 12 ----> 0
[0]: 12 ----> 1
[0]: 12 ----> 3
[0]: 13 ----> 1
[0]: 13 ----> 2
[0]: 13 ----> 3
[0]: 13 ----> 4
[0]: 13 ----> 5
[0]: 13 ----> 7
[0]: 14 ----> 0
[0]: 14 ----> 2
[0]: 14 ----> 3
[0]: 15 ----> 5
[0]: 15 ----> 6
[0]: 15 ----> 7
[0]: 16 ----> 4
[0]: 16 ----> 6
[0]: 16 ----> 7
Cones:
[0] Max cone size: 3
[0]: 0 <---- 8 (0)
[0]: 0 <---- 12 (0)
[0]: 0 <---- 14 (0)
[0]: 1 <---- 12 (0)
[0]: 1 <---- 9 (0)
[0]: 1 <---- 13 (0)
[0]: 2 <---- 14 (0)
[0]: 2 <---- 13 (0)
[0]: 2 <---- 10 (0)
[0]: 3 <---- 12 (0)
[0]: 3 <---- 13 (0)
[0]: 3 <---- 14 (0)
[0]: 4 <---- 10 (0)
[0]: 4 <---- 13 (0)
[0]: 4 <---- 16 (0)
[0]: 5 <---- 13 (0)
[0]: 5 <---- 9 (0)
[0]: 5 <---- 15 (0)
[0]: 6 <---- 16 (0)
[0]: 6 <---- 15 (0)
[0]: 6 <---- 11 (0)
[0]: 7 <---- 13 (0)
[0]: 7 <---- 15 (0)
[0]: 7 <---- 16 (0)
coordinates with 1 fields
  field 0 with 2 components
Process 0:
  (   8) dim  2 offset   0 -0.5 0.
  (   9) dim  2 offset   2 0. -0.5
  (  10) dim  2 offset   4 0. 0.5
  (  11) dim  2 offset   6 0.5 0.
  (  12) dim  2 offset   8 -0.25 -0.25
  (  13) dim  2 offset  10 0. 0.
  (  14) dim  2 offset  12 -0.25 0.25
  (  15) dim  2 offset  14 0.25 -0.25
  (  16) dim  2 offset  16 0.25 0.25
