DM Object: Parallel Mesh 2 MPI processes
  type: plex
Parallel Mesh in 2 dimensions:
  0-cells: 7 7
  1-cells: 8 9 (3)
  2-cells: 3 3 (2)
Labels:
  ghost: 1 strata with value/size (1 (3))
  vtk: 1 strata with value/size (1 (3))
  fault: 1 strata with value/size (1 (5))
  depth: 3 strata with value/size (0 (7), 1 (8), 2 (3))
DM Object: Hybrid Mesh 2 MPI processes
  type: plex
Hybrid Mesh in 2 dimensions:
  0-cells: 174 103
  1-cells: 316 182
  2-cells: 144 80
Labels:
  depth: 3 strata with value/size (0 (174), 1 (316), 2 (144))
