Label 'test label':
[0]: 0 (0)
[0]: 1 (1)
[0]: 2 (2)
[0]: 3 (3)
[0]: 4 (4)
[0]: 5 (5)
[0]: 6 (6)
[0]: 7 (7)
[0]: 8 (8)
[0]: 9 (9)
[0]: 10 (10)
[0]: 11 (11)
[0]: 12 (12)
[0]: 13 (13)
[0]: 14 (14)
[0]: 15 (15)
[0]: 16 (16)
[0]: 17 (17)
[0]: 18 (18)
[0]: 19 (19)
[0]: 20 (20)
[0]: 21 (21)
[0]: 22 (22)
[0]: 23 (23)
[0]: 24 (24)
[0]: 25 (25)
[0]: 26 (26)
[0]: 27 (27)
[0]: 28 (28)
[0]: 29 (29)
[0]: 30 (30)
[0]: 31 (31)
[0]: 32 (32)
[0]: 33 (33)
[0]: 34 (34)
[0]: 35 (35)
[0]: 36 (36)
[0]: 37 (37)
[0]: 38 (38)
[0]: 39 (39)
[0]: 40 (40)
[0]: 41 (41)
[0]: 42 (42)
[0]: 43 (43)
[0]: 44 (44)
[0]: 45 (45)
[0]: 46 (46)
[0]: 47 (47)
[0]: 48 (48)
[0]: 49 (49)
[0]: 50 (50)
[0]: 51 (51)
[0]: 52 (52)
[0]: 53 (53)
[0]: 54 (54)
[0]: 55 (55)
[0]: 56 (56)
[0]: 57 (57)
[0]: 58 (58)
[0]: 59 (59)
[0]: 60 (60)
[0]: 61 (61)
[0]: 62 (62)
[0]: 63 (63)
[0]: 64 (64)
[0]: 65 (65)
[0]: 66 (66)
[0]: 67 (67)
[0]: 68 (68)
[0]: 69 (69)
[0]: 70 (70)
[0]: 71 (71)
[0]: 72 (72)
[0]: 73 (73)
[0]: 74 (74)
[0]: 75 (75)
[0]: 76 (76)
[0]: 77 (77)
[0]: 78 (78)
[0]: 79 (79)
[0]: 80 (80)
[0]: 81 (81)
[0]: 82 (82)
[0]: 83 (83)
[0]: 84 (84)
[0]: 85 (85)
[0]: 86 (86)
[0]: 87 (87)
[0]: 88 (88)
[0]: 89 (89)
[0]: 90 (90)
[0]: 91 (91)
[0]: 92 (92)
[0]: 93 (93)
[0]: 94 (94)
[0]: 95 (95)
[0]: 96 (96)
[0]: 97 (97)
[0]: 98 (98)
[0]: 99 (99)
[0]: 100 (100)
[0]: 101 (101)
[0]: 102 (102)
[0]: 103 (103)
[0]: 104 (104)
[0]: 105 (105)
[0]: 106 (106)
[0]: 107 (107)
[0]: 108 (108)
[0]: 109 (109)
[0]: 110 (110)
[0]: 111 (111)
[0]: 112 (112)
[0]: 113 (113)
[0]: 114 (114)
[0]: 115 (115)
[0]: 116 (116)
[0]: 117 (117)
[0]: 118 (118)
[0]: 119 (119)
[0]: 120 (120)
[0]: 121 (121)
[0]: 122 (122)
[0]: 123 (123)
[0]: 124 (124)
[0]: 125 (125)
[0]: 126 (126)
[0]: 127 (127)
[0]: 128 (128)
[0]: 129 (129)
[0]: 130 (130)
[0]: 131 (131)
[0]: 132 (132)
[0]: 133 (133)
[0]: 134 (134)
[0]: 135 (135)
[0]: 136 (136)
[0]: 137 (137)
[0]: 138 (138)
[0]: 139 (139)
[0]: 140 (140)
[0]: 141 (141)
[0]: 142 (142)
[0]: 143 (143)
[0]: 144 (144)
[0]: 145 (145)
[0]: 146 (146)
[0]: 147 (147)
[0]: 148 (148)
[0]: 149 (149)
[0]: 150 (150)
[0]: 151 (151)
[0]: 152 (152)
[0]: 153 (153)
[0]: 154 (154)
[0]: 155 (155)
[0]: 156 (156)
[0]: 157 (157)
[0]: 158 (158)
[0]: 159 (159)
[0]: 160 (160)
[0]: 161 (161)
[0]: 162 (162)
[0]: 163 (163)
[0]: 164 (164)
[0]: 165 (165)
[0]: 166 (166)
[0]: 167 (167)
[0]: 168 (168)
[0]: 169 (169)
[0]: 170 (170)
[0]: 171 (171)
[0]: 172 (172)
[0]: 173 (173)
[0]: 174 (174)
[0]: 175 (175)
[0]: 176 (176)
[0]: 177 (177)
[0]: 178 (178)
[0]: 179 (179)
[0]: 180 (180)
[0]: 181 (181)
[0]: 182 (182)
[0]: 183 (183)
[0]: 184 (184)
[0]: 185 (185)
[0]: 186 (186)
[0]: 187 (187)
[0]: 188 (188)
[0]: 189 (189)
[0]: 190 (190)
[0]: 191 (191)
[0]: 192 (192)
[0]: 193 (193)
[0]: 194 (194)
[0]: 195 (195)
[0]: 196 (196)
[0]: 197 (197)
[0]: 198 (198)
[0]: 199 (199)
[0]: 200 (200)
[0]: 201 (201)
[0]: 202 (202)
[0]: 203 (203)
[0]: 204 (204)
[0]: 205 (205)
[0]: 206 (206)
[0]: 207 (207)
[0]: 208 (208)
[0]: 209 (209)
[0]: 210 (210)
[0]: 211 (211)
[0]: 212 (212)
[0]: 213 (213)
[0]: 214 (214)
[0]: 215 (215)
[0]: 216 (216)
[0]: 217 (217)
[0]: 218 (218)
[0]: 219 (219)
[0]: 220 (220)
[0]: 221 (221)
[0]: 222 (222)
[0]: 223 (223)
[0]: 224 (224)
[0]: 225 (225)
[0]: 226 (226)
[0]: 227 (227)
[0]: 228 (228)
[0]: 229 (229)
[0]: 230 (230)
[0]: 231 (231)
[0]: 232 (232)
[0]: 233 (233)
[0]: 234 (234)
[0]: 235 (235)
[0]: 236 (236)
[0]: 237 (237)
[0]: 238 (238)
[0]: 239 (239)
[0]: 240 (240)
[0]: 241 (241)
[0]: 242 (242)
[0]: 243 (243)
[0]: 244 (244)
[0]: 245 (245)
[0]: 246 (246)
[0]: 247 (247)
[0]: 248 (248)
[0]: 249 (249)
[0]: 250 (250)
[0]: 251 (251)
[0]: 252 (252)
[0]: 253 (253)
[0]: 254 (254)
[0]: 255 (255)
[0]: 256 (256)
[0]: 257 (257)
[0]: 258 (258)
[0]: 259 (259)
[0]: 260 (260)
[0]: 261 (261)
[0]: 262 (262)
[0]: 263 (263)
[0]: 264 (264)
[0]: 265 (265)
[0]: 266 (266)
[0]: 267 (267)
[0]: 268 (268)
[0]: 269 (269)
[0]: 270 (270)
[0]: 271 (271)
[0]: 272 (272)
[0]: 273 (273)
[0]: 274 (274)
[0]: 275 (275)
[0]: 276 (276)
[0]: 277 (277)
[0]: 278 (278)
[0]: 279 (279)
[0]: 280 (280)
[0]: 281 (281)
[0]: 282 (282)
[0]: 283 (283)
[0]: 284 (284)
[0]: 285 (285)
[0]: 286 (286)
[0]: 287 (287)
[0]: 288 (288)
[0]: 289 (289)
[0]: 290 (290)
[0]: 291 (291)
[0]: 292 (292)
[0]: 293 (293)
[0]: 294 (294)
[0]: 295 (295)
[0]: 296 (296)
[0]: 297 (297)
[0]: 298 (298)
[0]: 299 (299)
[0]: 300 (300)
[0]: 301 (301)
[0]: 302 (302)
[0]: 303 (303)
[0]: 304 (304)
[0]: 305 (305)
[0]: 306 (306)
[0]: 307 (307)
[0]: 308 (308)
[0]: 309 (309)
[0]: 310 (310)
[0]: 311 (311)
[0]: 312 (312)
[0]: 313 (313)
[0]: 314 (314)
[0]: 315 (315)
[0]: 316 (316)
[0]: 317 (317)
[0]: 318 (318)
[0]: 319 (319)
[0]: 320 (320)
[0]: 321 (321)
[0]: 322 (322)
[0]: 323 (323)
[0]: 324 (324)
[0]: 325 (325)
[0]: 326 (326)
[0]: 327 (327)
[0]: 328 (328)
[0]: 329 (329)
[0]: 330 (330)
[0]: 331 (331)
[0]: 332 (332)
[0]: 333 (333)
[0]: 334 (334)
[0]: 335 (335)
[0]: 336 (336)
[0]: 337 (337)
[0]: 338 (338)
[0]: 339 (339)
[0]: 340 (340)
[0]: 341 (341)
[0]: 342 (342)
[0]: 343 (343)
[0]: 344 (344)
[0]: 345 (345)
[0]: 346 (346)
[0]: 347 (347)
[0]: 348 (348)
[0]: 349 (349)
[0]: 350 (350)
[0]: 351 (351)
[0]: 352 (352)
[0]: 353 (353)
[0]: 354 (354)
[0]: 355 (355)
[0]: 356 (356)
[0]: 357 (357)
[0]: 358 (358)
[0]: 359 (359)
[0]: 360 (360)
[0]: 361 (361)
[0]: 362 (362)
[0]: 363 (363)
[0]: 364 (364)
[0]: 365 (365)
[0]: 366 (366)
[0]: 367 (367)
[0]: 368 (368)
[0]: 369 (369)
[0]: 370 (370)
[0]: 371 (371)
[0]: 372 (372)
[0]: 373 (373)
[0]: 374 (374)
[0]: 375 (375)
[0]: 376 (376)
[0]: 377 (377)
[0]: 378 (378)
[0]: 379 (379)
[0]: 380 (380)
[0]: 381 (381)
[0]: 382 (382)
[0]: 383 (383)
[0]: 384 (384)
[0]: 385 (385)
[0]: 386 (386)
[0]: 387 (387)
[0]: 388 (388)
[0]: 389 (389)
[0]: 390 (390)
[0]: 391 (391)
[0]: 392 (392)
[0]: 393 (393)
[0]: 394 (394)
[0]: 395 (395)
[0]: 396 (396)
[0]: 397 (397)
[0]: 398 (398)
[0]: 399 (399)
[0]: 400 (400)
[0]: 401 (401)
[0]: 402 (402)
[0]: 403 (403)
[0]: 404 (404)
[0]: 405 (405)
[0]: 406 (406)
[0]: 407 (407)
[0]: 408 (408)
[0]: 409 (409)
[0]: 410 (410)
[0]: 411 (411)
[0]: 412 (412)
[0]: 413 (413)
[0]: 414 (414)
[0]: 415 (415)
[0]: 416 (416)
[0]: 417 (417)
[0]: 418 (418)
[0]: 419 (419)
[0]: 420 (420)
[0]: 421 (421)
[0]: 422 (422)
[0]: 423 (423)
[0]: 424 (424)
[0]: 425 (425)
[0]: 426 (426)
[0]: 427 (427)
[0]: 428 (428)
[0]: 429 (429)
[0]: 430 (430)
[0]: 431 (431)
[0]: 432 (432)
[0]: 433 (433)
[0]: 434 (434)
[0]: 435 (435)
[0]: 436 (436)
[0]: 437 (437)
[0]: 438 (438)
[0]: 439 (439)
[0]: 440 (440)
[0]: 441 (441)
[0]: 442 (442)
[0]: 443 (443)
[0]: 444 (444)
[0]: 445 (445)
[0]: 446 (446)
[0]: 447 (447)
[0]: 448 (448)
[0]: 449 (449)
[0]: 450 (450)
[0]: 451 (451)
[0]: 452 (452)
[0]: 453 (453)
[0]: 454 (454)
[0]: 455 (455)
[0]: 456 (456)
[0]: 457 (457)
[0]: 458 (458)
[0]: 459 (459)
[0]: 460 (460)
[0]: 461 (461)
[0]: 462 (462)
[0]: 463 (463)
[0]: 464 (464)
[0]: 465 (465)
[0]: 466 (466)
[0]: 467 (467)
[0]: 468 (468)
[0]: 469 (469)
[0]: 470 (470)
[0]: 471 (471)
[0]: 472 (472)
[0]: 473 (473)
[0]: 474 (474)
[0]: 475 (475)
[0]: 476 (476)
[0]: 477 (477)
[0]: 478 (478)
[0]: 479 (479)
[0]: 480 (480)
[0]: 481 (481)
[0]: 482 (482)
[0]: 483 (483)
[0]: 484 (484)
[0]: 485 (485)
[0]: 486 (486)
[0]: 487 (487)
[0]: 488 (488)
[0]: 489 (489)
[0]: 490 (490)
[0]: 491 (491)
[0]: 492 (492)
[0]: 493 (493)
[0]: 494 (494)
[0]: 495 (495)
[0]: 496 (496)
[0]: 497 (497)
[0]: 498 (498)
[0]: 499 (499)
[0]: 500 (500)
[0]: 501 (501)
[0]: 502 (502)
[0]: 503 (503)
[0]: 504 (504)
[0]: 505 (505)
[0]: 506 (506)
[0]: 507 (507)
[0]: 508 (508)
[0]: 509 (509)
[0]: 510 (510)
[0]: 511 (511)
[0]: 512 (512)
[0]: 513 (513)
[0]: 514 (514)
[0]: 515 (515)
[0]: 516 (516)
[0]: 517 (517)
[0]: 518 (518)
[0]: 519 (519)
[0]: 520 (520)
[0]: 521 (521)
[0]: 522 (522)
[0]: 523 (523)
[0]: 524 (524)
[0]: 525 (525)
[0]: 526 (526)
[0]: 527 (527)
[0]: 528 (528)
[0]: 529 (529)
[0]: 530 (530)
[0]: 531 (531)
[0]: 532 (532)
[0]: 533 (533)
[0]: 534 (534)
[0]: 535 (535)
[0]: 536 (536)
[0]: 537 (537)
[0]: 538 (538)
[0]: 539 (539)
[0]: 540 (540)
[0]: 541 (541)
[0]: 542 (542)
[0]: 543 (543)
[0]: 544 (544)
[0]: 545 (545)
[0]: 546 (546)
[0]: 547 (547)
[0]: 548 (548)
[0]: 549 (549)
[0]: 550 (550)
[0]: 551 (551)
[0]: 552 (552)
[0]: 553 (553)
[0]: 554 (554)
[0]: 555 (555)
[0]: 556 (556)
[0]: 557 (557)
[0]: 558 (558)
[0]: 559 (559)
[0]: 560 (560)
[0]: 561 (561)
[0]: 562 (562)
[0]: 563 (563)
[0]: 564 (564)
[0]: 565 (565)
[0]: 566 (566)
[0]: 567 (567)
[0]: 568 (568)
[0]: 569 (569)
[0]: 570 (570)
[0]: 571 (571)
[0]: 572 (572)
[0]: 573 (573)
[0]: 574 (574)
[0]: 575 (575)
[0]: 576 (576)
[0]: 577 (577)
[0]: 578 (578)
[0]: 579 (579)
[0]: 580 (580)
[0]: 581 (581)
[0]: 582 (582)
[0]: 583 (583)
[0]: 584 (584)
[0]: 585 (585)
[0]: 586 (586)
[0]: 587 (587)
[0]: 588 (588)
[0]: 589 (589)
[0]: 590 (590)
[0]: 591 (591)
[0]: 592 (592)
[0]: 593 (593)
[0]: 594 (594)
[0]: 595 (595)
[0]: 596 (596)
[0]: 597 (597)
[0]: 598 (598)
[0]: 599 (599)
[0]: 600 (600)
[0]: 601 (601)
[0]: 602 (602)
[0]: 603 (603)
[0]: 604 (604)
[0]: 605 (605)
[0]: 606 (606)
[0]: 607 (607)
[0]: 608 (608)
[0]: 609 (609)
[0]: 610 (610)
[0]: 611 (611)
[0]: 612 (612)
[0]: 613 (613)
[0]: 614 (614)
[0]: 615 (615)
[0]: 616 (616)
[0]: 617 (617)
[0]: 618 (618)
[0]: 619 (619)
[0]: 620 (620)
[0]: 621 (621)
[0]: 622 (622)
[0]: 623 (623)
[0]: 624 (624)
[0]: 625 (625)
[0]: 626 (626)
[0]: 627 (627)
[0]: 628 (628)
[0]: 629 (629)
[0]: 630 (630)
[0]: 631 (631)
[0]: 632 (632)
[0]: 633 (633)
[0]: 634 (634)
[0]: 635 (635)
[0]: 636 (636)
[0]: 637 (637)
[0]: 638 (638)
[0]: 639 (639)
[0]: 640 (640)
[0]: 641 (641)
[0]: 642 (642)
[0]: 643 (643)
[0]: 644 (644)
[0]: 645 (645)
[0]: 646 (646)
[0]: 647 (647)
[0]: 648 (648)
[0]: 649 (649)
[0]: 650 (650)
[0]: 651 (651)
[0]: 652 (652)
[0]: 653 (653)
[0]: 654 (654)
[0]: 655 (655)
[0]: 656 (656)
[0]: 657 (657)
[0]: 658 (658)
[0]: 659 (659)
[0]: 660 (660)
[0]: 661 (661)
[0]: 662 (662)
[0]: 663 (663)
[0]: 664 (664)
[0]: 665 (665)
[0]: 666 (666)
[0]: 667 (667)
[0]: 668 (668)
[0]: 669 (669)
[0]: 670 (670)
[0]: 671 (671)
[0]: 672 (672)
[0]: 673 (673)
[0]: 674 (674)
[0]: 675 (675)
[0]: 676 (676)
[0]: 677 (677)
[0]: 678 (678)
[0]: 679 (679)
[0]: 680 (680)
[0]: 681 (681)
[0]: 682 (682)
[0]: 683 (683)
[0]: 684 (684)
[0]: 685 (685)
[0]: 686 (686)
[0]: 687 (687)
[0]: 688 (688)
[0]: 689 (689)
[0]: 690 (690)
[0]: 691 (691)
[0]: 692 (692)
[0]: 693 (693)
[0]: 694 (694)
[0]: 695 (695)
[0]: 696 (696)
[0]: 697 (697)
[0]: 698 (698)
[0]: 699 (699)
[0]: 700 (700)
[0]: 701 (701)
[0]: 702 (702)
[0]: 703 (703)
[0]: 704 (704)
[0]: 705 (705)
[0]: 706 (706)
[0]: 707 (707)
[0]: 708 (708)
[0]: 709 (709)
[0]: 710 (710)
[0]: 711 (711)
[0]: 712 (712)
[0]: 713 (713)
[0]: 714 (714)
[0]: 715 (715)
[0]: 716 (716)
[0]: 717 (717)
[0]: 718 (718)
[0]: 719 (719)
[0]: 720 (720)
[0]: 721 (721)
[0]: 722 (722)
[0]: 723 (723)
[0]: 724 (724)
[0]: 725 (725)
[0]: 726 (726)
[0]: 727 (727)
[0]: 728 (728)
[0]: 729 (729)
[0]: 730 (730)
[0]: 731 (731)
[0]: 732 (732)
[0]: 733 (733)
[0]: 734 (734)
[0]: 735 (735)
[0]: 736 (736)
[0]: 737 (737)
[0]: 738 (738)
[0]: 739 (739)
[0]: 740 (740)
[0]: 741 (741)
[0]: 742 (742)
[0]: 743 (743)
[0]: 744 (744)
[0]: 745 (745)
[0]: 746 (746)
[0]: 747 (747)
[0]: 748 (748)
[0]: 749 (749)
[0]: 750 (750)
[0]: 751 (751)
[0]: 752 (752)
[0]: 753 (753)
[0]: 754 (754)
[0]: 755 (755)
[0]: 756 (756)
[0]: 757 (757)
[0]: 758 (758)
[0]: 759 (759)
[0]: 760 (760)
[0]: 761 (761)
[0]: 762 (762)
[0]: 763 (763)
[0]: 764 (764)
[0]: 765 (765)
[0]: 766 (766)
[0]: 767 (767)
[0]: 768 (768)
[0]: 769 (769)
[0]: 770 (770)
[0]: 771 (771)
[0]: 772 (772)
[0]: 773 (773)
[0]: 774 (774)
[0]: 775 (775)
[0]: 776 (776)
[0]: 777 (777)
[0]: 778 (778)
[0]: 779 (779)
[0]: 780 (780)
[0]: 781 (781)
[0]: 782 (782)
[0]: 783 (783)
[0]: 784 (784)
[0]: 785 (785)
[0]: 786 (786)
[0]: 787 (787)
[0]: 788 (788)
[0]: 789 (789)
[0]: 790 (790)
[0]: 791 (791)
[0]: 792 (792)
[0]: 793 (793)
[0]: 794 (794)
[0]: 795 (795)
[0]: 796 (796)
[0]: 797 (797)
[0]: 798 (798)
[0]: 799 (799)
[0]: 800 (800)
[0]: 801 (801)
[0]: 802 (802)
[0]: 803 (803)
[0]: 804 (804)
[0]: 805 (805)
[0]: 806 (806)
[0]: 807 (807)
[0]: 808 (808)
[0]: 809 (809)
[0]: 810 (810)
[0]: 811 (811)
[0]: 812 (812)
[0]: 813 (813)
[0]: 814 (814)
[0]: 815 (815)
[0]: 816 (816)
[0]: 817 (817)
[0]: 818 (818)
[0]: 819 (819)
[0]: 820 (820)
[0]: 821 (821)
[0]: 822 (822)
[0]: 823 (823)
[0]: 824 (824)
[0]: 825 (825)
[0]: 826 (826)
[0]: 827 (827)
[0]: 828 (828)
[0]: 829 (829)
[0]: 830 (830)
[0]: 831 (831)
[0]: 832 (832)
[0]: 833 (833)
[0]: 834 (834)
[0]: 835 (835)
[0]: 836 (836)
[0]: 837 (837)
[0]: 838 (838)
[0]: 839 (839)
[0]: 840 (840)
[0]: 841 (841)
[0]: 842 (842)
[0]: 843 (843)
[0]: 844 (844)
[0]: 845 (845)
[0]: 846 (846)
[0]: 847 (847)
[0]: 848 (848)
[0]: 849 (849)
[0]: 850 (850)
[0]: 851 (851)
[0]: 852 (852)
[0]: 853 (853)
[0]: 854 (854)
[0]: 855 (855)
[0]: 856 (856)
[0]: 857 (857)
[0]: 858 (858)
[0]: 859 (859)
[0]: 860 (860)
[0]: 861 (861)
[0]: 862 (862)
[0]: 863 (863)
[0]: 864 (864)
[0]: 865 (865)
[0]: 866 (866)
[0]: 867 (867)
[0]: 868 (868)
[0]: 869 (869)
[0]: 870 (870)
[0]: 871 (871)
[0]: 872 (872)
[0]: 873 (873)
[0]: 874 (874)
[0]: 875 (875)
[0]: 876 (876)
[0]: 877 (877)
[0]: 878 (878)
[0]: 879 (879)
[0]: 880 (880)
[0]: 881 (881)
[0]: 882 (882)
[0]: 883 (883)
[0]: 884 (884)
[0]: 885 (885)
[0]: 886 (886)
[0]: 887 (887)
[0]: 888 (888)
[0]: 889 (889)
[0]: 890 (890)
[0]: 891 (891)
[0]: 892 (892)
[0]: 893 (893)
[0]: 894 (894)
[0]: 895 (895)
[0]: 896 (896)
[0]: 897 (897)
[0]: 898 (898)
[0]: 899 (899)
Label 'test label':
[0]: 450 (44)
[0]: 0 (45)
[0]: 1 (46)
[0]: 2 (47)
[0]: 3 (48)
[0]: 4 (49)
[0]: 5 (50)
[0]: 6 (51)
[0]: 7 (52)
[0]: 8 (53)
[0]: 9 (54)
[0]: 10 (55)
[0]: 11 (56)
[0]: 12 (57)
[0]: 13 (58)
[0]: 14 (59)
[0]: 15 (60)
[0]: 16 (61)
[0]: 17 (62)
[0]: 18 (63)
[0]: 19 (64)
[0]: 20 (65)
[0]: 21 (66)
[0]: 22 (67)
[0]: 23 (68)
[0]: 24 (69)
[0]: 25 (70)
[0]: 26 (71)
[0]: 27 (72)
[0]: 28 (73)
[0]: 29 (74)
[0]: 30 (75)
[0]: 31 (76)
[0]: 32 (77)
[0]: 33 (78)
[0]: 34 (79)
[0]: 35 (80)
[0]: 36 (81)
[0]: 37 (82)
[0]: 38 (83)
[0]: 39 (84)
[0]: 40 (85)
[0]: 41 (86)
[0]: 42 (87)
[0]: 43 (88)
[0]: 44 (89)
[0]: 451 (134)
[0]: 45 (135)
[0]: 46 (136)
[0]: 47 (137)
[0]: 48 (138)
[0]: 49 (139)
[0]: 50 (140)
[0]: 51 (141)
[0]: 52 (142)
[0]: 53 (143)
[0]: 54 (144)
[0]: 55 (145)
[0]: 56 (146)
[0]: 57 (147)
[0]: 58 (148)
[0]: 59 (149)
[0]: 60 (150)
[0]: 61 (151)
[0]: 62 (152)
[0]: 63 (153)
[0]: 64 (154)
[0]: 65 (155)
[0]: 66 (156)
[0]: 67 (157)
[0]: 68 (158)
[0]: 69 (159)
[0]: 70 (160)
[0]: 71 (161)
[0]: 72 (162)
[0]: 73 (163)
[0]: 74 (164)
[0]: 75 (165)
[0]: 76 (166)
[0]: 77 (167)
[0]: 78 (168)
[0]: 79 (169)
[0]: 80 (170)
[0]: 81 (171)
[0]: 82 (172)
[0]: 83 (173)
[0]: 84 (174)
[0]: 85 (175)
[0]: 86 (176)
[0]: 87 (177)
[0]: 88 (178)
[0]: 89 (179)
[0]: 452 (224)
[0]: 90 (225)
[0]: 91 (226)
[0]: 92 (227)
[0]: 93 (228)
[0]: 94 (229)
[0]: 95 (230)
[0]: 96 (231)
[0]: 97 (232)
[0]: 98 (233)
[0]: 99 (234)
[0]: 100 (235)
[0]: 101 (236)
[0]: 102 (237)
[0]: 103 (238)
[0]: 104 (239)
[0]: 105 (240)
[0]: 106 (241)
[0]: 107 (242)
[0]: 108 (243)
[0]: 109 (244)
[0]: 110 (245)
[0]: 111 (246)
[0]: 112 (247)
[0]: 113 (248)
[0]: 114 (249)
[0]: 115 (250)
[0]: 116 (251)
[0]: 117 (252)
[0]: 118 (253)
[0]: 119 (254)
[0]: 120 (255)
[0]: 121 (256)
[0]: 122 (257)
[0]: 123 (258)
[0]: 124 (259)
[0]: 125 (260)
[0]: 126 (261)
[0]: 127 (262)
[0]: 128 (263)
[0]: 129 (264)
[0]: 130 (265)
[0]: 131 (266)
[0]: 132 (267)
[0]: 133 (268)
[0]: 134 (269)
[0]: 453 (314)
[0]: 135 (315)
[0]: 136 (316)
[0]: 137 (317)
[0]: 138 (318)
[0]: 139 (319)
[0]: 140 (320)
[0]: 141 (321)
[0]: 142 (322)
[0]: 143 (323)
[0]: 144 (324)
[0]: 145 (325)
[0]: 146 (326)
[0]: 147 (327)
[0]: 148 (328)
[0]: 149 (329)
[0]: 150 (330)
[0]: 151 (331)
[0]: 152 (332)
[0]: 153 (333)
[0]: 154 (334)
[0]: 155 (335)
[0]: 156 (336)
[0]: 157 (337)
[0]: 158 (338)
[0]: 159 (339)
[0]: 160 (340)
[0]: 161 (341)
[0]: 162 (342)
[0]: 163 (343)
[0]: 164 (344)
[0]: 165 (345)
[0]: 166 (346)
[0]: 167 (347)
[0]: 168 (348)
[0]: 169 (349)
[0]: 170 (350)
[0]: 171 (351)
[0]: 172 (352)
[0]: 173 (353)
[0]: 174 (354)
[0]: 175 (355)
[0]: 176 (356)
[0]: 177 (357)
[0]: 178 (358)
[0]: 179 (359)
[0]: 454 (404)
[0]: 180 (405)
[0]: 181 (406)
[0]: 182 (407)
[0]: 183 (408)
[0]: 184 (409)
[0]: 185 (410)
[0]: 186 (411)
[0]: 187 (412)
[0]: 188 (413)
[0]: 189 (414)
[0]: 190 (415)
[0]: 191 (416)
[0]: 192 (417)
[0]: 193 (418)
[0]: 194 (419)
[0]: 195 (420)
[0]: 196 (421)
[0]: 197 (422)
[0]: 198 (423)
[0]: 199 (424)
[0]: 200 (425)
[0]: 201 (426)
[0]: 202 (427)
[0]: 203 (428)
[0]: 204 (429)
[0]: 205 (430)
[0]: 206 (431)
[0]: 207 (432)
[0]: 208 (433)
[0]: 209 (434)
[0]: 210 (435)
[0]: 211 (436)
[0]: 212 (437)
[0]: 213 (438)
[0]: 214 (439)
[0]: 215 (440)
[0]: 216 (441)
[0]: 217 (442)
[0]: 218 (443)
[0]: 219 (444)
[0]: 220 (445)
[0]: 221 (446)
[0]: 222 (447)
[0]: 223 (448)
[0]: 224 (449)
[0]: 455 (494)
[0]: 225 (495)
[0]: 226 (496)
[0]: 227 (497)
[0]: 228 (498)
[0]: 229 (499)
[0]: 230 (500)
[0]: 231 (501)
[0]: 232 (502)
[0]: 233 (503)
[0]: 234 (504)
[0]: 235 (505)
[0]: 236 (506)
[0]: 237 (507)
[0]: 238 (508)
[0]: 239 (509)
[0]: 240 (510)
[0]: 241 (511)
[0]: 242 (512)
[0]: 243 (513)
[0]: 244 (514)
[0]: 245 (515)
[0]: 246 (516)
[0]: 247 (517)
[0]: 248 (518)
[0]: 249 (519)
[0]: 250 (520)
[0]: 251 (521)
[0]: 252 (522)
[0]: 253 (523)
[0]: 254 (524)
[0]: 255 (525)
[0]: 256 (526)
[0]: 257 (527)
[0]: 258 (528)
[0]: 259 (529)
[0]: 260 (530)
[0]: 261 (531)
[0]: 262 (532)
[0]: 263 (533)
[0]: 264 (534)
[0]: 265 (535)
[0]: 266 (536)
[0]: 267 (537)
[0]: 268 (538)
[0]: 269 (539)
[0]: 456 (584)
[0]: 270 (585)
[0]: 271 (586)
[0]: 272 (587)
[0]: 273 (588)
[0]: 274 (589)
[0]: 275 (590)
[0]: 276 (591)
[0]: 277 (592)
[0]: 278 (593)
[0]: 279 (594)
[0]: 280 (595)
[0]: 281 (596)
[0]: 282 (597)
[0]: 283 (598)
[0]: 284 (599)
[0]: 285 (600)
[0]: 286 (601)
[0]: 287 (602)
[0]: 288 (603)
[0]: 289 (604)
[0]: 290 (605)
[0]: 291 (606)
[0]: 292 (607)
[0]: 293 (608)
[0]: 294 (609)
[0]: 295 (610)
[0]: 296 (611)
[0]: 297 (612)
[0]: 298 (613)
[0]: 299 (614)
[0]: 300 (615)
[0]: 301 (616)
[0]: 302 (617)
[0]: 303 (618)
[0]: 304 (619)
[0]: 305 (620)
[0]: 306 (621)
[0]: 307 (622)
[0]: 308 (623)
[0]: 309 (624)
[0]: 310 (625)
[0]: 311 (626)
[0]: 312 (627)
[0]: 313 (628)
[0]: 314 (629)
[0]: 457 (674)
[0]: 315 (675)
[0]: 316 (676)
[0]: 317 (677)
[0]: 318 (678)
[0]: 319 (679)
[0]: 320 (680)
[0]: 321 (681)
[0]: 322 (682)
[0]: 323 (683)
[0]: 324 (684)
[0]: 325 (685)
[0]: 326 (686)
[0]: 327 (687)
[0]: 328 (688)
[0]: 329 (689)
[0]: 330 (690)
[0]: 331 (691)
[0]: 332 (692)
[0]: 333 (693)
[0]: 334 (694)
[0]: 335 (695)
[0]: 336 (696)
[0]: 337 (697)
[0]: 338 (698)
[0]: 339 (699)
[0]: 340 (700)
[0]: 341 (701)
[0]: 342 (702)
[0]: 343 (703)
[0]: 344 (704)
[0]: 345 (705)
[0]: 346 (706)
[0]: 347 (707)
[0]: 348 (708)
[0]: 349 (709)
[0]: 350 (710)
[0]: 351 (711)
[0]: 352 (712)
[0]: 353 (713)
[0]: 354 (714)
[0]: 355 (715)
[0]: 356 (716)
[0]: 357 (717)
[0]: 358 (718)
[0]: 359 (719)
[0]: 458 (764)
[0]: 360 (765)
[0]: 361 (766)
[0]: 362 (767)
[0]: 363 (768)
[0]: 364 (769)
[0]: 365 (770)
[0]: 366 (771)
[0]: 367 (772)
[0]: 368 (773)
[0]: 369 (774)
[0]: 370 (775)
[0]: 371 (776)
[0]: 372 (777)
[0]: 373 (778)
[0]: 374 (779)
[0]: 375 (780)
[0]: 376 (781)
[0]: 377 (782)
[0]: 378 (783)
[0]: 379 (784)
[0]: 380 (785)
[0]: 381 (786)
[0]: 382 (787)
[0]: 383 (788)
[0]: 384 (789)
[0]: 385 (790)
[0]: 386 (791)
[0]: 387 (792)
[0]: 388 (793)
[0]: 389 (794)
[0]: 390 (795)
[0]: 391 (796)
[0]: 392 (797)
[0]: 393 (798)
[0]: 394 (799)
[0]: 395 (800)
[0]: 396 (801)
[0]: 397 (802)
[0]: 398 (803)
[0]: 399 (804)
[0]: 400 (805)
[0]: 401 (806)
[0]: 402 (807)
[0]: 403 (808)
[0]: 404 (809)
[0]: 459 (854)
[0]: 405 (855)
[0]: 406 (856)
[0]: 407 (857)
[0]: 408 (858)
[0]: 409 (859)
[0]: 410 (860)
[0]: 411 (861)
[0]: 412 (862)
[0]: 413 (863)
[0]: 414 (864)
[0]: 415 (865)
[0]: 416 (866)
[0]: 417 (867)
[0]: 418 (868)
[0]: 419 (869)
[0]: 420 (870)
[0]: 421 (871)
[0]: 422 (872)
[0]: 423 (873)
[0]: 424 (874)
[0]: 425 (875)
[0]: 426 (876)
[0]: 427 (877)
[0]: 428 (878)
[0]: 429 (879)
[0]: 430 (880)
[0]: 431 (881)
[0]: 432 (882)
[0]: 433 (883)
[0]: 434 (884)
[0]: 435 (885)
[0]: 436 (886)
[0]: 437 (887)
[0]: 438 (888)
[0]: 439 (889)
[0]: 440 (890)
[0]: 441 (891)
[0]: 442 (892)
[0]: 443 (893)
[0]: 444 (894)
[0]: 445 (895)
[0]: 446 (896)
[0]: 447 (897)
[0]: 448 (898)
[0]: 449 (899)
[1]: 0 (0)
[1]: 1 (1)
[1]: 2 (2)
[1]: 3 (3)
[1]: 4 (4)
[1]: 5 (5)
[1]: 6 (6)
[1]: 7 (7)
[1]: 8 (8)
[1]: 9 (9)
[1]: 10 (10)
[1]: 11 (11)
[1]: 12 (12)
[1]: 13 (13)
[1]: 14 (14)
[1]: 15 (15)
[1]: 16 (16)
[1]: 17 (17)
[1]: 18 (18)
[1]: 19 (19)
[1]: 20 (20)
[1]: 21 (21)
[1]: 22 (22)
[1]: 23 (23)
[1]: 24 (24)
[1]: 25 (25)
[1]: 26 (26)
[1]: 27 (27)
[1]: 28 (28)
[1]: 29 (29)
[1]: 30 (30)
[1]: 31 (31)
[1]: 32 (32)
[1]: 33 (33)
[1]: 34 (34)
[1]: 35 (35)
[1]: 36 (36)
[1]: 37 (37)
[1]: 38 (38)
[1]: 39 (39)
[1]: 40 (40)
[1]: 41 (41)
[1]: 42 (42)
[1]: 43 (43)
[1]: 44 (44)
[1]: 450 (45)
[1]: 45 (90)
[1]: 46 (91)
[1]: 47 (92)
[1]: 48 (93)
[1]: 49 (94)
[1]: 50 (95)
[1]: 51 (96)
[1]: 52 (97)
[1]: 53 (98)
[1]: 54 (99)
[1]: 55 (100)
[1]: 56 (101)
[1]: 57 (102)
[1]: 58 (103)
[1]: 59 (104)
[1]: 60 (105)
[1]: 61 (106)
[1]: 62 (107)
[1]: 63 (108)
[1]: 64 (109)
[1]: 65 (110)
[1]: 66 (111)
[1]: 67 (112)
[1]: 68 (113)
[1]: 69 (114)
[1]: 70 (115)
[1]: 71 (116)
[1]: 72 (117)
[1]: 73 (118)
[1]: 74 (119)
[1]: 75 (120)
[1]: 76 (121)
[1]: 77 (122)
[1]: 78 (123)
[1]: 79 (124)
[1]: 80 (125)
[1]: 81 (126)
[1]: 82 (127)
[1]: 83 (128)
[1]: 84 (129)
[1]: 85 (130)
[1]: 86 (131)
[1]: 87 (132)
[1]: 88 (133)
[1]: 89 (134)
[1]: 451 (135)
[1]: 90 (180)
[1]: 91 (181)
[1]: 92 (182)
[1]: 93 (183)
[1]: 94 (184)
[1]: 95 (185)
[1]: 96 (186)
[1]: 97 (187)
[1]: 98 (188)
[1]: 99 (189)
[1]: 100 (190)
[1]: 101 (191)
[1]: 102 (192)
[1]: 103 (193)
[1]: 104 (194)
[1]: 105 (195)
[1]: 106 (196)
[1]: 107 (197)
[1]: 108 (198)
[1]: 109 (199)
[1]: 110 (200)
[1]: 111 (201)
[1]: 112 (202)
[1]: 113 (203)
[1]: 114 (204)
[1]: 115 (205)
[1]: 116 (206)
[1]: 117 (207)
[1]: 118 (208)
[1]: 119 (209)
[1]: 120 (210)
[1]: 121 (211)
[1]: 122 (212)
[1]: 123 (213)
[1]: 124 (214)
[1]: 125 (215)
[1]: 126 (216)
[1]: 127 (217)
[1]: 128 (218)
[1]: 129 (219)
[1]: 130 (220)
[1]: 131 (221)
[1]: 132 (222)
[1]: 133 (223)
[1]: 134 (224)
[1]: 452 (225)
[1]: 135 (270)
[1]: 136 (271)
[1]: 137 (272)
[1]: 138 (273)
[1]: 139 (274)
[1]: 140 (275)
[1]: 141 (276)
[1]: 142 (277)
[1]: 143 (278)
[1]: 144 (279)
[1]: 145 (280)
[1]: 146 (281)
[1]: 147 (282)
[1]: 148 (283)
[1]: 149 (284)
[1]: 150 (285)
[1]: 151 (286)
[1]: 152 (287)
[1]: 153 (288)
[1]: 154 (289)
[1]: 155 (290)
[1]: 156 (291)
[1]: 157 (292)
[1]: 158 (293)
[1]: 159 (294)
[1]: 160 (295)
[1]: 161 (296)
[1]: 162 (297)
[1]: 163 (298)
[1]: 164 (299)
[1]: 165 (300)
[1]: 166 (301)
[1]: 167 (302)
[1]: 168 (303)
[1]: 169 (304)
[1]: 170 (305)
[1]: 171 (306)
[1]: 172 (307)
[1]: 173 (308)
[1]: 174 (309)
[1]: 175 (310)
[1]: 176 (311)
[1]: 177 (312)
[1]: 178 (313)
[1]: 179 (314)
[1]: 453 (315)
[1]: 180 (360)
[1]: 181 (361)
[1]: 182 (362)
[1]: 183 (363)
[1]: 184 (364)
[1]: 185 (365)
[1]: 186 (366)
[1]: 187 (367)
[1]: 188 (368)
[1]: 189 (369)
[1]: 190 (370)
[1]: 191 (371)
[1]: 192 (372)
[1]: 193 (373)
[1]: 194 (374)
[1]: 195 (375)
[1]: 196 (376)
[1]: 197 (377)
[1]: 198 (378)
[1]: 199 (379)
[1]: 200 (380)
[1]: 201 (381)
[1]: 202 (382)
[1]: 203 (383)
[1]: 204 (384)
[1]: 205 (385)
[1]: 206 (386)
[1]: 207 (387)
[1]: 208 (388)
[1]: 209 (389)
[1]: 210 (390)
[1]: 211 (391)
[1]: 212 (392)
[1]: 213 (393)
[1]: 214 (394)
[1]: 215 (395)
[1]: 216 (396)
[1]: 217 (397)
[1]: 218 (398)
[1]: 219 (399)
[1]: 220 (400)
[1]: 221 (401)
[1]: 222 (402)
[1]: 223 (403)
[1]: 224 (404)
[1]: 454 (405)
[1]: 225 (450)
[1]: 226 (451)
[1]: 227 (452)
[1]: 228 (453)
[1]: 229 (454)
[1]: 230 (455)
[1]: 231 (456)
[1]: 232 (457)
[1]: 233 (458)
[1]: 234 (459)
[1]: 235 (460)
[1]: 236 (461)
[1]: 237 (462)
[1]: 238 (463)
[1]: 239 (464)
[1]: 240 (465)
[1]: 241 (466)
[1]: 242 (467)
[1]: 243 (468)
[1]: 244 (469)
[1]: 245 (470)
[1]: 246 (471)
[1]: 247 (472)
[1]: 248 (473)
[1]: 249 (474)
[1]: 250 (475)
[1]: 251 (476)
[1]: 252 (477)
[1]: 253 (478)
[1]: 254 (479)
[1]: 255 (480)
[1]: 256 (481)
[1]: 257 (482)
[1]: 258 (483)
[1]: 259 (484)
[1]: 260 (485)
[1]: 261 (486)
[1]: 262 (487)
[1]: 263 (488)
[1]: 264 (489)
[1]: 265 (490)
[1]: 266 (491)
[1]: 267 (492)
[1]: 268 (493)
[1]: 269 (494)
[1]: 455 (495)
[1]: 270 (540)
[1]: 271 (541)
[1]: 272 (542)
[1]: 273 (543)
[1]: 274 (544)
[1]: 275 (545)
[1]: 276 (546)
[1]: 277 (547)
[1]: 278 (548)
[1]: 279 (549)
[1]: 280 (550)
[1]: 281 (551)
[1]: 282 (552)
[1]: 283 (553)
[1]: 284 (554)
[1]: 285 (555)
[1]: 286 (556)
[1]: 287 (557)
[1]: 288 (558)
[1]: 289 (559)
[1]: 290 (560)
[1]: 291 (561)
[1]: 292 (562)
[1]: 293 (563)
[1]: 294 (564)
[1]: 295 (565)
[1]: 296 (566)
[1]: 297 (567)
[1]: 298 (568)
[1]: 299 (569)
[1]: 300 (570)
[1]: 301 (571)
[1]: 302 (572)
[1]: 303 (573)
[1]: 304 (574)
[1]: 305 (575)
[1]: 306 (576)
[1]: 307 (577)
[1]: 308 (578)
[1]: 309 (579)
[1]: 310 (580)
[1]: 311 (581)
[1]: 312 (582)
[1]: 313 (583)
[1]: 314 (584)
[1]: 456 (585)
[1]: 315 (630)
[1]: 316 (631)
[1]: 317 (632)
[1]: 318 (633)
[1]: 319 (634)
[1]: 320 (635)
[1]: 321 (636)
[1]: 322 (637)
[1]: 323 (638)
[1]: 324 (639)
[1]: 325 (640)
[1]: 326 (641)
[1]: 327 (642)
[1]: 328 (643)
[1]: 329 (644)
[1]: 330 (645)
[1]: 331 (646)
[1]: 332 (647)
[1]: 333 (648)
[1]: 334 (649)
[1]: 335 (650)
[1]: 336 (651)
[1]: 337 (652)
[1]: 338 (653)
[1]: 339 (654)
[1]: 340 (655)
[1]: 341 (656)
[1]: 342 (657)
[1]: 343 (658)
[1]: 344 (659)
[1]: 345 (660)
[1]: 346 (661)
[1]: 347 (662)
[1]: 348 (663)
[1]: 349 (664)
[1]: 350 (665)
[1]: 351 (666)
[1]: 352 (667)
[1]: 353 (668)
[1]: 354 (669)
[1]: 355 (670)
[1]: 356 (671)
[1]: 357 (672)
[1]: 358 (673)
[1]: 359 (674)
[1]: 457 (675)
[1]: 360 (720)
[1]: 361 (721)
[1]: 362 (722)
[1]: 363 (723)
[1]: 364 (724)
[1]: 365 (725)
[1]: 366 (726)
[1]: 367 (727)
[1]: 368 (728)
[1]: 369 (729)
[1]: 370 (730)
[1]: 371 (731)
[1]: 372 (732)
[1]: 373 (733)
[1]: 374 (734)
[1]: 375 (735)
[1]: 376 (736)
[1]: 377 (737)
[1]: 378 (738)
[1]: 379 (739)
[1]: 380 (740)
[1]: 381 (741)
[1]: 382 (742)
[1]: 383 (743)
[1]: 384 (744)
[1]: 385 (745)
[1]: 386 (746)
[1]: 387 (747)
[1]: 388 (748)
[1]: 389 (749)
[1]: 390 (750)
[1]: 391 (751)
[1]: 392 (752)
[1]: 393 (753)
[1]: 394 (754)
[1]: 395 (755)
[1]: 396 (756)
[1]: 397 (757)
[1]: 398 (758)
[1]: 399 (759)
[1]: 400 (760)
[1]: 401 (761)
[1]: 402 (762)
[1]: 403 (763)
[1]: 404 (764)
[1]: 458 (765)
[1]: 405 (810)
[1]: 406 (811)
[1]: 407 (812)
[1]: 408 (813)
[1]: 409 (814)
[1]: 410 (815)
[1]: 411 (816)
[1]: 412 (817)
[1]: 413 (818)
[1]: 414 (819)
[1]: 415 (820)
[1]: 416 (821)
[1]: 417 (822)
[1]: 418 (823)
[1]: 419 (824)
[1]: 420 (825)
[1]: 421 (826)
[1]: 422 (827)
[1]: 423 (828)
[1]: 424 (829)
[1]: 425 (830)
[1]: 426 (831)
[1]: 427 (832)
[1]: 428 (833)
[1]: 429 (834)
[1]: 430 (835)
[1]: 431 (836)
[1]: 432 (837)
[1]: 433 (838)
[1]: 434 (839)
[1]: 435 (840)
[1]: 436 (841)
[1]: 437 (842)
[1]: 438 (843)
[1]: 439 (844)
[1]: 440 (845)
[1]: 441 (846)
[1]: 442 (847)
[1]: 443 (848)
[1]: 444 (849)
[1]: 445 (850)
[1]: 446 (851)
[1]: 447 (852)
[1]: 448 (853)
[1]: 449 (854)
[1]: 459 (855)
