DM Object: Simplicial Mesh 8 MPI processes
  type: plex
Simplicial Mesh in 2 dimensions:
Supports:
[0] Max support size: 6
[0]: 7 ----> 15
[0]: 7 ----> 16
[0]: 8 ----> 16
[0]: 8 ----> 17
[0]: 8 ----> 18
[0]: 8 ----> 19
[0]: 9 ----> 15
[0]: 9 ----> 18
[0]: 9 ----> 21
[0]: 9 ----> 23
[0]: 10 ----> 20
[0]: 10 ----> 22
[0]: 10 ----> 23
[0]: 11 ----> 20
[0]: 11 ----> 24
[0]: 11 ----> 25
[0]: 12 ----> 19
[0]: 12 ----> 21
[0]: 12 ----> 22
[0]: 12 ----> 24
[0]: 12 ----> 26
[0]: 12 ----> 27
[0]: 13 ----> 17
[0]: 13 ----> 26
[0]: 13 ----> 28
[0]: 14 ----> 25
[0]: 14 ----> 27
[0]: 14 ----> 28
[0]: 15 ----> 0
[0]: 16 ----> 0
[0]: 17 ----> 1
[0]: 18 ----> 0
[0]: 18 ----> 2
[0]: 19 ----> 1
[0]: 19 ----> 2
[0]: 20 ----> 3
[0]: 21 ----> 2
[0]: 21 ----> 4
[0]: 22 ----> 3
[0]: 22 ----> 4
[0]: 23 ----> 4
[0]: 24 ----> 3
[0]: 24 ----> 5
[0]: 25 ----> 5
[0]: 26 ----> 1
[0]: 26 ----> 6
[0]: 27 ----> 5
[0]: 27 ----> 6
[0]: 28 ----> 6
[1] Max support size: 6
[1]: 8 ----> 18
[1]: 8 ----> 19
[1]: 9 ----> 17
[1]: 9 ----> 19
[1]: 9 ----> 20
[1]: 9 ----> 21
[1]: 10 ----> 18
[1]: 10 ----> 20
[1]: 10 ----> 23
[1]: 10 ----> 25
[1]: 11 ----> 22
[1]: 11 ----> 24
[1]: 11 ----> 25
[1]: 12 ----> 26
[1]: 12 ----> 27
[1]: 13 ----> 22
[1]: 13 ----> 26
[1]: 13 ----> 28
[1]: 13 ----> 29
[1]: 14 ----> 21
[1]: 14 ----> 23
[1]: 14 ----> 24
[1]: 14 ----> 28
[1]: 14 ----> 30
[1]: 14 ----> 31
[1]: 15 ----> 17
[1]: 15 ----> 30
[1]: 15 ----> 32
[1]: 16 ----> 27
[1]: 16 ----> 29
[1]: 16 ----> 31
[1]: 16 ----> 32
[1]: 17 ----> 0
[1]: 18 ----> 1
[1]: 19 ----> 1
[1]: 20 ----> 1
[1]: 20 ----> 2
[1]: 21 ----> 0
[1]: 21 ----> 2
[1]: 22 ----> 3
[1]: 23 ----> 2
[1]: 23 ----> 4
[1]: 24 ----> 3
[1]: 24 ----> 4
[1]: 25 ----> 4
[1]: 26 ----> 5
[1]: 27 ----> 5
[1]: 28 ----> 3
[1]: 28 ----> 6
[1]: 29 ----> 5
[1]: 29 ----> 6
[1]: 30 ----> 0
[1]: 30 ----> 7
[1]: 31 ----> 6
[1]: 31 ----> 7
[1]: 32 ----> 7
[2] Max support size: 6
[2]: 8 ----> 17
[2]: 8 ----> 18
[2]: 8 ----> 20
[2]: 8 ----> 21
[2]: 9 ----> 19
[2]: 9 ----> 20
[2]: 10 ----> 17
[2]: 10 ----> 19
[2]: 10 ----> 23
[2]: 10 ----> 25
[2]: 11 ----> 22
[2]: 11 ----> 24
[2]: 11 ----> 25
[2]: 12 ----> 26
[2]: 12 ----> 27
[2]: 13 ----> 22
[2]: 13 ----> 26
[2]: 13 ----> 28
[2]: 13 ----> 29
[2]: 14 ----> 18
[2]: 14 ----> 23
[2]: 14 ----> 24
[2]: 14 ----> 28
[2]: 14 ----> 30
[2]: 14 ----> 31
[2]: 15 ----> 21
[2]: 15 ----> 30
[2]: 15 ----> 32
[2]: 16 ----> 27
[2]: 16 ----> 29
[2]: 16 ----> 31
[2]: 16 ----> 32
[2]: 17 ----> 0
[2]: 17 ----> 1
[2]: 18 ----> 0
[2]: 18 ----> 2
[2]: 19 ----> 1
[2]: 20 ----> 1
[2]: 21 ----> 2
[2]: 22 ----> 3
[2]: 23 ----> 0
[2]: 23 ----> 4
[2]: 24 ----> 3
[2]: 24 ----> 4
[2]: 25 ----> 4
[2]: 26 ----> 5
[2]: 27 ----> 5
[2]: 28 ----> 3
[2]: 28 ----> 6
[2]: 29 ----> 5
[2]: 29 ----> 6
[2]: 30 ----> 2
[2]: 30 ----> 7
[2]: 31 ----> 6
[2]: 31 ----> 7
[2]: 32 ----> 7
[3] Max support size: 6
[3]: 8 ----> 18
[3]: 8 ----> 19
[3]: 9 ----> 19
[3]: 9 ----> 20
[3]: 9 ----> 21
[3]: 9 ----> 22
[3]: 10 ----> 18
[3]: 10 ----> 21
[3]: 10 ----> 23
[3]: 10 ----> 25
[3]: 11 ----> 17
[3]: 11 ----> 24
[3]: 11 ----> 25
[3]: 12 ----> 26
[3]: 12 ----> 27
[3]: 13 ----> 17
[3]: 13 ----> 26
[3]: 13 ----> 28
[3]: 13 ----> 29
[3]: 14 ----> 22
[3]: 14 ----> 23
[3]: 14 ----> 24
[3]: 14 ----> 28
[3]: 14 ----> 30
[3]: 14 ----> 31
[3]: 15 ----> 20
[3]: 15 ----> 30
[3]: 15 ----> 32
[3]: 16 ----> 27
[3]: 16 ----> 29
[3]: 16 ----> 31
[3]: 16 ----> 32
[3]: 17 ----> 0
[3]: 18 ----> 1
[3]: 19 ----> 1
[3]: 20 ----> 2
[3]: 21 ----> 1
[3]: 21 ----> 3
[3]: 22 ----> 2
[3]: 22 ----> 3
[3]: 23 ----> 3
[3]: 23 ----> 4
[3]: 24 ----> 0
[3]: 24 ----> 4
[3]: 25 ----> 4
[3]: 26 ----> 5
[3]: 27 ----> 5
[3]: 28 ----> 0
[3]: 28 ----> 6
[3]: 29 ----> 5
[3]: 29 ----> 6
[3]: 30 ----> 2
[3]: 30 ----> 7
[3]: 31 ----> 6
[3]: 31 ----> 7
[3]: 32 ----> 7
[4] Max support size: 6
[4]: 8 ----> 17
[4]: 8 ----> 19
[4]: 8 ----> 20
[4]: 8 ----> 23
[4]: 9 ----> 18
[4]: 9 ----> 19
[4]: 9 ----> 25
[4]: 10 ----> 20
[4]: 10 ----> 21
[4]: 11 ----> 21
[4]: 11 ----> 22
[4]: 11 ----> 23
[4]: 11 ----> 24
[4]: 12 ----> 26
[4]: 12 ----> 27
[4]: 13 ----> 25
[4]: 13 ----> 26
[4]: 13 ----> 28
[4]: 13 ----> 29
[4]: 14 ----> 17
[4]: 14 ----> 18
[4]: 14 ----> 24
[4]: 14 ----> 28
[4]: 14 ----> 30
[4]: 14 ----> 31
[4]: 15 ----> 22
[4]: 15 ----> 30
[4]: 15 ----> 32
[4]: 16 ----> 27
[4]: 16 ----> 29
[4]: 16 ----> 31
[4]: 16 ----> 32
[4]: 17 ----> 0
[4]: 17 ----> 3
[4]: 18 ----> 0
[4]: 18 ----> 4
[4]: 19 ----> 0
[4]: 20 ----> 1
[4]: 21 ----> 1
[4]: 22 ----> 2
[4]: 23 ----> 1
[4]: 23 ----> 3
[4]: 24 ----> 2
[4]: 24 ----> 3
[4]: 25 ----> 4
[4]: 26 ----> 5
[4]: 27 ----> 5
[4]: 28 ----> 4
[4]: 28 ----> 6
[4]: 29 ----> 5
[4]: 29 ----> 6
[4]: 30 ----> 2
[4]: 30 ----> 7
[4]: 31 ----> 6
[4]: 31 ----> 7
[4]: 32 ----> 7
[5] Max support size: 6
[5]: 7 ----> 15
[5]: 7 ----> 16
[5]: 8 ----> 17
[5]: 8 ----> 18
[5]: 8 ----> 19
[5]: 9 ----> 18
[5]: 9 ----> 21
[5]: 9 ----> 23
[5]: 10 ----> 20
[5]: 10 ----> 22
[5]: 10 ----> 23
[5]: 11 ----> 15
[5]: 11 ----> 20
[5]: 11 ----> 24
[5]: 11 ----> 25
[5]: 12 ----> 19
[5]: 12 ----> 21
[5]: 12 ----> 22
[5]: 12 ----> 24
[5]: 12 ----> 26
[5]: 12 ----> 27
[5]: 13 ----> 17
[5]: 13 ----> 26
[5]: 13 ----> 28
[5]: 14 ----> 16
[5]: 14 ----> 25
[5]: 14 ----> 27
[5]: 14 ----> 28
[5]: 15 ----> 0
[5]: 16 ----> 0
[5]: 17 ----> 1
[5]: 18 ----> 2
[5]: 19 ----> 1
[5]: 19 ----> 2
[5]: 20 ----> 3
[5]: 21 ----> 2
[5]: 21 ----> 4
[5]: 22 ----> 3
[5]: 22 ----> 4
[5]: 23 ----> 4
[5]: 24 ----> 3
[5]: 24 ----> 5
[5]: 25 ----> 0
[5]: 25 ----> 5
[5]: 26 ----> 1
[5]: 26 ----> 6
[5]: 27 ----> 5
[5]: 27 ----> 6
[5]: 28 ----> 6
[6] Max support size: 6
[6]: 8 ----> 17
[6]: 8 ----> 18
[6]: 8 ----> 24
[6]: 8 ----> 28
[6]: 9 ----> 19
[6]: 9 ----> 20
[6]: 10 ----> 20
[6]: 10 ----> 21
[6]: 10 ----> 22
[6]: 10 ----> 23
[6]: 11 ----> 19
[6]: 11 ----> 22
[6]: 11 ----> 25
[6]: 11 ----> 27
[6]: 12 ----> 24
[6]: 12 ----> 26
[6]: 12 ----> 27
[6]: 13 ----> 28
[6]: 13 ----> 29
[6]: 14 ----> 17
[6]: 14 ----> 23
[6]: 14 ----> 25
[6]: 14 ----> 26
[6]: 14 ----> 30
[6]: 14 ----> 31
[6]: 15 ----> 21
[6]: 15 ----> 30
[6]: 15 ----> 32
[6]: 16 ----> 18
[6]: 16 ----> 29
[6]: 16 ----> 31
[6]: 16 ----> 32
[6]: 17 ----> 0
[6]: 17 ----> 4
[6]: 18 ----> 0
[6]: 18 ----> 6
[6]: 19 ----> 1
[6]: 20 ----> 1
[6]: 21 ----> 2
[6]: 22 ----> 1
[6]: 22 ----> 3
[6]: 23 ----> 2
[6]: 23 ----> 3
[6]: 24 ----> 4
[6]: 25 ----> 3
[6]: 25 ----> 5
[6]: 26 ----> 4
[6]: 26 ----> 5
[6]: 27 ----> 5
[6]: 28 ----> 6
[6]: 29 ----> 6
[6]: 30 ----> 2
[6]: 30 ----> 7
[6]: 31 ----> 0
[6]: 31 ----> 7
[6]: 32 ----> 7
[7] Max support size: 6
[7]: 8 ----> 17
[7]: 8 ----> 18
[7]: 8 ----> 24
[7]: 8 ----> 26
[7]: 8 ----> 27
[7]: 8 ----> 31
[7]: 9 ----> 17
[7]: 9 ----> 19
[7]: 9 ----> 22
[7]: 10 ----> 18
[7]: 10 ----> 19
[7]: 10 ----> 30
[7]: 10 ----> 32
[7]: 11 ----> 20
[7]: 11 ----> 21
[7]: 12 ----> 21
[7]: 12 ----> 22
[7]: 12 ----> 23
[7]: 12 ----> 24
[7]: 13 ----> 20
[7]: 13 ----> 23
[7]: 13 ----> 26
[7]: 13 ----> 28
[7]: 14 ----> 25
[7]: 14 ----> 27
[7]: 14 ----> 28
[7]: 15 ----> 29
[7]: 15 ----> 30
[7]: 16 ----> 25
[7]: 16 ----> 29
[7]: 16 ----> 31
[7]: 16 ----> 32
[7]: 17 ----> 0
[7]: 17 ----> 2
[7]: 18 ----> 0
[7]: 18 ----> 7
[7]: 19 ----> 0
[7]: 20 ----> 1
[7]: 21 ----> 1
[7]: 22 ----> 2
[7]: 23 ----> 1
[7]: 23 ----> 3
[7]: 24 ----> 2
[7]: 24 ----> 3
[7]: 25 ----> 4
[7]: 26 ----> 3
[7]: 26 ----> 5
[7]: 27 ----> 4
[7]: 27 ----> 5
[7]: 28 ----> 5
[7]: 29 ----> 6
[7]: 30 ----> 6
[7]: 31 ----> 4
[7]: 31 ----> 7
[7]: 32 ----> 6
[7]: 32 ----> 7
Cones:
[0] Max cone size: 3
[0]: 0 <---- 15 (0)
[0]: 0 <---- 18 (0)
[0]: 0 <---- 16 (0)
[0]: 1 <---- 26 (0)
[0]: 1 <---- 17 (0)
[0]: 1 <---- 19 (0)
[0]: 2 <---- 18 (-2)
[0]: 2 <---- 21 (0)
[0]: 2 <---- 19 (-2)
[0]: 3 <---- 22 (0)
[0]: 3 <---- 20 (0)
[0]: 3 <---- 24 (0)
[0]: 4 <---- 22 (-2)
[0]: 4 <---- 21 (-2)
[0]: 4 <---- 23 (0)
[0]: 5 <---- 25 (-2)
[0]: 5 <---- 27 (0)
[0]: 5 <---- 24 (-2)
[0]: 6 <---- 27 (-2)
[0]: 6 <---- 28 (0)
[0]: 6 <---- 26 (-2)
[0]: 15 <---- 7 (0)
[0]: 15 <---- 9 (0)
[0]: 16 <---- 8 (0)
[0]: 16 <---- 7 (0)
[0]: 17 <---- 13 (0)
[0]: 17 <---- 8 (0)
[0]: 18 <---- 9 (0)
[0]: 18 <---- 8 (0)
[0]: 19 <---- 8 (0)
[0]: 19 <---- 12 (0)
[0]: 20 <---- 10 (0)
[0]: 20 <---- 11 (0)
[0]: 21 <---- 9 (0)
[0]: 21 <---- 12 (0)
[0]: 22 <---- 12 (0)
[0]: 22 <---- 10 (0)
[0]: 23 <---- 9 (0)
[0]: 23 <---- 10 (0)
[0]: 24 <---- 11 (0)
[0]: 24 <---- 12 (0)
[0]: 25 <---- 14 (0)
[0]: 25 <---- 11 (0)
[0]: 26 <---- 12 (0)
[0]: 26 <---- 13 (0)
[0]: 27 <---- 14 (0)
[0]: 27 <---- 12 (0)
[0]: 28 <---- 14 (0)
[0]: 28 <---- 13 (0)
[1] Max cone size: 3
[1]: 0 <---- 30 (0)
[1]: 0 <---- 17 (0)
[1]: 0 <---- 21 (0)
[1]: 1 <---- 18 (0)
[1]: 1 <---- 20 (0)
[1]: 1 <---- 19 (0)
[1]: 2 <---- 20 (-2)
[1]: 2 <---- 23 (0)
[1]: 2 <---- 21 (-2)
[1]: 3 <---- 24 (0)
[1]: 3 <---- 22 (0)
[1]: 3 <---- 28 (0)
[1]: 4 <---- 24 (-2)
[1]: 4 <---- 23 (-2)
[1]: 4 <---- 25 (0)
[1]: 5 <---- 29 (0)
[1]: 5 <---- 26 (0)
[1]: 5 <---- 27 (0)
[1]: 6 <---- 29 (-2)
[1]: 6 <---- 31 (0)
[1]: 6 <---- 28 (-2)
[1]: 7 <---- 31 (-2)
[1]: 7 <---- 32 (0)
[1]: 7 <---- 30 (-2)
[1]: 17 <---- 15 (0)
[1]: 17 <---- 9 (0)
[1]: 18 <---- 8 (0)
[1]: 18 <---- 10 (0)
[1]: 19 <---- 9 (0)
[1]: 19 <---- 8 (0)
[1]: 20 <---- 10 (0)
[1]: 20 <---- 9 (0)
[1]: 21 <---- 9 (0)
[1]: 21 <---- 14 (0)
[1]: 22 <---- 11 (0)
[1]: 22 <---- 13 (0)
[1]: 23 <---- 10 (0)
[1]: 23 <---- 14 (0)
[1]: 24 <---- 14 (0)
[1]: 24 <---- 11 (0)
[1]: 25 <---- 10 (0)
[1]: 25 <---- 11 (0)
[1]: 26 <---- 13 (0)
[1]: 26 <---- 12 (0)
[1]: 27 <---- 12 (0)
[1]: 27 <---- 16 (0)
[1]: 28 <---- 13 (0)
[1]: 28 <---- 14 (0)
[1]: 29 <---- 16 (0)
[1]: 29 <---- 13 (0)
[1]: 30 <---- 14 (0)
[1]: 30 <---- 15 (0)
[1]: 31 <---- 16 (0)
[1]: 31 <---- 14 (0)
[1]: 32 <---- 16 (0)
[1]: 32 <---- 15 (0)
[2] Max cone size: 3
[2]: 0 <---- 17 (-2)
[2]: 0 <---- 23 (0)
[2]: 0 <---- 18 (-2)
[2]: 1 <---- 19 (0)
[2]: 1 <---- 17 (0)
[2]: 1 <---- 20 (0)
[2]: 2 <---- 30 (0)
[2]: 2 <---- 21 (0)
[2]: 2 <---- 18 (0)
[2]: 3 <---- 24 (0)
[2]: 3 <---- 22 (0)
[2]: 3 <---- 28 (0)
[2]: 4 <---- 24 (-2)
[2]: 4 <---- 23 (-2)
[2]: 4 <---- 25 (0)
[2]: 5 <---- 29 (0)
[2]: 5 <---- 26 (0)
[2]: 5 <---- 27 (0)
[2]: 6 <---- 29 (-2)
[2]: 6 <---- 31 (0)
[2]: 6 <---- 28 (-2)
[2]: 7 <---- 31 (-2)
[2]: 7 <---- 32 (0)
[2]: 7 <---- 30 (-2)
[2]: 17 <---- 10 (0)
[2]: 17 <---- 8 (0)
[2]: 18 <---- 8 (0)
[2]: 18 <---- 14 (0)
[2]: 19 <---- 9 (0)
[2]: 19 <---- 10 (0)
[2]: 20 <---- 8 (0)
[2]: 20 <---- 9 (0)
[2]: 21 <---- 15 (0)
[2]: 21 <---- 8 (0)
[2]: 22 <---- 11 (0)
[2]: 22 <---- 13 (0)
[2]: 23 <---- 10 (0)
[2]: 23 <---- 14 (0)
[2]: 24 <---- 14 (0)
[2]: 24 <---- 11 (0)
[2]: 25 <---- 10 (0)
[2]: 25 <---- 11 (0)
[2]: 26 <---- 13 (0)
[2]: 26 <---- 12 (0)
[2]: 27 <---- 12 (0)
[2]: 27 <---- 16 (0)
[2]: 28 <---- 13 (0)
[2]: 28 <---- 14 (0)
[2]: 29 <---- 16 (0)
[2]: 29 <---- 13 (0)
[2]: 30 <---- 14 (0)
[2]: 30 <---- 15 (0)
[2]: 31 <---- 16 (0)
[2]: 31 <---- 14 (0)
[2]: 32 <---- 16 (0)
[2]: 32 <---- 15 (0)
[3] Max cone size: 3
[3]: 0 <---- 24 (0)
[3]: 0 <---- 17 (0)
[3]: 0 <---- 28 (0)
[3]: 1 <---- 18 (0)
[3]: 1 <---- 21 (0)
[3]: 1 <---- 19 (0)
[3]: 2 <---- 30 (0)
[3]: 2 <---- 20 (0)
[3]: 2 <---- 22 (0)
[3]: 3 <---- 21 (-2)
[3]: 3 <---- 23 (0)
[3]: 3 <---- 22 (-2)
[3]: 4 <---- 24 (-2)
[3]: 4 <---- 23 (-2)
[3]: 4 <---- 25 (0)
[3]: 5 <---- 29 (0)
[3]: 5 <---- 26 (0)
[3]: 5 <---- 27 (0)
[3]: 6 <---- 29 (-2)
[3]: 6 <---- 31 (0)
[3]: 6 <---- 28 (-2)
[3]: 7 <---- 31 (-2)
[3]: 7 <---- 32 (0)
[3]: 7 <---- 30 (-2)
[3]: 17 <---- 11 (0)
[3]: 17 <---- 13 (0)
[3]: 18 <---- 8 (0)
[3]: 18 <---- 10 (0)
[3]: 19 <---- 9 (0)
[3]: 19 <---- 8 (0)
[3]: 20 <---- 15 (0)
[3]: 20 <---- 9 (0)
[3]: 21 <---- 10 (0)
[3]: 21 <---- 9 (0)
[3]: 22 <---- 9 (0)
[3]: 22 <---- 14 (0)
[3]: 23 <---- 10 (0)
[3]: 23 <---- 14 (0)
[3]: 24 <---- 14 (0)
[3]: 24 <---- 11 (0)
[3]: 25 <---- 10 (0)
[3]: 25 <---- 11 (0)
[3]: 26 <---- 13 (0)
[3]: 26 <---- 12 (0)
[3]: 27 <---- 12 (0)
[3]: 27 <---- 16 (0)
[3]: 28 <---- 13 (0)
[3]: 28 <---- 14 (0)
[3]: 29 <---- 16 (0)
[3]: 29 <---- 13 (0)
[3]: 30 <---- 14 (0)
[3]: 30 <---- 15 (0)
[3]: 31 <---- 16 (0)
[3]: 31 <---- 14 (0)
[3]: 32 <---- 16 (0)
[3]: 32 <---- 15 (0)
[4] Max cone size: 3
[4]: 0 <---- 18 (-2)
[4]: 0 <---- 17 (-2)
[4]: 0 <---- 19 (0)
[4]: 1 <---- 20 (0)
[4]: 1 <---- 23 (0)
[4]: 1 <---- 21 (0)
[4]: 2 <---- 30 (0)
[4]: 2 <---- 22 (0)
[4]: 2 <---- 24 (0)
[4]: 3 <---- 23 (-2)
[4]: 3 <---- 17 (0)
[4]: 3 <---- 24 (-2)
[4]: 4 <---- 18 (0)
[4]: 4 <---- 25 (0)
[4]: 4 <---- 28 (0)
[4]: 5 <---- 29 (0)
[4]: 5 <---- 26 (0)
[4]: 5 <---- 27 (0)
[4]: 6 <---- 29 (-2)
[4]: 6 <---- 31 (0)
[4]: 6 <---- 28 (-2)
[4]: 7 <---- 31 (-2)
[4]: 7 <---- 32 (0)
[4]: 7 <---- 30 (-2)
[4]: 17 <---- 8 (0)
[4]: 17 <---- 14 (0)
[4]: 18 <---- 14 (0)
[4]: 18 <---- 9 (0)
[4]: 19 <---- 8 (0)
[4]: 19 <---- 9 (0)
[4]: 20 <---- 10 (0)
[4]: 20 <---- 8 (0)
[4]: 21 <---- 11 (0)
[4]: 21 <---- 10 (0)
[4]: 22 <---- 15 (0)
[4]: 22 <---- 11 (0)
[4]: 23 <---- 8 (0)
[4]: 23 <---- 11 (0)
[4]: 24 <---- 11 (0)
[4]: 24 <---- 14 (0)
[4]: 25 <---- 9 (0)
[4]: 25 <---- 13 (0)
[4]: 26 <---- 13 (0)
[4]: 26 <---- 12 (0)
[4]: 27 <---- 12 (0)
[4]: 27 <---- 16 (0)
[4]: 28 <---- 13 (0)
[4]: 28 <---- 14 (0)
[4]: 29 <---- 16 (0)
[4]: 29 <---- 13 (0)
[4]: 30 <---- 14 (0)
[4]: 30 <---- 15 (0)
[4]: 31 <---- 16 (0)
[4]: 31 <---- 14 (0)
[4]: 32 <---- 16 (0)
[4]: 32 <---- 15 (0)
[5] Max cone size: 3
[5]: 0 <---- 25 (0)
[5]: 0 <---- 15 (0)
[5]: 0 <---- 16 (0)
[5]: 1 <---- 26 (0)
[5]: 1 <---- 17 (0)
[5]: 1 <---- 19 (0)
[5]: 2 <---- 18 (-2)
[5]: 2 <---- 21 (0)
[5]: 2 <---- 19 (-2)
[5]: 3 <---- 22 (0)
[5]: 3 <---- 20 (0)
[5]: 3 <---- 24 (0)
[5]: 4 <---- 22 (-2)
[5]: 4 <---- 21 (-2)
[5]: 4 <---- 23 (0)
[5]: 5 <---- 25 (-2)
[5]: 5 <---- 27 (0)
[5]: 5 <---- 24 (-2)
[5]: 6 <---- 27 (-2)
[5]: 6 <---- 28 (0)
[5]: 6 <---- 26 (-2)
[5]: 15 <---- 11 (0)
[5]: 15 <---- 7 (0)
[5]: 16 <---- 7 (0)
[5]: 16 <---- 14 (0)
[5]: 17 <---- 13 (0)
[5]: 17 <---- 8 (0)
[5]: 18 <---- 9 (0)
[5]: 18 <---- 8 (0)
[5]: 19 <---- 8 (0)
[5]: 19 <---- 12 (0)
[5]: 20 <---- 10 (0)
[5]: 20 <---- 11 (0)
[5]: 21 <---- 9 (0)
[5]: 21 <---- 12 (0)
[5]: 22 <---- 12 (0)
[5]: 22 <---- 10 (0)
[5]: 23 <---- 9 (0)
[5]: 23 <---- 10 (0)
[5]: 24 <---- 11 (0)
[5]: 24 <---- 12 (0)
[5]: 25 <---- 14 (0)
[5]: 25 <---- 11 (0)
[5]: 26 <---- 12 (0)
[5]: 26 <---- 13 (0)
[5]: 27 <---- 14 (0)
[5]: 27 <---- 12 (0)
[5]: 28 <---- 14 (0)
[5]: 28 <---- 13 (0)
[6] Max cone size: 3
[6]: 0 <---- 18 (-2)
[6]: 0 <---- 31 (0)
[6]: 0 <---- 17 (-2)
[6]: 1 <---- 19 (0)
[6]: 1 <---- 22 (0)
[6]: 1 <---- 20 (0)
[6]: 2 <---- 30 (0)
[6]: 2 <---- 21 (0)
[6]: 2 <---- 23 (0)
[6]: 3 <---- 22 (-2)
[6]: 3 <---- 25 (0)
[6]: 3 <---- 23 (-2)
[6]: 4 <---- 26 (0)
[6]: 4 <---- 24 (0)
[6]: 4 <---- 17 (0)
[6]: 5 <---- 26 (-2)
[6]: 5 <---- 25 (-2)
[6]: 5 <---- 27 (0)
[6]: 6 <---- 18 (0)
[6]: 6 <---- 28 (0)
[6]: 6 <---- 29 (0)
[6]: 7 <---- 31 (-2)
[6]: 7 <---- 32 (0)
[6]: 7 <---- 30 (-2)
[6]: 17 <---- 8 (0)
[6]: 17 <---- 14 (0)
[6]: 18 <---- 16 (0)
[6]: 18 <---- 8 (0)
[6]: 19 <---- 9 (0)
[6]: 19 <---- 11 (0)
[6]: 20 <---- 10 (0)
[6]: 20 <---- 9 (0)
[6]: 21 <---- 15 (0)
[6]: 21 <---- 10 (0)
[6]: 22 <---- 11 (0)
[6]: 22 <---- 10 (0)
[6]: 23 <---- 10 (0)
[6]: 23 <---- 14 (0)
[6]: 24 <---- 12 (0)
[6]: 24 <---- 8 (0)
[6]: 25 <---- 11 (0)
[6]: 25 <---- 14 (0)
[6]: 26 <---- 14 (0)
[6]: 26 <---- 12 (0)
[6]: 27 <---- 11 (0)
[6]: 27 <---- 12 (0)
[6]: 28 <---- 8 (0)
[6]: 28 <---- 13 (0)
[6]: 29 <---- 13 (0)
[6]: 29 <---- 16 (0)
[6]: 30 <---- 14 (0)
[6]: 30 <---- 15 (0)
[6]: 31 <---- 16 (0)
[6]: 31 <---- 14 (0)
[6]: 32 <---- 16 (0)
[6]: 32 <---- 15 (0)
[7] Max cone size: 3
[7]: 0 <---- 18 (-2)
[7]: 0 <---- 19 (0)
[7]: 0 <---- 17 (-2)
[7]: 1 <---- 20 (0)
[7]: 1 <---- 23 (0)
[7]: 1 <---- 21 (0)
[7]: 2 <---- 17 (0)
[7]: 2 <---- 22 (0)
[7]: 2 <---- 24 (0)
[7]: 3 <---- 23 (-2)
[7]: 3 <---- 26 (0)
[7]: 3 <---- 24 (-2)
[7]: 4 <---- 27 (0)
[7]: 4 <---- 25 (0)
[7]: 4 <---- 31 (0)
[7]: 5 <---- 27 (-2)
[7]: 5 <---- 26 (-2)
[7]: 5 <---- 28 (0)
[7]: 6 <---- 32 (0)
[7]: 6 <---- 29 (0)
[7]: 6 <---- 30 (0)
[7]: 7 <---- 32 (-2)
[7]: 7 <---- 18 (0)
[7]: 7 <---- 31 (-2)
[7]: 17 <---- 8 (0)
[7]: 17 <---- 9 (0)
[7]: 18 <---- 10 (0)
[7]: 18 <---- 8 (0)
[7]: 19 <---- 10 (0)
[7]: 19 <---- 9 (0)
[7]: 20 <---- 11 (0)
[7]: 20 <---- 13 (0)
[7]: 21 <---- 12 (0)
[7]: 21 <---- 11 (0)
[7]: 22 <---- 9 (0)
[7]: 22 <---- 12 (0)
[7]: 23 <---- 13 (0)
[7]: 23 <---- 12 (0)
[7]: 24 <---- 12 (0)
[7]: 24 <---- 8 (0)
[7]: 25 <---- 14 (0)
[7]: 25 <---- 16 (0)
[7]: 26 <---- 13 (0)
[7]: 26 <---- 8 (0)
[7]: 27 <---- 8 (0)
[7]: 27 <---- 14 (0)
[7]: 28 <---- 13 (0)
[7]: 28 <---- 14 (0)
[7]: 29 <---- 16 (0)
[7]: 29 <---- 15 (0)
[7]: 30 <---- 15 (0)
[7]: 30 <---- 10 (0)
[7]: 31 <---- 16 (0)
[7]: 31 <---- 8 (0)
[7]: 32 <---- 10 (0)
[7]: 32 <---- 16 (0)
coordinates with 1 fields
  field 0 with 2 components
Process 0:
  (   7) dim  2 offset   0 0. 0.
  (   8) dim  2 offset   2 0. 0.5
  (   9) dim  2 offset   4 0.5 0.
  (  10) dim  2 offset   6 1. 0.
  (  11) dim  2 offset   8 1. 0.5
  (  12) dim  2 offset  10 0.5 0.5
  (  13) dim  2 offset  12 0. 1.
  (  14) dim  2 offset  14 0.5 1.
Process 1:
  (   8) dim  2 offset   0 0. 0.
  (   9) dim  2 offset   2 0. 0.5
  (  10) dim  2 offset   4 0.5 0.
  (  11) dim  2 offset   6 1. 0.
  (  12) dim  2 offset   8 1. 1.
  (  13) dim  2 offset  10 1. 0.5
  (  14) dim  2 offset  12 0.5 0.5
  (  15) dim  2 offset  14 0. 1.
  (  16) dim  2 offset  16 0.5 1.
Process 2:
  (   8) dim  2 offset   0 0. 0.5
  (   9) dim  2 offset   2 0. 0.
  (  10) dim  2 offset   4 0.5 0.
  (  11) dim  2 offset   6 1. 0.
  (  12) dim  2 offset   8 1. 1.
  (  13) dim  2 offset  10 1. 0.5
  (  14) dim  2 offset  12 0.5 0.5
  (  15) dim  2 offset  14 0. 1.
  (  16) dim  2 offset  16 0.5 1.
Process 3:
  (   8) dim  2 offset   0 0. 0.
  (   9) dim  2 offset   2 0. 0.5
  (  10) dim  2 offset   4 0.5 0.
  (  11) dim  2 offset   6 1. 0.
  (  12) dim  2 offset   8 1. 1.
  (  13) dim  2 offset  10 1. 0.5
  (  14) dim  2 offset  12 0.5 0.5
  (  15) dim  2 offset  14 0. 1.
  (  16) dim  2 offset  16 0.5 1.
Process 4:
  (   8) dim  2 offset   0 0.5 0.
  (   9) dim  2 offset   2 1. 0.
  (  10) dim  2 offset   4 0. 0.
  (  11) dim  2 offset   6 0. 0.5
  (  12) dim  2 offset   8 1. 1.
  (  13) dim  2 offset  10 1. 0.5
  (  14) dim  2 offset  12 0.5 0.5
  (  15) dim  2 offset  14 0. 1.
  (  16) dim  2 offset  16 0.5 1.
Process 5:
  (   7) dim  2 offset   0 1. 1.
  (   8) dim  2 offset   2 0. 0.5
  (   9) dim  2 offset   4 0.5 0.
  (  10) dim  2 offset   6 1. 0.
  (  11) dim  2 offset   8 1. 0.5
  (  12) dim  2 offset  10 0.5 0.5
  (  13) dim  2 offset  12 0. 1.
  (  14) dim  2 offset  14 0.5 1.
Process 6:
  (   8) dim  2 offset   0 1. 0.5
  (   9) dim  2 offset   2 0. 0.
  (  10) dim  2 offset   4 0. 0.5
  (  11) dim  2 offset   6 0.5 0.
  (  12) dim  2 offset   8 1. 0.
  (  13) dim  2 offset  10 1. 1.
  (  14) dim  2 offset  12 0.5 0.5
  (  15) dim  2 offset  14 0. 1.
  (  16) dim  2 offset  16 0.5 1.
Process 7:
  (   8) dim  2 offset   0 0.5 0.5
  (   9) dim  2 offset   2 0. 1.
  (  10) dim  2 offset   4 0.5 1.
  (  11) dim  2 offset   6 0. 0.
  (  12) dim  2 offset   8 0. 0.5
  (  13) dim  2 offset  10 0.5 0.
  (  14) dim  2 offset  12 1. 0.
  (  15) dim  2 offset  14 1. 1.
  (  16) dim  2 offset  16 1. 0.5
Label 'marker':
[0]: 7 (1)
[0]: 8 (1)
[0]: 9 (1)
[0]: 10 (1)
[0]: 11 (1)
[0]: 13 (1)
[0]: 14 (1)
[0]: 15 (1)
[0]: 16 (1)
[0]: 17 (1)
[0]: 20 (1)
[0]: 23 (1)
[0]: 28 (1)
[1]: 8 (1)
[1]: 9 (1)
[1]: 10 (1)
[1]: 11 (1)
[1]: 12 (1)
[1]: 13 (1)
[1]: 15 (1)
[1]: 16 (1)
[1]: 17 (1)
[1]: 18 (1)
[1]: 19 (1)
[1]: 22 (1)
[1]: 25 (1)
[1]: 26 (1)
[1]: 27 (1)
[1]: 32 (1)
[2]: 8 (1)
[2]: 9 (1)
[2]: 10 (1)
[2]: 11 (1)
[2]: 12 (1)
[2]: 13 (1)
[2]: 15 (1)
[2]: 16 (1)
[2]: 19 (1)
[2]: 20 (1)
[2]: 21 (1)
[2]: 22 (1)
[2]: 25 (1)
[2]: 26 (1)
[2]: 27 (1)
[2]: 32 (1)
[3]: 8 (1)
[3]: 9 (1)
[3]: 10 (1)
[3]: 11 (1)
[3]: 12 (1)
[3]: 13 (1)
[3]: 15 (1)
[3]: 16 (1)
[3]: 17 (1)
[3]: 18 (1)
[3]: 19 (1)
[3]: 20 (1)
[3]: 25 (1)
[3]: 26 (1)
[3]: 27 (1)
[3]: 32 (1)
[4]: 8 (1)
[4]: 9 (1)
[4]: 10 (1)
[4]: 11 (1)
[4]: 12 (1)
[4]: 13 (1)
[4]: 15 (1)
[4]: 16 (1)
[4]: 19 (1)
[4]: 20 (1)
[4]: 21 (1)
[4]: 22 (1)
[4]: 25 (1)
[4]: 26 (1)
[4]: 27 (1)
[4]: 32 (1)
[5]: 7 (1)
[5]: 8 (1)
[5]: 9 (1)
[5]: 10 (1)
[5]: 11 (1)
[5]: 13 (1)
[5]: 14 (1)
[5]: 15 (1)
[5]: 16 (1)
[5]: 17 (1)
[5]: 20 (1)
[5]: 23 (1)
[5]: 28 (1)
[6]: 8 (1)
[6]: 9 (1)
[6]: 10 (1)
[6]: 11 (1)
[6]: 12 (1)
[6]: 13 (1)
[6]: 15 (1)
[6]: 16 (1)
[6]: 19 (1)
[6]: 20 (1)
[6]: 21 (1)
[6]: 24 (1)
[6]: 27 (1)
[6]: 28 (1)
[6]: 29 (1)
[6]: 32 (1)
[7]: 9 (1)
[7]: 10 (1)
[7]: 11 (1)
[7]: 12 (1)
[7]: 13 (1)
[7]: 14 (1)
[7]: 15 (1)
[7]: 16 (1)
[7]: 19 (1)
[7]: 20 (1)
[7]: 21 (1)
[7]: 22 (1)
[7]: 25 (1)
[7]: 28 (1)
[7]: 29 (1)
[7]: 30 (1)
PetscSF Object: 8 MPI processes
  type: basic
    sort=rank-order
  [0] Number of roots=29, leaves=25, remote ranks=6
  [0] 1 <- (1,0)
  [0] 2 <- (2,0)
  [0] 3 <- (3,0)
  [0] 4 <- (4,0)
  [0] 5 <- (6,0)
  [0] 6 <- (7,0)
  [0] 8 <- (2,8)
  [0] 9 <- (4,8)
  [0] 10 <- (4,9)
  [0] 11 <- (6,8)
  [0] 12 <- (7,8)
  [0] 13 <- (7,9)
  [0] 14 <- (7,10)
  [0] 17 <- (1,17)
  [0] 18 <- (2,17)
  [0] 19 <- (2,18)
  [0] 20 <- (3,17)
  [0] 21 <- (4,17)
  [0] 22 <- (4,18)
  [0] 23 <- (4,19)
  [0] 24 <- (6,17)
  [0] 25 <- (6,18)
  [0] 26 <- (7,17)
  [0] 27 <- (7,18)
  [0] 28 <- (7,19)
  [1] Number of roots=33, leaves=31, remote ranks=7
  [1] 1 <- (0,0)
  [1] 2 <- (2,0)
  [1] 3 <- (3,0)
  [1] 4 <- (4,0)
  [1] 5 <- (5,0)
  [1] 6 <- (6,0)
  [1] 7 <- (7,0)
  [1] 8 <- (0,7)
  [1] 9 <- (2,8)
  [1] 10 <- (4,8)
  [1] 11 <- (4,9)
  [1] 12 <- (5,7)
  [1] 13 <- (6,8)
  [1] 14 <- (7,8)
  [1] 15 <- (7,9)
  [1] 16 <- (7,10)
  [1] 18 <- (0,15)
  [1] 19 <- (0,16)
  [1] 20 <- (2,17)
  [1] 21 <- (2,18)
  [1] 22 <- (3,17)
  [1] 23 <- (4,17)
  [1] 24 <- (4,18)
  [1] 25 <- (4,19)
  [1] 26 <- (5,15)
  [1] 27 <- (5,16)
  [1] 28 <- (6,17)
  [1] 29 <- (6,18)
  [1] 30 <- (7,17)
  [1] 31 <- (7,18)
  [1] 32 <- (7,19)
  [2] Number of roots=33, leaves=29, remote ranks=7
  [2] 1 <- (0,0)
  [2] 2 <- (1,0)
  [2] 3 <- (3,0)
  [2] 4 <- (4,0)
  [2] 5 <- (5,0)
  [2] 6 <- (6,0)
  [2] 7 <- (7,0)
  [2] 9 <- (0,7)
  [2] 10 <- (4,8)
  [2] 11 <- (4,9)
  [2] 12 <- (5,7)
  [2] 13 <- (6,8)
  [2] 14 <- (7,8)
  [2] 15 <- (7,9)
  [2] 16 <- (7,10)
  [2] 19 <- (0,15)
  [2] 20 <- (0,16)
  [2] 21 <- (1,17)
  [2] 22 <- (3,17)
  [2] 23 <- (4,17)
  [2] 24 <- (4,18)
  [2] 25 <- (4,19)
  [2] 26 <- (5,15)
  [2] 27 <- (5,16)
  [2] 28 <- (6,17)
  [2] 29 <- (6,18)
  [2] 30 <- (7,17)
  [2] 31 <- (7,18)
  [2] 32 <- (7,19)
  [3] Number of roots=33, leaves=31, remote ranks=7
  [3] 1 <- (0,0)
  [3] 2 <- (1,0)
  [3] 3 <- (2,0)
  [3] 4 <- (4,0)
  [3] 5 <- (5,0)
  [3] 6 <- (6,0)
  [3] 7 <- (7,0)
  [3] 8 <- (0,7)
  [3] 9 <- (2,8)
  [3] 10 <- (4,8)
  [3] 11 <- (4,9)
  [3] 12 <- (5,7)
  [3] 13 <- (6,8)
  [3] 14 <- (7,8)
  [3] 15 <- (7,9)
  [3] 16 <- (7,10)
  [3] 18 <- (0,15)
  [3] 19 <- (0,16)
  [3] 20 <- (1,17)
  [3] 21 <- (2,17)
  [3] 22 <- (2,18)
  [3] 23 <- (4,17)
  [3] 24 <- (4,18)
  [3] 25 <- (4,19)
  [3] 26 <- (5,15)
  [3] 27 <- (5,16)
  [3] 28 <- (6,17)
  [3] 29 <- (6,18)
  [3] 30 <- (7,17)
  [3] 31 <- (7,18)
  [3] 32 <- (7,19)
  [4] Number of roots=33, leaves=27, remote ranks=7
  [4] 1 <- (0,0)
  [4] 2 <- (1,0)
  [4] 3 <- (2,0)
  [4] 4 <- (3,0)
  [4] 5 <- (5,0)
  [4] 6 <- (6,0)
  [4] 7 <- (7,0)
  [4] 10 <- (0,7)
  [4] 11 <- (2,8)
  [4] 12 <- (5,7)
  [4] 13 <- (6,8)
  [4] 14 <- (7,8)
  [4] 15 <- (7,9)
  [4] 16 <- (7,10)
  [4] 20 <- (0,15)
  [4] 21 <- (0,16)
  [4] 22 <- (1,17)
  [4] 23 <- (2,17)
  [4] 24 <- (2,18)
  [4] 25 <- (3,17)
  [4] 26 <- (5,15)
  [4] 27 <- (5,16)
  [4] 28 <- (6,17)
  [4] 29 <- (6,18)
  [4] 30 <- (7,17)
  [4] 31 <- (7,18)
  [4] 32 <- (7,19)
  [5] Number of roots=29, leaves=25, remote ranks=6
  [5] 1 <- (1,0)
  [5] 2 <- (2,0)
  [5] 3 <- (3,0)
  [5] 4 <- (4,0)
  [5] 5 <- (6,0)
  [5] 6 <- (7,0)
  [5] 8 <- (2,8)
  [5] 9 <- (4,8)
  [5] 10 <- (4,9)
  [5] 11 <- (6,8)
  [5] 12 <- (7,8)
  [5] 13 <- (7,9)
  [5] 14 <- (7,10)
  [5] 17 <- (1,17)
  [5] 18 <- (2,17)
  [5] 19 <- (2,18)
  [5] 20 <- (3,17)
  [5] 21 <- (4,17)
  [5] 22 <- (4,18)
  [5] 23 <- (4,19)
  [5] 24 <- (6,17)
  [5] 25 <- (6,18)
  [5] 26 <- (7,17)
  [5] 27 <- (7,18)
  [5] 28 <- (7,19)
  [6] Number of roots=33, leaves=29, remote ranks=7
  [6] 1 <- (0,0)
  [6] 2 <- (1,0)
  [6] 3 <- (2,0)
  [6] 4 <- (3,0)
  [6] 5 <- (4,0)
  [6] 6 <- (5,0)
  [6] 7 <- (7,0)
  [6] 9 <- (0,7)
  [6] 10 <- (2,8)
  [6] 11 <- (4,8)
  [6] 12 <- (4,9)
  [6] 13 <- (5,7)
  [6] 14 <- (7,8)
  [6] 15 <- (7,9)
  [6] 16 <- (7,10)
  [6] 19 <- (0,15)
  [6] 20 <- (0,16)
  [6] 21 <- (1,17)
  [6] 22 <- (2,17)
  [6] 23 <- (2,18)
  [6] 24 <- (3,17)
  [6] 25 <- (4,17)
  [6] 26 <- (4,18)
  [6] 27 <- (4,19)
  [6] 28 <- (5,15)
  [6] 29 <- (5,16)
  [6] 30 <- (7,17)
  [6] 31 <- (7,18)
  [6] 32 <- (7,19)
  [7] Number of roots=33, leaves=26, remote ranks=7
  [7] 1 <- (0,0)
  [7] 2 <- (1,0)
  [7] 3 <- (2,0)
  [7] 4 <- (3,0)
  [7] 5 <- (4,0)
  [7] 6 <- (5,0)
  [7] 7 <- (6,0)
  [7] 11 <- (0,7)
  [7] 12 <- (2,8)
  [7] 13 <- (4,8)
  [7] 14 <- (4,9)
  [7] 15 <- (5,7)
  [7] 16 <- (6,8)
  [7] 20 <- (0,15)
  [7] 21 <- (0,16)
  [7] 22 <- (1,17)
  [7] 23 <- (2,17)
  [7] 24 <- (2,18)
  [7] 25 <- (3,17)
  [7] 26 <- (4,17)
  [7] 27 <- (4,18)
  [7] 28 <- (4,19)
  [7] 29 <- (5,15)
  [7] 30 <- (5,16)
  [7] 31 <- (6,17)
  [7] 32 <- (6,18)
  [0] Roots referenced by my leaves, by rank
  [0] 1: 2 edges
  [0]    1 <- 0
  [0]    17 <- 17
  [0] 2: 4 edges
  [0]    2 <- 0
  [0]    8 <- 8
  [0]    18 <- 17
  [0]    19 <- 18
  [0] 3: 2 edges
  [0]    3 <- 0
  [0]    20 <- 17
  [0] 4: 6 edges
  [0]    4 <- 0
  [0]    9 <- 8
  [0]    10 <- 9
  [0]    21 <- 17
  [0]    22 <- 18
  [0]    23 <- 19
  [0] 6: 4 edges
  [0]    5 <- 0
  [0]    11 <- 8
  [0]    24 <- 17
  [0]    25 <- 18
  [0] 7: 7 edges
  [0]    6 <- 0
  [0]    12 <- 8
  [0]    13 <- 9
  [0]    14 <- 10
  [0]    26 <- 17
  [0]    27 <- 18
  [0]    28 <- 19
  [1] Roots referenced by my leaves, by rank
  [1] 0: 4 edges
  [1]    1 <- 0
  [1]    8 <- 7
  [1]    18 <- 15
  [1]    19 <- 16
  [1] 2: 4 edges
  [1]    2 <- 0
  [1]    9 <- 8
  [1]    20 <- 17
  [1]    21 <- 18
  [1] 3: 2 edges
  [1]    3 <- 0
  [1]    22 <- 17
  [1] 4: 6 edges
  [1]    4 <- 0
  [1]    10 <- 8
  [1]    11 <- 9
  [1]    23 <- 17
  [1]    24 <- 18
  [1]    25 <- 19
  [1] 5: 4 edges
  [1]    5 <- 0
  [1]    12 <- 7
  [1]    26 <- 15
  [1]    27 <- 16
  [1] 6: 4 edges
  [1]    6 <- 0
  [1]    13 <- 8
  [1]    28 <- 17
  [1]    29 <- 18
  [1] 7: 7 edges
  [1]    7 <- 0
  [1]    14 <- 8
  [1]    15 <- 9
  [1]    16 <- 10
  [1]    30 <- 17
  [1]    31 <- 18
  [1]    32 <- 19
  [2] Roots referenced by my leaves, by rank
  [2] 0: 4 edges
  [2]    1 <- 0
  [2]    9 <- 7
  [2]    19 <- 15
  [2]    20 <- 16
  [2] 1: 2 edges
  [2]    2 <- 0
  [2]    21 <- 17
  [2] 3: 2 edges
  [2]    3 <- 0
  [2]    22 <- 17
  [2] 4: 6 edges
  [2]    4 <- 0
  [2]    10 <- 8
  [2]    11 <- 9
  [2]    23 <- 17
  [2]    24 <- 18
  [2]    25 <- 19
  [2] 5: 4 edges
  [2]    5 <- 0
  [2]    12 <- 7
  [2]    26 <- 15
  [2]    27 <- 16
  [2] 6: 4 edges
  [2]    6 <- 0
  [2]    13 <- 8
  [2]    28 <- 17
  [2]    29 <- 18
  [2] 7: 7 edges
  [2]    7 <- 0
  [2]    14 <- 8
  [2]    15 <- 9
  [2]    16 <- 10
  [2]    30 <- 17
  [2]    31 <- 18
  [2]    32 <- 19
  [3] Roots referenced by my leaves, by rank
  [3] 0: 4 edges
  [3]    1 <- 0
  [3]    8 <- 7
  [3]    18 <- 15
  [3]    19 <- 16
  [3] 1: 2 edges
  [3]    2 <- 0
  [3]    20 <- 17
  [3] 2: 4 edges
  [3]    3 <- 0
  [3]    9 <- 8
  [3]    21 <- 17
  [3]    22 <- 18
  [3] 4: 6 edges
  [3]    4 <- 0
  [3]    10 <- 8
  [3]    11 <- 9
  [3]    23 <- 17
  [3]    24 <- 18
  [3]    25 <- 19
  [3] 5: 4 edges
  [3]    5 <- 0
  [3]    12 <- 7
  [3]    26 <- 15
  [3]    27 <- 16
  [3] 6: 4 edges
  [3]    6 <- 0
  [3]    13 <- 8
  [3]    28 <- 17
  [3]    29 <- 18
  [3] 7: 7 edges
  [3]    7 <- 0
  [3]    14 <- 8
  [3]    15 <- 9
  [3]    16 <- 10
  [3]    30 <- 17
  [3]    31 <- 18
  [3]    32 <- 19
  [4] Roots referenced by my leaves, by rank
  [4] 0: 4 edges
  [4]    1 <- 0
  [4]    10 <- 7
  [4]    20 <- 15
  [4]    21 <- 16
  [4] 1: 2 edges
  [4]    2 <- 0
  [4]    22 <- 17
  [4] 2: 4 edges
  [4]    3 <- 0
  [4]    11 <- 8
  [4]    23 <- 17
  [4]    24 <- 18
  [4] 3: 2 edges
  [4]    4 <- 0
  [4]    25 <- 17
  [4] 5: 4 edges
  [4]    5 <- 0
  [4]    12 <- 7
  [4]    26 <- 15
  [4]    27 <- 16
  [4] 6: 4 edges
  [4]    6 <- 0
  [4]    13 <- 8
  [4]    28 <- 17
  [4]    29 <- 18
  [4] 7: 7 edges
  [4]    7 <- 0
  [4]    14 <- 8
  [4]    15 <- 9
  [4]    16 <- 10
  [4]    30 <- 17
  [4]    31 <- 18
  [4]    32 <- 19
  [5] Roots referenced by my leaves, by rank
  [5] 1: 2 edges
  [5]    1 <- 0
  [5]    17 <- 17
  [5] 2: 4 edges
  [5]    2 <- 0
  [5]    8 <- 8
  [5]    18 <- 17
  [5]    19 <- 18
  [5] 3: 2 edges
  [5]    3 <- 0
  [5]    20 <- 17
  [5] 4: 6 edges
  [5]    4 <- 0
  [5]    9 <- 8
  [5]    10 <- 9
  [5]    21 <- 17
  [5]    22 <- 18
  [5]    23 <- 19
  [5] 6: 4 edges
  [5]    5 <- 0
  [5]    11 <- 8
  [5]    24 <- 17
  [5]    25 <- 18
  [5] 7: 7 edges
  [5]    6 <- 0
  [5]    12 <- 8
  [5]    13 <- 9
  [5]    14 <- 10
  [5]    26 <- 17
  [5]    27 <- 18
  [5]    28 <- 19
  [6] Roots referenced by my leaves, by rank
  [6] 0: 4 edges
  [6]    1 <- 0
  [6]    9 <- 7
  [6]    19 <- 15
  [6]    20 <- 16
  [6] 1: 2 edges
  [6]    2 <- 0
  [6]    21 <- 17
  [6] 2: 4 edges
  [6]    3 <- 0
  [6]    10 <- 8
  [6]    22 <- 17
  [6]    23 <- 18
  [6] 3: 2 edges
  [6]    4 <- 0
  [6]    24 <- 17
  [6] 4: 6 edges
  [6]    5 <- 0
  [6]    11 <- 8
  [6]    12 <- 9
  [6]    25 <- 17
  [6]    26 <- 18
  [6]    27 <- 19
  [6] 5: 4 edges
  [6]    6 <- 0
  [6]    13 <- 7
  [6]    28 <- 15
  [6]    29 <- 16
  [6] 7: 7 edges
  [6]    7 <- 0
  [6]    14 <- 8
  [6]    15 <- 9
  [6]    16 <- 10
  [6]    30 <- 17
  [6]    31 <- 18
  [6]    32 <- 19
  [7] Roots referenced by my leaves, by rank
  [7] 0: 4 edges
  [7]    1 <- 0
  [7]    11 <- 7
  [7]    20 <- 15
  [7]    21 <- 16
  [7] 1: 2 edges
  [7]    2 <- 0
  [7]    22 <- 17
  [7] 2: 4 edges
  [7]    3 <- 0
  [7]    12 <- 8
  [7]    23 <- 17
  [7]    24 <- 18
  [7] 3: 2 edges
  [7]    4 <- 0
  [7]    25 <- 17
  [7] 4: 6 edges
  [7]    5 <- 0
  [7]    13 <- 8
  [7]    14 <- 9
  [7]    26 <- 17
  [7]    27 <- 18
  [7]    28 <- 19
  [7] 5: 4 edges
  [7]    6 <- 0
  [7]    15 <- 7
  [7]    29 <- 15
  [7]    30 <- 16
  [7] 6: 4 edges
  [7]    7 <- 0
  [7]    16 <- 8
  [7]    31 <- 17
  [7]    32 <- 18
