DM Object: Simplicial Mesh 1 MPI processes
  type: plex
Simplicial Mesh in 3 dimensions:
  0-cells: 120
  1-cells: 432 (72)
  2-cells: 511 (168)
  3-cells: 198 (99)
Labels:
  Cell Sets: 1 strata with value/size (1 (198))
  dim: 3 strata with value/size (3 (99), 2 (343), 1 (360))
  depth: 4 strata with value/size (0 (120), 1 (432), 2 (511), 3 (198))
