PTScotch Graph Partitioner:
  using partitioning strategy QUALITY
  using load imbalance ratio 0.01
PTScotch Graph Partitioner:
  using partitioning strategy QUALITY
  using load imbalance ratio 0.01
