DM Object: Simplicial Mesh 4 MPI processes
  type: plex
Simplicial Mesh in 2 dimensions:
  0-cells: 53 64 68 69
  1-cells: 94 104 111 120
  2-cells: 42 42 45 52
Labels:
  dim: 2 strata with value/size (1 (78), 2 (98))
  Cell Sets: 1 strata with value/size (1 (98))
  depth: 3 strata with value/size (0 (53), 1 (94), 2 (42))
Mesh with 181 cells, shape condition numbers: min = 2., max = 7.04333, mean = 2.48443, stddev = 0.816729
