DM Object: Simplicial Mesh 1 MPI processes
  type: plex
Simplicial Mesh in 3 dimensions:
  0-cells: 94
  1-cells: 211
  2-cells: 154
  3-cells: 36
Labels:
  dim: 3 strata with value/size (3 (0), 2 (144), 1 (138))
  depth: 4 strata with value/size (0 (94), 1 (211), 2 (154), 3 (36))
Mesh with 36 cells, shape condition numbers: min = 7.60163, max = 12.0058, mean = 10.0291, stddev = 1.43728
