# vtk DataFile Version 2.0
Simplicial Mesh Example
ASCII
DATASET UNSTRUCTURED_GRID
POINTS 8 double
0.000000e+00 0.000000e+00 0.000000e+00
1.000000e+00 0.000000e+00 0.000000e+00
0.000000e+00 1.000000e+00 0.000000e+00
1.000000e+00 1.000000e+00 0.000000e+00
0.000000e+00 0.000000e+00 1.000000e+00
1.000000e+00 0.000000e+00 1.000000e+00
0.000000e+00 1.000000e+00 1.000000e+00
1.000000e+00 1.000000e+00 1.000000e+00
CELLS 2 14
6  2 1 0 6 5 4
6  1 2 3 5 6 7
CELL_TYPES 2
13
13
