DM Object: Simplicial Mesh 1 MPI processes
  type: plex
Simplicial Mesh in 2 dimensions:
Supports:
[0] Max support size: 8
[0]: 48 ----> 105
[0]: 48 ----> 110
[0]: 48 ----> 149
[0]: 49 ----> 128
[0]: 49 ----> 129
[0]: 49 ----> 145
[0]: 49 ----> 148
[0]: 49 ----> 150
[0]: 50 ----> 122
[0]: 50 ----> 123
[0]: 50 ----> 130
[0]: 51 ----> 108
[0]: 51 ----> 109
[0]: 51 ----> 114
[0]: 51 ----> 115
[0]: 51 ----> 120
[0]: 52 ----> 118
[0]: 52 ----> 119
[0]: 52 ----> 138
[0]: 52 ----> 139
[0]: 52 ----> 146
[0]: 52 ----> 151
[0]: 52 ----> 154
[0]: 52 ----> 156
[0]: 53 ----> 124
[0]: 53 ----> 125
[0]: 53 ----> 132
[0]: 53 ----> 133
[0]: 53 ----> 140
[0]: 54 ----> 112
[0]: 54 ----> 113
[0]: 54 ----> 144
[0]: 55 ----> 142
[0]: 55 ----> 143
[0]: 55 ----> 152
[0]: 55 ----> 158
[0]: 55 ----> 160
[0]: 56 ----> 134
[0]: 56 ----> 135
[0]: 56 ----> 159
[0]: 57 ----> 106
[0]: 57 ----> 107
[0]: 57 ----> 117
[0]: 57 ----> 147
[0]: 58 ----> 111
[0]: 58 ----> 116
[0]: 58 ----> 141
[0]: 58 ----> 153
[0]: 59 ----> 121
[0]: 59 ----> 126
[0]: 59 ----> 127
[0]: 59 ----> 155
[0]: 60 ----> 131
[0]: 60 ----> 136
[0]: 60 ----> 137
[0]: 60 ----> 157
[0]: 61 ----> 105
[0]: 61 ----> 106
[0]: 61 ----> 161
[0]: 61 ----> 190
[0]: 62 ----> 107
[0]: 62 ----> 108
[0]: 62 ----> 162
[0]: 62 ----> 167
[0]: 63 ----> 109
[0]: 63 ----> 110
[0]: 63 ----> 163
[0]: 64 ----> 111
[0]: 64 ----> 112
[0]: 64 ----> 164
[0]: 64 ----> 184
[0]: 65 ----> 113
[0]: 65 ----> 114
[0]: 65 ----> 165
[0]: 66 ----> 115
[0]: 66 ----> 116
[0]: 66 ----> 166
[0]: 66 ----> 196
[0]: 67 ----> 117
[0]: 67 ----> 118
[0]: 67 ----> 168
[0]: 67 ----> 186
[0]: 68 ----> 119
[0]: 68 ----> 120
[0]: 68 ----> 169
[0]: 68 ----> 194
[0]: 69 ----> 121
[0]: 69 ----> 122
[0]: 69 ----> 170
[0]: 69 ----> 173
[0]: 70 ----> 123
[0]: 70 ----> 124
[0]: 70 ----> 171
[0]: 71 ----> 125
[0]: 71 ----> 126
[0]: 71 ----> 172
[0]: 71 ----> 202
[0]: 72 ----> 127
[0]: 72 ----> 128
[0]: 72 ----> 174
[0]: 72 ----> 198
[0]: 73 ----> 129
[0]: 73 ----> 130
[0]: 73 ----> 175
[0]: 74 ----> 131
[0]: 74 ----> 132
[0]: 74 ----> 176
[0]: 74 ----> 179
[0]: 75 ----> 133
[0]: 75 ----> 134
[0]: 75 ----> 177
[0]: 76 ----> 135
[0]: 76 ----> 136
[0]: 76 ----> 178
[0]: 76 ----> 208
[0]: 77 ----> 137
[0]: 77 ----> 138
[0]: 77 ----> 180
[0]: 77 ----> 204
[0]: 78 ----> 139
[0]: 78 ----> 140
[0]: 78 ----> 181
[0]: 78 ----> 200
[0]: 79 ----> 141
[0]: 79 ----> 142
[0]: 79 ----> 182
[0]: 79 ----> 192
[0]: 80 ----> 143
[0]: 80 ----> 144
[0]: 80 ----> 183
[0]: 81 ----> 145
[0]: 81 ----> 146
[0]: 81 ----> 185
[0]: 81 ----> 197
[0]: 82 ----> 147
[0]: 82 ----> 148
[0]: 82 ----> 187
[0]: 82 ----> 189
[0]: 83 ----> 149
[0]: 83 ----> 150
[0]: 83 ----> 188
[0]: 84 ----> 151
[0]: 84 ----> 152
[0]: 84 ----> 191
[0]: 84 ----> 203
[0]: 85 ----> 153
[0]: 85 ----> 154
[0]: 85 ----> 193
[0]: 85 ----> 195
[0]: 86 ----> 155
[0]: 86 ----> 156
[0]: 86 ----> 199
[0]: 86 ----> 201
[0]: 87 ----> 157
[0]: 87 ----> 158
[0]: 87 ----> 205
[0]: 87 ----> 207
[0]: 88 ----> 159
[0]: 88 ----> 160
[0]: 88 ----> 206
[0]: 89 ----> 161
[0]: 89 ----> 162
[0]: 89 ----> 163
[0]: 90 ----> 164
[0]: 90 ----> 165
[0]: 90 ----> 166
[0]: 91 ----> 167
[0]: 91 ----> 168
[0]: 91 ----> 169
[0]: 92 ----> 170
[0]: 92 ----> 171
[0]: 92 ----> 172
[0]: 93 ----> 173
[0]: 93 ----> 174
[0]: 93 ----> 175
[0]: 94 ----> 176
[0]: 94 ----> 177
[0]: 94 ----> 178
[0]: 95 ----> 179
[0]: 95 ----> 180
[0]: 95 ----> 181
[0]: 96 ----> 182
[0]: 96 ----> 183
[0]: 96 ----> 184
[0]: 97 ----> 185
[0]: 97 ----> 186
[0]: 97 ----> 187
[0]: 98 ----> 188
[0]: 98 ----> 189
[0]: 98 ----> 190
[0]: 99 ----> 191
[0]: 99 ----> 192
[0]: 99 ----> 193
[0]: 100 ----> 194
[0]: 100 ----> 195
[0]: 100 ----> 196
[0]: 101 ----> 197
[0]: 101 ----> 198
[0]: 101 ----> 199
[0]: 102 ----> 200
[0]: 102 ----> 201
[0]: 102 ----> 202
[0]: 103 ----> 203
[0]: 103 ----> 204
[0]: 103 ----> 205
[0]: 104 ----> 206
[0]: 104 ----> 207
[0]: 104 ----> 208
[0]: 105 ----> 0
[0]: 105 ----> 27
[0]: 106 ----> 1
[0]: 106 ----> 29
[0]: 107 ----> 1
[0]: 107 ----> 7
[0]: 108 ----> 2
[0]: 108 ----> 6
[0]: 109 ----> 2
[0]: 110 ----> 0
[0]: 111 ----> 3
[0]: 111 ----> 21
[0]: 112 ----> 4
[0]: 112 ----> 23
[0]: 113 ----> 4
[0]: 114 ----> 5
[0]: 115 ----> 5
[0]: 115 ----> 33
[0]: 116 ----> 3
[0]: 116 ----> 35
[0]: 117 ----> 7
[0]: 117 ----> 26
[0]: 118 ----> 8
[0]: 118 ----> 25
[0]: 119 ----> 8
[0]: 119 ----> 34
[0]: 120 ----> 6
[0]: 120 ----> 33
[0]: 121 ----> 9
[0]: 121 ----> 13
[0]: 122 ----> 10
[0]: 122 ----> 12
[0]: 123 ----> 10
[0]: 124 ----> 11
[0]: 125 ----> 11
[0]: 125 ----> 39
[0]: 126 ----> 9
[0]: 126 ----> 41
[0]: 127 ----> 13
[0]: 127 ----> 38
[0]: 128 ----> 14
[0]: 128 ----> 37
[0]: 129 ----> 14
[0]: 130 ----> 12
[0]: 131 ----> 15
[0]: 131 ----> 19
[0]: 132 ----> 16
[0]: 132 ----> 18
[0]: 133 ----> 16
[0]: 134 ----> 17
[0]: 135 ----> 17
[0]: 135 ----> 45
[0]: 136 ----> 15
[0]: 136 ----> 47
[0]: 137 ----> 19
[0]: 137 ----> 44
[0]: 138 ----> 20
[0]: 138 ----> 43
[0]: 139 ----> 20
[0]: 139 ----> 40
[0]: 140 ----> 18
[0]: 140 ----> 39
[0]: 141 ----> 21
[0]: 141 ----> 32
[0]: 142 ----> 22
[0]: 142 ----> 31
[0]: 143 ----> 22
[0]: 144 ----> 23
[0]: 145 ----> 24
[0]: 145 ----> 37
[0]: 146 ----> 25
[0]: 146 ----> 36
[0]: 147 ----> 26
[0]: 147 ----> 29
[0]: 148 ----> 24
[0]: 148 ----> 28
[0]: 149 ----> 27
[0]: 150 ----> 28
[0]: 151 ----> 30
[0]: 151 ----> 43
[0]: 152 ----> 31
[0]: 152 ----> 42
[0]: 153 ----> 32
[0]: 153 ----> 35
[0]: 154 ----> 30
[0]: 154 ----> 34
[0]: 155 ----> 38
[0]: 155 ----> 41
[0]: 156 ----> 36
[0]: 156 ----> 40
[0]: 157 ----> 44
[0]: 157 ----> 47
[0]: 158 ----> 42
[0]: 158 ----> 46
[0]: 159 ----> 45
[0]: 160 ----> 46
[0]: 161 ----> 0
[0]: 161 ----> 1
[0]: 162 ----> 1
[0]: 162 ----> 2
[0]: 163 ----> 2
[0]: 163 ----> 0
[0]: 164 ----> 3
[0]: 164 ----> 4
[0]: 165 ----> 4
[0]: 165 ----> 5
[0]: 166 ----> 5
[0]: 166 ----> 3
[0]: 167 ----> 6
[0]: 167 ----> 7
[0]: 168 ----> 7
[0]: 168 ----> 8
[0]: 169 ----> 8
[0]: 169 ----> 6
[0]: 170 ----> 9
[0]: 170 ----> 10
[0]: 171 ----> 10
[0]: 171 ----> 11
[0]: 172 ----> 11
[0]: 172 ----> 9
[0]: 173 ----> 12
[0]: 173 ----> 13
[0]: 174 ----> 13
[0]: 174 ----> 14
[0]: 175 ----> 14
[0]: 175 ----> 12
[0]: 176 ----> 15
[0]: 176 ----> 16
[0]: 177 ----> 16
[0]: 177 ----> 17
[0]: 178 ----> 17
[0]: 178 ----> 15
[0]: 179 ----> 18
[0]: 179 ----> 19
[0]: 180 ----> 19
[0]: 180 ----> 20
[0]: 181 ----> 20
[0]: 181 ----> 18
[0]: 182 ----> 21
[0]: 182 ----> 22
[0]: 183 ----> 22
[0]: 183 ----> 23
[0]: 184 ----> 23
[0]: 184 ----> 21
[0]: 185 ----> 24
[0]: 185 ----> 25
[0]: 186 ----> 25
[0]: 186 ----> 26
[0]: 187 ----> 26
[0]: 187 ----> 24
[0]: 188 ----> 27
[0]: 188 ----> 28
[0]: 189 ----> 28
[0]: 189 ----> 29
[0]: 190 ----> 29
[0]: 190 ----> 27
[0]: 191 ----> 30
[0]: 191 ----> 31
[0]: 192 ----> 31
[0]: 192 ----> 32
[0]: 193 ----> 32
[0]: 193 ----> 30
[0]: 194 ----> 33
[0]: 194 ----> 34
[0]: 195 ----> 34
[0]: 195 ----> 35
[0]: 196 ----> 35
[0]: 196 ----> 33
[0]: 197 ----> 36
[0]: 197 ----> 37
[0]: 198 ----> 37
[0]: 198 ----> 38
[0]: 199 ----> 38
[0]: 199 ----> 36
[0]: 200 ----> 39
[0]: 200 ----> 40
[0]: 201 ----> 40
[0]: 201 ----> 41
[0]: 202 ----> 41
[0]: 202 ----> 39
[0]: 203 ----> 42
[0]: 203 ----> 43
[0]: 204 ----> 43
[0]: 204 ----> 44
[0]: 205 ----> 44
[0]: 205 ----> 42
[0]: 206 ----> 45
[0]: 206 ----> 46
[0]: 207 ----> 46
[0]: 207 ----> 47
[0]: 208 ----> 47
[0]: 208 ----> 45
Cones:
[0] Max cone size: 4
[0]: 0 <---- 105 (0)
[0]: 0 <---- 161 (0)
[0]: 0 <---- 163 (-2)
[0]: 0 <---- 110 (0)
[0]: 1 <---- 106 (0)
[0]: 1 <---- 107 (0)
[0]: 1 <---- 162 (0)
[0]: 1 <---- 161 (-2)
[0]: 2 <---- 108 (0)
[0]: 2 <---- 109 (0)
[0]: 2 <---- 163 (0)
[0]: 2 <---- 162 (-2)
[0]: 3 <---- 111 (0)
[0]: 3 <---- 164 (0)
[0]: 3 <---- 166 (-2)
[0]: 3 <---- 116 (0)
[0]: 4 <---- 112 (0)
[0]: 4 <---- 113 (0)
[0]: 4 <---- 165 (0)
[0]: 4 <---- 164 (-2)
[0]: 5 <---- 114 (0)
[0]: 5 <---- 115 (0)
[0]: 5 <---- 166 (0)
[0]: 5 <---- 165 (-2)
[0]: 6 <---- 108 (-2)
[0]: 6 <---- 167 (0)
[0]: 6 <---- 169 (-2)
[0]: 6 <---- 120 (0)
[0]: 7 <---- 107 (-2)
[0]: 7 <---- 117 (0)
[0]: 7 <---- 168 (0)
[0]: 7 <---- 167 (-2)
[0]: 8 <---- 118 (0)
[0]: 8 <---- 119 (0)
[0]: 8 <---- 169 (0)
[0]: 8 <---- 168 (-2)
[0]: 9 <---- 121 (0)
[0]: 9 <---- 170 (0)
[0]: 9 <---- 172 (-2)
[0]: 9 <---- 126 (0)
[0]: 10 <---- 122 (0)
[0]: 10 <---- 123 (0)
[0]: 10 <---- 171 (0)
[0]: 10 <---- 170 (-2)
[0]: 11 <---- 124 (0)
[0]: 11 <---- 125 (0)
[0]: 11 <---- 172 (0)
[0]: 11 <---- 171 (-2)
[0]: 12 <---- 122 (-2)
[0]: 12 <---- 173 (0)
[0]: 12 <---- 175 (-2)
[0]: 12 <---- 130 (0)
[0]: 13 <---- 121 (-2)
[0]: 13 <---- 127 (0)
[0]: 13 <---- 174 (0)
[0]: 13 <---- 173 (-2)
[0]: 14 <---- 128 (0)
[0]: 14 <---- 129 (0)
[0]: 14 <---- 175 (0)
[0]: 14 <---- 174 (-2)
[0]: 15 <---- 131 (0)
[0]: 15 <---- 176 (0)
[0]: 15 <---- 178 (-2)
[0]: 15 <---- 136 (0)
[0]: 16 <---- 132 (0)
[0]: 16 <---- 133 (0)
[0]: 16 <---- 177 (0)
[0]: 16 <---- 176 (-2)
[0]: 17 <---- 134 (0)
[0]: 17 <---- 135 (0)
[0]: 17 <---- 178 (0)
[0]: 17 <---- 177 (-2)
[0]: 18 <---- 132 (-2)
[0]: 18 <---- 179 (0)
[0]: 18 <---- 181 (-2)
[0]: 18 <---- 140 (0)
[0]: 19 <---- 131 (-2)
[0]: 19 <---- 137 (0)
[0]: 19 <---- 180 (0)
[0]: 19 <---- 179 (-2)
[0]: 20 <---- 138 (0)
[0]: 20 <---- 139 (0)
[0]: 20 <---- 181 (0)
[0]: 20 <---- 180 (-2)
[0]: 21 <---- 141 (0)
[0]: 21 <---- 182 (0)
[0]: 21 <---- 184 (-2)
[0]: 21 <---- 111 (-2)
[0]: 22 <---- 142 (0)
[0]: 22 <---- 143 (0)
[0]: 22 <---- 183 (0)
[0]: 22 <---- 182 (-2)
[0]: 23 <---- 144 (0)
[0]: 23 <---- 112 (-2)
[0]: 23 <---- 184 (0)
[0]: 23 <---- 183 (-2)
[0]: 24 <---- 145 (0)
[0]: 24 <---- 185 (0)
[0]: 24 <---- 187 (-2)
[0]: 24 <---- 148 (0)
[0]: 25 <---- 146 (0)
[0]: 25 <---- 118 (-2)
[0]: 25 <---- 186 (0)
[0]: 25 <---- 185 (-2)
[0]: 26 <---- 117 (-2)
[0]: 26 <---- 147 (0)
[0]: 26 <---- 187 (0)
[0]: 26 <---- 186 (-2)
[0]: 27 <---- 149 (0)
[0]: 27 <---- 188 (0)
[0]: 27 <---- 190 (-2)
[0]: 27 <---- 105 (-2)
[0]: 28 <---- 150 (0)
[0]: 28 <---- 148 (-2)
[0]: 28 <---- 189 (0)
[0]: 28 <---- 188 (-2)
[0]: 29 <---- 147 (-2)
[0]: 29 <---- 106 (-2)
[0]: 29 <---- 190 (0)
[0]: 29 <---- 189 (-2)
[0]: 30 <---- 151 (0)
[0]: 30 <---- 191 (0)
[0]: 30 <---- 193 (-2)
[0]: 30 <---- 154 (0)
[0]: 31 <---- 152 (0)
[0]: 31 <---- 142 (-2)
[0]: 31 <---- 192 (0)
[0]: 31 <---- 191 (-2)
[0]: 32 <---- 141 (-2)
[0]: 32 <---- 153 (0)
[0]: 32 <---- 193 (0)
[0]: 32 <---- 192 (-2)
[0]: 33 <---- 120 (-2)
[0]: 33 <---- 194 (0)
[0]: 33 <---- 196 (-2)
[0]: 33 <---- 115 (-2)
[0]: 34 <---- 119 (-2)
[0]: 34 <---- 154 (-2)
[0]: 34 <---- 195 (0)
[0]: 34 <---- 194 (-2)
[0]: 35 <---- 153 (-2)
[0]: 35 <---- 116 (-2)
[0]: 35 <---- 196 (0)
[0]: 35 <---- 195 (-2)
[0]: 36 <---- 146 (-2)
[0]: 36 <---- 197 (0)
[0]: 36 <---- 199 (-2)
[0]: 36 <---- 156 (0)
[0]: 37 <---- 145 (-2)
[0]: 37 <---- 128 (-2)
[0]: 37 <---- 198 (0)
[0]: 37 <---- 197 (-2)
[0]: 38 <---- 127 (-2)
[0]: 38 <---- 155 (0)
[0]: 38 <---- 199 (0)
[0]: 38 <---- 198 (-2)
[0]: 39 <---- 140 (-2)
[0]: 39 <---- 200 (0)
[0]: 39 <---- 202 (-2)
[0]: 39 <---- 125 (-2)
[0]: 40 <---- 139 (-2)
[0]: 40 <---- 156 (-2)
[0]: 40 <---- 201 (0)
[0]: 40 <---- 200 (-2)
[0]: 41 <---- 155 (-2)
[0]: 41 <---- 126 (-2)
[0]: 41 <---- 202 (0)
[0]: 41 <---- 201 (-2)
[0]: 42 <---- 152 (-2)
[0]: 42 <---- 203 (0)
[0]: 42 <---- 205 (-2)
[0]: 42 <---- 158 (0)
[0]: 43 <---- 151 (-2)
[0]: 43 <---- 138 (-2)
[0]: 43 <---- 204 (0)
[0]: 43 <---- 203 (-2)
[0]: 44 <---- 137 (-2)
[0]: 44 <---- 157 (0)
[0]: 44 <---- 205 (0)
[0]: 44 <---- 204 (-2)
[0]: 45 <---- 159 (0)
[0]: 45 <---- 206 (0)
[0]: 45 <---- 208 (-2)
[0]: 45 <---- 135 (-2)
[0]: 46 <---- 160 (0)
[0]: 46 <---- 158 (-2)
[0]: 46 <---- 207 (0)
[0]: 46 <---- 206 (-2)
[0]: 47 <---- 157 (-2)
[0]: 47 <---- 136 (-2)
[0]: 47 <---- 208 (0)
[0]: 47 <---- 207 (-2)
[0]: 105 <---- 48 (0)
[0]: 105 <---- 61 (0)
[0]: 106 <---- 61 (0)
[0]: 106 <---- 57 (0)
[0]: 107 <---- 57 (0)
[0]: 107 <---- 62 (0)
[0]: 108 <---- 62 (0)
[0]: 108 <---- 51 (0)
[0]: 109 <---- 51 (0)
[0]: 109 <---- 63 (0)
[0]: 110 <---- 63 (0)
[0]: 110 <---- 48 (0)
[0]: 111 <---- 58 (0)
[0]: 111 <---- 64 (0)
[0]: 112 <---- 64 (0)
[0]: 112 <---- 54 (0)
[0]: 113 <---- 54 (0)
[0]: 113 <---- 65 (0)
[0]: 114 <---- 65 (0)
[0]: 114 <---- 51 (0)
[0]: 115 <---- 51 (0)
[0]: 115 <---- 66 (0)
[0]: 116 <---- 66 (0)
[0]: 116 <---- 58 (0)
[0]: 117 <---- 57 (0)
[0]: 117 <---- 67 (0)
[0]: 118 <---- 67 (0)
[0]: 118 <---- 52 (0)
[0]: 119 <---- 52 (0)
[0]: 119 <---- 68 (0)
[0]: 120 <---- 68 (0)
[0]: 120 <---- 51 (0)
[0]: 121 <---- 59 (0)
[0]: 121 <---- 69 (0)
[0]: 122 <---- 69 (0)
[0]: 122 <---- 50 (0)
[0]: 123 <---- 50 (0)
[0]: 123 <---- 70 (0)
[0]: 124 <---- 70 (0)
[0]: 124 <---- 53 (0)
[0]: 125 <---- 53 (0)
[0]: 125 <---- 71 (0)
[0]: 126 <---- 71 (0)
[0]: 126 <---- 59 (0)
[0]: 127 <---- 59 (0)
[0]: 127 <---- 72 (0)
[0]: 128 <---- 72 (0)
[0]: 128 <---- 49 (0)
[0]: 129 <---- 49 (0)
[0]: 129 <---- 73 (0)
[0]: 130 <---- 73 (0)
[0]: 130 <---- 50 (0)
[0]: 131 <---- 60 (0)
[0]: 131 <---- 74 (0)
[0]: 132 <---- 74 (0)
[0]: 132 <---- 53 (0)
[0]: 133 <---- 53 (0)
[0]: 133 <---- 75 (0)
[0]: 134 <---- 75 (0)
[0]: 134 <---- 56 (0)
[0]: 135 <---- 56 (0)
[0]: 135 <---- 76 (0)
[0]: 136 <---- 76 (0)
[0]: 136 <---- 60 (0)
[0]: 137 <---- 60 (0)
[0]: 137 <---- 77 (0)
[0]: 138 <---- 77 (0)
[0]: 138 <---- 52 (0)
[0]: 139 <---- 52 (0)
[0]: 139 <---- 78 (0)
[0]: 140 <---- 78 (0)
[0]: 140 <---- 53 (0)
[0]: 141 <---- 58 (0)
[0]: 141 <---- 79 (0)
[0]: 142 <---- 79 (0)
[0]: 142 <---- 55 (0)
[0]: 143 <---- 55 (0)
[0]: 143 <---- 80 (0)
[0]: 144 <---- 80 (0)
[0]: 144 <---- 54 (0)
[0]: 145 <---- 49 (0)
[0]: 145 <---- 81 (0)
[0]: 146 <---- 81 (0)
[0]: 146 <---- 52 (0)
[0]: 147 <---- 57 (0)
[0]: 147 <---- 82 (0)
[0]: 148 <---- 82 (0)
[0]: 148 <---- 49 (0)
[0]: 149 <---- 48 (0)
[0]: 149 <---- 83 (0)
[0]: 150 <---- 83 (0)
[0]: 150 <---- 49 (0)
[0]: 151 <---- 52 (0)
[0]: 151 <---- 84 (0)
[0]: 152 <---- 84 (0)
[0]: 152 <---- 55 (0)
[0]: 153 <---- 58 (0)
[0]: 153 <---- 85 (0)
[0]: 154 <---- 85 (0)
[0]: 154 <---- 52 (0)
[0]: 155 <---- 59 (0)
[0]: 155 <---- 86 (0)
[0]: 156 <---- 86 (0)
[0]: 156 <---- 52 (0)
[0]: 157 <---- 60 (0)
[0]: 157 <---- 87 (0)
[0]: 158 <---- 87 (0)
[0]: 158 <---- 55 (0)
[0]: 159 <---- 56 (0)
[0]: 159 <---- 88 (0)
[0]: 160 <---- 88 (0)
[0]: 160 <---- 55 (0)
[0]: 161 <---- 61 (0)
[0]: 161 <---- 89 (0)
[0]: 162 <---- 62 (0)
[0]: 162 <---- 89 (0)
[0]: 163 <---- 63 (0)
[0]: 163 <---- 89 (0)
[0]: 164 <---- 64 (0)
[0]: 164 <---- 90 (0)
[0]: 165 <---- 65 (0)
[0]: 165 <---- 90 (0)
[0]: 166 <---- 66 (0)
[0]: 166 <---- 90 (0)
[0]: 167 <---- 62 (0)
[0]: 167 <---- 91 (0)
[0]: 168 <---- 67 (0)
[0]: 168 <---- 91 (0)
[0]: 169 <---- 68 (0)
[0]: 169 <---- 91 (0)
[0]: 170 <---- 69 (0)
[0]: 170 <---- 92 (0)
[0]: 171 <---- 70 (0)
[0]: 171 <---- 92 (0)
[0]: 172 <---- 71 (0)
[0]: 172 <---- 92 (0)
[0]: 173 <---- 69 (0)
[0]: 173 <---- 93 (0)
[0]: 174 <---- 72 (0)
[0]: 174 <---- 93 (0)
[0]: 175 <---- 73 (0)
[0]: 175 <---- 93 (0)
[0]: 176 <---- 74 (0)
[0]: 176 <---- 94 (0)
[0]: 177 <---- 75 (0)
[0]: 177 <---- 94 (0)
[0]: 178 <---- 76 (0)
[0]: 178 <---- 94 (0)
[0]: 179 <---- 74 (0)
[0]: 179 <---- 95 (0)
[0]: 180 <---- 77 (0)
[0]: 180 <---- 95 (0)
[0]: 181 <---- 78 (0)
[0]: 181 <---- 95 (0)
[0]: 182 <---- 79 (0)
[0]: 182 <---- 96 (0)
[0]: 183 <---- 80 (0)
[0]: 183 <---- 96 (0)
[0]: 184 <---- 64 (0)
[0]: 184 <---- 96 (0)
[0]: 185 <---- 81 (0)
[0]: 185 <---- 97 (0)
[0]: 186 <---- 67 (0)
[0]: 186 <---- 97 (0)
[0]: 187 <---- 82 (0)
[0]: 187 <---- 97 (0)
[0]: 188 <---- 83 (0)
[0]: 188 <---- 98 (0)
[0]: 189 <---- 82 (0)
[0]: 189 <---- 98 (0)
[0]: 190 <---- 61 (0)
[0]: 190 <---- 98 (0)
[0]: 191 <---- 84 (0)
[0]: 191 <---- 99 (0)
[0]: 192 <---- 79 (0)
[0]: 192 <---- 99 (0)
[0]: 193 <---- 85 (0)
[0]: 193 <---- 99 (0)
[0]: 194 <---- 68 (0)
[0]: 194 <---- 100 (0)
[0]: 195 <---- 85 (0)
[0]: 195 <---- 100 (0)
[0]: 196 <---- 66 (0)
[0]: 196 <---- 100 (0)
[0]: 197 <---- 81 (0)
[0]: 197 <---- 101 (0)
[0]: 198 <---- 72 (0)
[0]: 198 <---- 101 (0)
[0]: 199 <---- 86 (0)
[0]: 199 <---- 101 (0)
[0]: 200 <---- 78 (0)
[0]: 200 <---- 102 (0)
[0]: 201 <---- 86 (0)
[0]: 201 <---- 102 (0)
[0]: 202 <---- 71 (0)
[0]: 202 <---- 102 (0)
[0]: 203 <---- 84 (0)
[0]: 203 <---- 103 (0)
[0]: 204 <---- 77 (0)
[0]: 204 <---- 103 (0)
[0]: 205 <---- 87 (0)
[0]: 205 <---- 103 (0)
[0]: 206 <---- 88 (0)
[0]: 206 <---- 104 (0)
[0]: 207 <---- 87 (0)
[0]: 207 <---- 104 (0)
[0]: 208 <---- 76 (0)
[0]: 208 <---- 104 (0)
coordinates with 1 fields
  field 0 with 2 components
Process 0:
  (  48) dim  2 offset   0 0. 0.
  (  49) dim  2 offset   2 0.5 0.
  (  50) dim  2 offset   4 1. 0.
  (  51) dim  2 offset   6 0. 0.5
  (  52) dim  2 offset   8 0.5 0.5
  (  53) dim  2 offset  10 1. 0.5
  (  54) dim  2 offset  12 0. 1.
  (  55) dim  2 offset  14 0.5 1.
  (  56) dim  2 offset  16 1. 1.
  (  57) dim  2 offset  18 0.25 0.25
  (  58) dim  2 offset  20 0.25 0.75
  (  59) dim  2 offset  22 0.75 0.25
  (  60) dim  2 offset  24 0.75 0.75
  (  61) dim  2 offset  26 0.125 0.125
  (  62) dim  2 offset  28 0.125 0.375
  (  63) dim  2 offset  30 0. 0.25
  (  64) dim  2 offset  32 0.125 0.875
  (  65) dim  2 offset  34 0. 0.75
  (  66) dim  2 offset  36 0.125 0.625
  (  67) dim  2 offset  38 0.375 0.375
  (  68) dim  2 offset  40 0.25 0.5
  (  69) dim  2 offset  42 0.875 0.125
  (  70) dim  2 offset  44 1. 0.25
  (  71) dim  2 offset  46 0.875 0.375
  (  72) dim  2 offset  48 0.625 0.125
  (  73) dim  2 offset  50 0.75 0.
  (  74) dim  2 offset  52 0.875 0.625
  (  75) dim  2 offset  54 1. 0.75
  (  76) dim  2 offset  56 0.875 0.875
  (  77) dim  2 offset  58 0.625 0.625
  (  78) dim  2 offset  60 0.75 0.5
  (  79) dim  2 offset  62 0.375 0.875
  (  80) dim  2 offset  64 0.25 1.
  (  81) dim  2 offset  66 0.5 0.25
  (  82) dim  2 offset  68 0.375 0.125
  (  83) dim  2 offset  70 0.25 0.
  (  84) dim  2 offset  72 0.5 0.75
  (  85) dim  2 offset  74 0.375 0.625
  (  86) dim  2 offset  76 0.625 0.375
  (  87) dim  2 offset  78 0.625 0.875
  (  88) dim  2 offset  80 0.75 1.
  (  89) dim  2 offset  82 0.0833333 0.25
  (  90) dim  2 offset  84 0.0833333 0.75
  (  91) dim  2 offset  86 0.25 0.416667
  (  92) dim  2 offset  88 0.916667 0.25
  (  93) dim  2 offset  90 0.75 0.0833333
  (  94) dim  2 offset  92 0.916667 0.75
  (  95) dim  2 offset  94 0.75 0.583333
  (  96) dim  2 offset  96 0.25 0.916667
  (  97) dim  2 offset  98 0.416667 0.25
  (  98) dim  2 offset 100 0.25 0.0833333
  (  99) dim  2 offset 102 0.416667 0.75
  ( 100) dim  2 offset 104 0.25 0.583333
  ( 101) dim  2 offset 106 0.583333 0.25
  ( 102) dim  2 offset 108 0.75 0.416667
  ( 103) dim  2 offset 110 0.583333 0.75
  ( 104) dim  2 offset 112 0.75 0.916667
Label 'marker':
[0]: 48 (1)
[0]: 49 (1)
[0]: 50 (1)
[0]: 51 (1)
[0]: 53 (1)
[0]: 54 (1)
[0]: 55 (1)
[0]: 56 (1)
[0]: 63 (1)
[0]: 65 (1)
[0]: 70 (1)
[0]: 73 (1)
[0]: 75 (1)
[0]: 80 (1)
[0]: 83 (1)
[0]: 88 (1)
[0]: 109 (1)
[0]: 110 (1)
[0]: 113 (1)
[0]: 114 (1)
[0]: 123 (1)
[0]: 124 (1)
[0]: 129 (1)
[0]: 130 (1)
[0]: 133 (1)
[0]: 134 (1)
[0]: 143 (1)
[0]: 144 (1)
[0]: 149 (1)
[0]: 150 (1)
[0]: 159 (1)
[0]: 160 (1)
