DM Object: Parallel Mesh 2 MPI processes
  type: plex
Parallel Mesh in 1 dimension:
  0-cells: 6 6
  1-cells: 5 5
Labels:
  marker: 1 strata with value/size (1 (1))
  Face Sets: 1 strata with value/size (1 (1))
  depth: 2 strata with value/size (0 (6), 1 (5))
DM Object: Simplicial Mesh 2 MPI processes
  type: plex
Simplicial Mesh in 1 dimension:
Supports:
[0] Max support size: 2
[0]: 5 ----> 0
[0]: 6 ----> 1
[0]: 6 ----> 2
[0]: 7 ----> 0
[0]: 7 ----> 1
[0]: 8 ----> 2
[0]: 8 ----> 3
[0]: 9 ----> 3
[0]: 9 ----> 4
[0]: 10 ----> 4
[1] Max support size: 2
[1]: 5 ----> 0
[1]: 5 ----> 4
[1]: 6 ----> 1
[1]: 6 ----> 2
[1]: 7 ----> 3
[1]: 8 ----> 0
[1]: 8 ----> 1
[1]: 9 ----> 2
[1]: 9 ----> 3
[1]: 10 ----> 4
Cones:
[0] Max cone size: 2
[0]: 0 <---- 5 (0)
[0]: 0 <---- 7 (0)
[0]: 1 <---- 7 (0)
[0]: 1 <---- 6 (0)
[0]: 2 <---- 6 (0)
[0]: 2 <---- 8 (0)
[0]: 3 <---- 8 (0)
[0]: 3 <---- 9 (0)
[0]: 4 <---- 9 (0)
[0]: 4 <---- 10 (0)
[1] Max cone size: 2
[1]: 0 <---- 5 (0)
[1]: 0 <---- 8 (0)
[1]: 1 <---- 8 (0)
[1]: 1 <---- 6 (0)
[1]: 2 <---- 6 (0)
[1]: 2 <---- 9 (0)
[1]: 3 <---- 9 (0)
[1]: 3 <---- 7 (0)
[1]: 4 <---- 10 (0)
[1]: 4 <---- 5 (0)
coordinates with 1 fields
  field 0 with 1 components
Process 0:
  (   5) dim  1 offset   0 0.
  (   6) dim  1 offset   1 0.25
  (   7) dim  1 offset   2 0.125
  (   8) dim  1 offset   3 0.375
  (   9) dim  1 offset   4 0.5
  (  10) dim  1 offset   5 0.625
Process 1:
  (   5) dim  1 offset   0 0.5
  (   6) dim  1 offset   1 0.75
  (   7) dim  1 offset   2 1.
  (   8) dim  1 offset   3 0.625
  (   9) dim  1 offset   4 0.875
  (  10) dim  1 offset   5 0.375
Label 'marker':
[0]: 5 (1)
[1]: 7 (1)
PetscSF Object: 2 MPI processes
  type: basic
    sort=rank-order
  [0] Number of roots=11, leaves=3, remote ranks=1
  [0] 4 <- (1,0)
  [0] 9 <- (1,5)
  [0] 10 <- (1,8)
  [1] Number of roots=11, leaves=2, remote ranks=1
  [1] 4 <- (0,3)
  [1] 10 <- (0,8)
  [0] Roots referenced by my leaves, by rank
  [0] 1: 3 edges
  [0]    4 <- 0
  [0]    9 <- 5
  [0]    10 <- 8
  [1] Roots referenced by my leaves, by rank
  [1] 0: 2 edges
  [1]    4 <- 3
  [1]    10 <- 8
