PTScotch Graph Partitioner:
  using partitioning strategy DEFAULT
  using load imbalance ratio 0.01
MatPartitioning Graph Partitioner:
  MatPartitioning Object: (p2_) 4 MPI processes
    type: ptscotch
      Strategy=Default behavior
      Load imbalance ratio=0.01
PTScotch Graph Partitioner:
  using partitioning strategy DEFAULT
  using load imbalance ratio 0.01
MatPartitioning Graph Partitioner:
  MatPartitioning Object: (dp2_) 4 MPI processes
    type: ptscotch
      Strategy=Default behavior
      Load imbalance ratio=0.01
