Function tests FAIL for order 2 at tolerance 1e-10 error 0.0773202
Function tests FAIL for order 2 derivatives at tolerance 1e-10 error 0.460794
Function   convergence rate at refinement 0: 1.3
Derivative convergence rate at refinement 0: 0.39
Function   convergence rate at refinement 1: 1.9
Derivative convergence rate at refinement 1: 0.94
Function   convergence rate at refinement 2: 2
Derivative convergence rate at refinement 2: 0.99
