DM Object: Hybrid Mesh 1 MPI processes
  type: plex
Hybrid Mesh in 1 dimension:
Supports:
[0] Max support size: 2
[0]: 2 ----> 0
[0]: 3 ----> 0
[0]: 3 ----> 1
[0]: 4 ----> 1
Cones:
[0] Max cone size: 2
[0]: 0 <---- 2 (0)
[0]: 0 <---- 3 (0)
[0]: 1 <---- 3 (0)
[0]: 1 <---- 4 (0)
coordinates with 1 fields
  field 0 with 1 components
Process 0:
  (   2) dim  1 offset   0 -1.
  (   3) dim  1 offset   1 0.
  (   4) dim  1 offset   2 1.
