DM Object: Parallel Mesh 2 MPI processes
  type: plex
Parallel Mesh in 2 dimensions:
  0-cells: 7 7
  1-cells: 8 9 (3)
  2-cells: 3 3 (2)
Labels:
  ghost: 1 strata with value/size (1 (3))
  vtk: 1 strata with value/size (1 (3))
  fault: 1 strata with value/size (1 (5))
  depth: 3 strata with value/size (0 (7), 1 (8), 2 (3))
DM Object: Hybrid Mesh 2 MPI processes
  type: plex
Hybrid Mesh in 2 dimensions:
  0-cells: 40 28
  1-cells: 86 51 (9)
  2-cells: 48 24 (8)
Labels:
  depth: 3 strata with value/size (0 (40), 1 (86), 2 (48))
