DM Object: Parallel Mesh 2 MPI processes
  type: plex
Parallel Mesh in 3 dimensions:
  0-cells: 11 11
  1-cells: 20 20 (3)
  2-cells: 15 13 (3)
  3-cells: 4 3 (1)
Labels:
  ghost: 1 strata with value/size (1 (9))
  vtk: 1 strata with value/size (1 (4))
  fault: 1 strata with value/size (1 (6))
  depth: 4 strata with value/size (0 (11), 1 (20), 2 (15), 3 (4))
DM Object: Hybrid Mesh 2 MPI processes
  type: plex
Hybrid Mesh in 3 dimensions:
  0-cells: 244 166
  1-cells: 582 383
  2-cells: 468 294
  3-cells: 128 76
Labels:
  depth: 4 strata with value/size (0 (244), 1 (582), 2 (468), 3 (128))
