DM Object: Parallel Mesh 2 MPI processes
  type: plex
Parallel Mesh in 3 dimensions:
  0-cells: 8 6
  1-cells: 12 9 (3)
  2-cells: 8 5 (3)
  3-cells: 2 1 (1)
Labels:
  ghost: 1 strata with value/size (1 (6))
  vtk: 1 strata with value/size (1 (2))
  fault: 1 strata with value/size (1 (6))
  depth: 4 strata with value/size (0 (8), 1 (12), 2 (8), 3 (2))
DM Object: Hybrid Mesh 2 MPI processes
  type: plex
Hybrid Mesh in 3 dimensions:
  0-cells: 134 38
  1-cells: 308 79
  2-cells: 240 54
  3-cells: 64 12
Labels:
  depth: 4 strata with value/size (0 (134), 1 (308), 2 (240), 3 (64))
