Mat Object: 8 MPI processes
  type: mpiaij
row 0: (0, 18.)  (1, -8.)  (2, 1.)  (16, -8.)  (17, 2.)  (32, 1.) 
row 1: (0, -8.)  (1, 19.)  (2, -8.)  (3, 1.)  (16, 2.)  (17, -8.)  (18, 2.)  (33, 1.) 
row 2: (0, 1.)  (1, -8.)  (2, 19.)  (3, -8.)  (4, 1.)  (17, 2.)  (18, -8.)  (19, 2.)  (34, 1.) 
row 3: (1, 1.)  (2, -8.)  (3, 19.)  (4, -8.)  (5, 1.)  (18, 2.)  (19, -8.)  (20, 2.)  (35, 1.) 
row 4: (2, 1.)  (3, -8.)  (4, 19.)  (5, -8.)  (6, 1.)  (19, 2.)  (20, -8.)  (21, 2.)  (36, 1.) 
row 5: (3, 1.)  (4, -8.)  (5, 19.)  (6, -8.)  (7, 1.)  (20, 2.)  (21, -8.)  (22, 2.)  (37, 1.) 
row 6: (4, 1.)  (5, -8.)  (6, 19.)  (7, -8.)  (8, 1.)  (21, 2.)  (22, -8.)  (23, 2.)  (38, 1.) 
row 7: (5, 1.)  (6, -8.)  (7, 19.)  (8, -8.)  (9, 1.)  (22, 2.)  (23, -8.)  (24, 2.)  (39, 1.) 
row 8: (6, 1.)  (7, -8.)  (8, 19.)  (9, -8.)  (10, 1.)  (23, 2.)  (24, -8.)  (25, 2.)  (40, 1.) 
row 9: (7, 1.)  (8, -8.)  (9, 19.)  (10, -8.)  (11, 1.)  (24, 2.)  (25, -8.)  (26, 2.)  (41, 1.) 
row 10: (8, 1.)  (9, -8.)  (10, 19.)  (11, -8.)  (12, 1.)  (25, 2.)  (26, -8.)  (27, 2.)  (42, 1.) 
row 11: (9, 1.)  (10, -8.)  (11, 19.)  (12, -8.)  (13, 1.)  (26, 2.)  (27, -8.)  (28, 2.)  (43, 1.) 
row 12: (10, 1.)  (11, -8.)  (12, 19.)  (13, -8.)  (14, 1.)  (27, 2.)  (28, -8.)  (29, 2.)  (44, 1.) 
row 13: (11, 1.)  (12, -8.)  (13, 19.)  (14, -8.)  (15, 1.)  (28, 2.)  (29, -8.)  (30, 2.)  (45, 1.) 
row 14: (12, 1.)  (13, -8.)  (14, 19.)  (15, -8.)  (29, 2.)  (30, -8.)  (31, 2.)  (46, 1.) 
row 15: (13, 1.)  (14, -8.)  (15, 18.)  (30, 2.)  (31, -8.)  (47, 1.) 
row 16: (0, -8.)  (1, 2.)  (16, 19.)  (17, -8.)  (18, 1.)  (32, -8.)  (33, 2.)  (48, 1.) 
row 17: (0, 2.)  (1, -8.)  (2, 2.)  (16, -8.)  (17, 20.)  (18, -8.)  (19, 1.)  (32, 2.)  (33, -8.)  (34, 2.)  (49, 1.) 
row 18: (1, 2.)  (2, -8.)  (3, 2.)  (16, 1.)  (17, -8.)  (18, 20.)  (19, -8.)  (20, 1.)  (33, 2.)  (34, -8.)  (35, 2.)  (50, 1.) 
row 19: (2, 2.)  (3, -8.)  (4, 2.)  (17, 1.)  (18, -8.)  (19, 20.)  (20, -8.)  (21, 1.)  (34, 2.)  (35, -8.)  (36, 2.)  (51, 1.) 
row 20: (3, 2.)  (4, -8.)  (5, 2.)  (18, 1.)  (19, -8.)  (20, 20.)  (21, -8.)  (22, 1.)  (35, 2.)  (36, -8.)  (37, 2.)  (52, 1.) 
row 21: (4, 2.)  (5, -8.)  (6, 2.)  (19, 1.)  (20, -8.)  (21, 20.)  (22, -8.)  (23, 1.)  (36, 2.)  (37, -8.)  (38, 2.)  (53, 1.) 
row 22: (5, 2.)  (6, -8.)  (7, 2.)  (20, 1.)  (21, -8.)  (22, 20.)  (23, -8.)  (24, 1.)  (37, 2.)  (38, -8.)  (39, 2.)  (54, 1.) 
row 23: (6, 2.)  (7, -8.)  (8, 2.)  (21, 1.)  (22, -8.)  (23, 20.)  (24, -8.)  (25, 1.)  (38, 2.)  (39, -8.)  (40, 2.)  (55, 1.) 
row 24: (7, 2.)  (8, -8.)  (9, 2.)  (22, 1.)  (23, -8.)  (24, 20.)  (25, -8.)  (26, 1.)  (39, 2.)  (40, -8.)  (41, 2.)  (56, 1.) 
row 25: (8, 2.)  (9, -8.)  (10, 2.)  (23, 1.)  (24, -8.)  (25, 20.)  (26, -8.)  (27, 1.)  (40, 2.)  (41, -8.)  (42, 2.)  (57, 1.) 
row 26: (9, 2.)  (10, -8.)  (11, 2.)  (24, 1.)  (25, -8.)  (26, 20.)  (27, -8.)  (28, 1.)  (41, 2.)  (42, -8.)  (43, 2.)  (58, 1.) 
row 27: (10, 2.)  (11, -8.)  (12, 2.)  (25, 1.)  (26, -8.)  (27, 20.)  (28, -8.)  (29, 1.)  (42, 2.)  (43, -8.)  (44, 2.)  (59, 1.) 
row 28: (11, 2.)  (12, -8.)  (13, 2.)  (26, 1.)  (27, -8.)  (28, 20.)  (29, -8.)  (30, 1.)  (43, 2.)  (44, -8.)  (45, 2.)  (60, 1.) 
row 29: (12, 2.)  (13, -8.)  (14, 2.)  (27, 1.)  (28, -8.)  (29, 20.)  (30, -8.)  (31, 1.)  (44, 2.)  (45, -8.)  (46, 2.)  (61, 1.) 
row 30: (13, 2.)  (14, -8.)  (15, 2.)  (28, 1.)  (29, -8.)  (30, 20.)  (31, -8.)  (45, 2.)  (46, -8.)  (47, 2.)  (62, 1.) 
row 31: (14, 2.)  (15, -8.)  (29, 1.)  (30, -8.)  (31, 19.)  (46, 2.)  (47, -8.)  (63, 1.) 
row 32: (0, 1.)  (16, -8.)  (17, 2.)  (32, 19.)  (33, -8.)  (34, 1.)  (48, -8.)  (49, 2.)  (64, 1.) 
row 33: (1, 1.)  (16, 2.)  (17, -8.)  (18, 2.)  (32, -8.)  (33, 20.)  (34, -8.)  (35, 1.)  (48, 2.)  (49, -8.)  (50, 2.)  (65, 1.) 
row 34: (2, 1.)  (17, 2.)  (18, -8.)  (19, 2.)  (32, 1.)  (33, -8.)  (34, 20.)  (35, -8.)  (36, 1.)  (49, 2.)  (50, -8.)  (51, 2.)  (66, 1.) 
row 35: (3, 1.)  (18, 2.)  (19, -8.)  (20, 2.)  (33, 1.)  (34, -8.)  (35, 20.)  (36, -8.)  (37, 1.)  (50, 2.)  (51, -8.)  (52, 2.)  (67, 1.) 
row 36: (4, 1.)  (19, 2.)  (20, -8.)  (21, 2.)  (34, 1.)  (35, -8.)  (36, 20.)  (37, -8.)  (38, 1.)  (51, 2.)  (52, -8.)  (53, 2.)  (68, 1.) 
row 37: (5, 1.)  (20, 2.)  (21, -8.)  (22, 2.)  (35, 1.)  (36, -8.)  (37, 20.)  (38, -8.)  (39, 1.)  (52, 2.)  (53, -8.)  (54, 2.)  (69, 1.) 
row 38: (6, 1.)  (21, 2.)  (22, -8.)  (23, 2.)  (36, 1.)  (37, -8.)  (38, 20.)  (39, -8.)  (40, 1.)  (53, 2.)  (54, -8.)  (55, 2.)  (70, 1.) 
row 39: (7, 1.)  (22, 2.)  (23, -8.)  (24, 2.)  (37, 1.)  (38, -8.)  (39, 20.)  (40, -8.)  (41, 1.)  (54, 2.)  (55, -8.)  (56, 2.)  (71, 1.) 
row 40: (8, 1.)  (23, 2.)  (24, -8.)  (25, 2.)  (38, 1.)  (39, -8.)  (40, 20.)  (41, -8.)  (42, 1.)  (55, 2.)  (56, -8.)  (57, 2.)  (72, 1.) 
row 41: (9, 1.)  (24, 2.)  (25, -8.)  (26, 2.)  (39, 1.)  (40, -8.)  (41, 20.)  (42, -8.)  (43, 1.)  (56, 2.)  (57, -8.)  (58, 2.)  (73, 1.) 
row 42: (10, 1.)  (25, 2.)  (26, -8.)  (27, 2.)  (40, 1.)  (41, -8.)  (42, 20.)  (43, -8.)  (44, 1.)  (57, 2.)  (58, -8.)  (59, 2.)  (74, 1.) 
row 43: (11, 1.)  (26, 2.)  (27, -8.)  (28, 2.)  (41, 1.)  (42, -8.)  (43, 20.)  (44, -8.)  (45, 1.)  (58, 2.)  (59, -8.)  (60, 2.)  (75, 1.) 
row 44: (12, 1.)  (27, 2.)  (28, -8.)  (29, 2.)  (42, 1.)  (43, -8.)  (44, 20.)  (45, -8.)  (46, 1.)  (59, 2.)  (60, -8.)  (61, 2.)  (76, 1.) 
row 45: (13, 1.)  (28, 2.)  (29, -8.)  (30, 2.)  (43, 1.)  (44, -8.)  (45, 20.)  (46, -8.)  (47, 1.)  (60, 2.)  (61, -8.)  (62, 2.)  (77, 1.) 
row 46: (14, 1.)  (29, 2.)  (30, -8.)  (31, 2.)  (44, 1.)  (45, -8.)  (46, 20.)  (47, -8.)  (61, 2.)  (62, -8.)  (63, 2.)  (78, 1.) 
row 47: (15, 1.)  (30, 2.)  (31, -8.)  (45, 1.)  (46, -8.)  (47, 19.)  (62, 2.)  (63, -8.)  (79, 1.) 
row 48: (16, 1.)  (32, -8.)  (33, 2.)  (48, 19.)  (49, -8.)  (50, 1.)  (64, -8.)  (65, 2.)  (80, 1.) 
row 49: (17, 1.)  (32, 2.)  (33, -8.)  (34, 2.)  (48, -8.)  (49, 20.)  (50, -8.)  (51, 1.)  (64, 2.)  (65, -8.)  (66, 2.)  (81, 1.) 
row 50: (18, 1.)  (33, 2.)  (34, -8.)  (35, 2.)  (48, 1.)  (49, -8.)  (50, 20.)  (51, -8.)  (52, 1.)  (65, 2.)  (66, -8.)  (67, 2.)  (82, 1.) 
row 51: (19, 1.)  (34, 2.)  (35, -8.)  (36, 2.)  (49, 1.)  (50, -8.)  (51, 20.)  (52, -8.)  (53, 1.)  (66, 2.)  (67, -8.)  (68, 2.)  (83, 1.) 
row 52: (20, 1.)  (35, 2.)  (36, -8.)  (37, 2.)  (50, 1.)  (51, -8.)  (52, 20.)  (53, -8.)  (54, 1.)  (67, 2.)  (68, -8.)  (69, 2.)  (84, 1.) 
row 53: (21, 1.)  (36, 2.)  (37, -8.)  (38, 2.)  (51, 1.)  (52, -8.)  (53, 20.)  (54, -8.)  (55, 1.)  (68, 2.)  (69, -8.)  (70, 2.)  (85, 1.) 
row 54: (22, 1.)  (37, 2.)  (38, -8.)  (39, 2.)  (52, 1.)  (53, -8.)  (54, 20.)  (55, -8.)  (56, 1.)  (69, 2.)  (70, -8.)  (71, 2.)  (86, 1.) 
row 55: (23, 1.)  (38, 2.)  (39, -8.)  (40, 2.)  (53, 1.)  (54, -8.)  (55, 20.)  (56, -8.)  (57, 1.)  (70, 2.)  (71, -8.)  (72, 2.)  (87, 1.) 
row 56: (24, 1.)  (39, 2.)  (40, -8.)  (41, 2.)  (54, 1.)  (55, -8.)  (56, 20.)  (57, -8.)  (58, 1.)  (71, 2.)  (72, -8.)  (73, 2.)  (88, 1.) 
row 57: (25, 1.)  (40, 2.)  (41, -8.)  (42, 2.)  (55, 1.)  (56, -8.)  (57, 20.)  (58, -8.)  (59, 1.)  (72, 2.)  (73, -8.)  (74, 2.)  (89, 1.) 
row 58: (26, 1.)  (41, 2.)  (42, -8.)  (43, 2.)  (56, 1.)  (57, -8.)  (58, 20.)  (59, -8.)  (60, 1.)  (73, 2.)  (74, -8.)  (75, 2.)  (90, 1.) 
row 59: (27, 1.)  (42, 2.)  (43, -8.)  (44, 2.)  (57, 1.)  (58, -8.)  (59, 20.)  (60, -8.)  (61, 1.)  (74, 2.)  (75, -8.)  (76, 2.)  (91, 1.) 
row 60: (28, 1.)  (43, 2.)  (44, -8.)  (45, 2.)  (58, 1.)  (59, -8.)  (60, 20.)  (61, -8.)  (62, 1.)  (75, 2.)  (76, -8.)  (77, 2.)  (92, 1.) 
row 61: (29, 1.)  (44, 2.)  (45, -8.)  (46, 2.)  (59, 1.)  (60, -8.)  (61, 20.)  (62, -8.)  (63, 1.)  (76, 2.)  (77, -8.)  (78, 2.)  (93, 1.) 
row 62: (30, 1.)  (45, 2.)  (46, -8.)  (47, 2.)  (60, 1.)  (61, -8.)  (62, 20.)  (63, -8.)  (77, 2.)  (78, -8.)  (79, 2.)  (94, 1.) 
row 63: (31, 1.)  (46, 2.)  (47, -8.)  (61, 1.)  (62, -8.)  (63, 19.)  (78, 2.)  (79, -8.)  (95, 1.) 
row 64: (32, 1.)  (48, -8.)  (49, 2.)  (64, 19.)  (65, -8.)  (66, 1.)  (80, -8.)  (81, 2.)  (96, 1.) 
row 65: (33, 1.)  (48, 2.)  (49, -8.)  (50, 2.)  (64, -8.)  (65, 20.)  (66, -8.)  (67, 1.)  (80, 2.)  (81, -8.)  (82, 2.)  (97, 1.) 
row 66: (34, 1.)  (49, 2.)  (50, -8.)  (51, 2.)  (64, 1.)  (65, -8.)  (66, 20.)  (67, -8.)  (68, 1.)  (81, 2.)  (82, -8.)  (83, 2.)  (98, 1.) 
row 67: (35, 1.)  (50, 2.)  (51, -8.)  (52, 2.)  (65, 1.)  (66, -8.)  (67, 20.)  (68, -8.)  (69, 1.)  (82, 2.)  (83, -8.)  (84, 2.)  (99, 1.) 
row 68: (36, 1.)  (51, 2.)  (52, -8.)  (53, 2.)  (66, 1.)  (67, -8.)  (68, 20.)  (69, -8.)  (70, 1.)  (83, 2.)  (84, -8.)  (85, 2.)  (100, 1.) 
row 69: (37, 1.)  (52, 2.)  (53, -8.)  (54, 2.)  (67, 1.)  (68, -8.)  (69, 20.)  (70, -8.)  (71, 1.)  (84, 2.)  (85, -8.)  (86, 2.)  (101, 1.) 
row 70: (38, 1.)  (53, 2.)  (54, -8.)  (55, 2.)  (68, 1.)  (69, -8.)  (70, 20.)  (71, -8.)  (72, 1.)  (85, 2.)  (86, -8.)  (87, 2.)  (102, 1.) 
row 71: (39, 1.)  (54, 2.)  (55, -8.)  (56, 2.)  (69, 1.)  (70, -8.)  (71, 20.)  (72, -8.)  (73, 1.)  (86, 2.)  (87, -8.)  (88, 2.)  (103, 1.) 
row 72: (40, 1.)  (55, 2.)  (56, -8.)  (57, 2.)  (70, 1.)  (71, -8.)  (72, 20.)  (73, -8.)  (74, 1.)  (87, 2.)  (88, -8.)  (89, 2.)  (104, 1.) 
row 73: (41, 1.)  (56, 2.)  (57, -8.)  (58, 2.)  (71, 1.)  (72, -8.)  (73, 20.)  (74, -8.)  (75, 1.)  (88, 2.)  (89, -8.)  (90, 2.)  (105, 1.) 
row 74: (42, 1.)  (57, 2.)  (58, -8.)  (59, 2.)  (72, 1.)  (73, -8.)  (74, 20.)  (75, -8.)  (76, 1.)  (89, 2.)  (90, -8.)  (91, 2.)  (106, 1.) 
row 75: (43, 1.)  (58, 2.)  (59, -8.)  (60, 2.)  (73, 1.)  (74, -8.)  (75, 20.)  (76, -8.)  (77, 1.)  (90, 2.)  (91, -8.)  (92, 2.)  (107, 1.) 
row 76: (44, 1.)  (59, 2.)  (60, -8.)  (61, 2.)  (74, 1.)  (75, -8.)  (76, 20.)  (77, -8.)  (78, 1.)  (91, 2.)  (92, -8.)  (93, 2.)  (108, 1.) 
row 77: (45, 1.)  (60, 2.)  (61, -8.)  (62, 2.)  (75, 1.)  (76, -8.)  (77, 20.)  (78, -8.)  (79, 1.)  (92, 2.)  (93, -8.)  (94, 2.)  (109, 1.) 
row 78: (46, 1.)  (61, 2.)  (62, -8.)  (63, 2.)  (76, 1.)  (77, -8.)  (78, 20.)  (79, -8.)  (93, 2.)  (94, -8.)  (95, 2.)  (110, 1.) 
row 79: (47, 1.)  (62, 2.)  (63, -8.)  (77, 1.)  (78, -8.)  (79, 19.)  (94, 2.)  (95, -8.)  (111, 1.) 
row 80: (48, 1.)  (64, -8.)  (65, 2.)  (80, 19.)  (81, -8.)  (82, 1.)  (96, -8.)  (97, 2.)  (112, 1.) 
row 81: (49, 1.)  (64, 2.)  (65, -8.)  (66, 2.)  (80, -8.)  (81, 20.)  (82, -8.)  (83, 1.)  (96, 2.)  (97, -8.)  (98, 2.)  (113, 1.) 
row 82: (50, 1.)  (65, 2.)  (66, -8.)  (67, 2.)  (80, 1.)  (81, -8.)  (82, 20.)  (83, -8.)  (84, 1.)  (97, 2.)  (98, -8.)  (99, 2.)  (114, 1.) 
row 83: (51, 1.)  (66, 2.)  (67, -8.)  (68, 2.)  (81, 1.)  (82, -8.)  (83, 20.)  (84, -8.)  (85, 1.)  (98, 2.)  (99, -8.)  (100, 2.)  (115, 1.) 
row 84: (52, 1.)  (67, 2.)  (68, -8.)  (69, 2.)  (82, 1.)  (83, -8.)  (84, 20.)  (85, -8.)  (86, 1.)  (99, 2.)  (100, -8.)  (101, 2.)  (116, 1.) 
row 85: (53, 1.)  (68, 2.)  (69, -8.)  (70, 2.)  (83, 1.)  (84, -8.)  (85, 20.)  (86, -8.)  (87, 1.)  (100, 2.)  (101, -8.)  (102, 2.)  (117, 1.) 
row 86: (54, 1.)  (69, 2.)  (70, -8.)  (71, 2.)  (84, 1.)  (85, -8.)  (86, 20.)  (87, -8.)  (88, 1.)  (101, 2.)  (102, -8.)  (103, 2.)  (118, 1.) 
row 87: (55, 1.)  (70, 2.)  (71, -8.)  (72, 2.)  (85, 1.)  (86, -8.)  (87, 20.)  (88, -8.)  (89, 1.)  (102, 2.)  (103, -8.)  (104, 2.)  (119, 1.) 
row 88: (56, 1.)  (71, 2.)  (72, -8.)  (73, 2.)  (86, 1.)  (87, -8.)  (88, 20.)  (89, -8.)  (90, 1.)  (103, 2.)  (104, -8.)  (105, 2.)  (120, 1.) 
row 89: (57, 1.)  (72, 2.)  (73, -8.)  (74, 2.)  (87, 1.)  (88, -8.)  (89, 20.)  (90, -8.)  (91, 1.)  (104, 2.)  (105, -8.)  (106, 2.)  (121, 1.) 
row 90: (58, 1.)  (73, 2.)  (74, -8.)  (75, 2.)  (88, 1.)  (89, -8.)  (90, 20.)  (91, -8.)  (92, 1.)  (105, 2.)  (106, -8.)  (107, 2.)  (122, 1.) 
row 91: (59, 1.)  (74, 2.)  (75, -8.)  (76, 2.)  (89, 1.)  (90, -8.)  (91, 20.)  (92, -8.)  (93, 1.)  (106, 2.)  (107, -8.)  (108, 2.)  (123, 1.) 
row 92: (60, 1.)  (75, 2.)  (76, -8.)  (77, 2.)  (90, 1.)  (91, -8.)  (92, 20.)  (93, -8.)  (94, 1.)  (107, 2.)  (108, -8.)  (109, 2.)  (124, 1.) 
row 93: (61, 1.)  (76, 2.)  (77, -8.)  (78, 2.)  (91, 1.)  (92, -8.)  (93, 20.)  (94, -8.)  (95, 1.)  (108, 2.)  (109, -8.)  (110, 2.)  (125, 1.) 
row 94: (62, 1.)  (77, 2.)  (78, -8.)  (79, 2.)  (92, 1.)  (93, -8.)  (94, 20.)  (95, -8.)  (109, 2.)  (110, -8.)  (111, 2.)  (126, 1.) 
row 95: (63, 1.)  (78, 2.)  (79, -8.)  (93, 1.)  (94, -8.)  (95, 19.)  (110, 2.)  (111, -8.)  (127, 1.) 
row 96: (64, 1.)  (80, -8.)  (81, 2.)  (96, 19.)  (97, -8.)  (98, 1.)  (112, -8.)  (113, 2.)  (128, 1.) 
row 97: (65, 1.)  (80, 2.)  (81, -8.)  (82, 2.)  (96, -8.)  (97, 20.)  (98, -8.)  (99, 1.)  (112, 2.)  (113, -8.)  (114, 2.)  (129, 1.) 
row 98: (66, 1.)  (81, 2.)  (82, -8.)  (83, 2.)  (96, 1.)  (97, -8.)  (98, 20.)  (99, -8.)  (100, 1.)  (113, 2.)  (114, -8.)  (115, 2.)  (130, 1.) 
row 99: (67, 1.)  (82, 2.)  (83, -8.)  (84, 2.)  (97, 1.)  (98, -8.)  (99, 20.)  (100, -8.)  (101, 1.)  (114, 2.)  (115, -8.)  (116, 2.)  (131, 1.) 
row 100: (68, 1.)  (83, 2.)  (84, -8.)  (85, 2.)  (98, 1.)  (99, -8.)  (100, 20.)  (101, -8.)  (102, 1.)  (115, 2.)  (116, -8.)  (117, 2.)  (132, 1.) 
row 101: (69, 1.)  (84, 2.)  (85, -8.)  (86, 2.)  (99, 1.)  (100, -8.)  (101, 20.)  (102, -8.)  (103, 1.)  (116, 2.)  (117, -8.)  (118, 2.)  (133, 1.) 
row 102: (70, 1.)  (85, 2.)  (86, -8.)  (87, 2.)  (100, 1.)  (101, -8.)  (102, 20.)  (103, -8.)  (104, 1.)  (117, 2.)  (118, -8.)  (119, 2.)  (134, 1.) 
row 103: (71, 1.)  (86, 2.)  (87, -8.)  (88, 2.)  (101, 1.)  (102, -8.)  (103, 20.)  (104, -8.)  (105, 1.)  (118, 2.)  (119, -8.)  (120, 2.)  (135, 1.) 
row 104: (72, 1.)  (87, 2.)  (88, -8.)  (89, 2.)  (102, 1.)  (103, -8.)  (104, 20.)  (105, -8.)  (106, 1.)  (119, 2.)  (120, -8.)  (121, 2.)  (136, 1.) 
row 105: (73, 1.)  (88, 2.)  (89, -8.)  (90, 2.)  (103, 1.)  (104, -8.)  (105, 20.)  (106, -8.)  (107, 1.)  (120, 2.)  (121, -8.)  (122, 2.)  (137, 1.) 
row 106: (74, 1.)  (89, 2.)  (90, -8.)  (91, 2.)  (104, 1.)  (105, -8.)  (106, 20.)  (107, -8.)  (108, 1.)  (121, 2.)  (122, -8.)  (123, 2.)  (138, 1.) 
row 107: (75, 1.)  (90, 2.)  (91, -8.)  (92, 2.)  (105, 1.)  (106, -8.)  (107, 20.)  (108, -8.)  (109, 1.)  (122, 2.)  (123, -8.)  (124, 2.)  (139, 1.) 
row 108: (76, 1.)  (91, 2.)  (92, -8.)  (93, 2.)  (106, 1.)  (107, -8.)  (108, 20.)  (109, -8.)  (110, 1.)  (123, 2.)  (124, -8.)  (125, 2.)  (140, 1.) 
row 109: (77, 1.)  (92, 2.)  (93, -8.)  (94, 2.)  (107, 1.)  (108, -8.)  (109, 20.)  (110, -8.)  (111, 1.)  (124, 2.)  (125, -8.)  (126, 2.)  (141, 1.) 
row 110: (78, 1.)  (93, 2.)  (94, -8.)  (95, 2.)  (108, 1.)  (109, -8.)  (110, 20.)  (111, -8.)  (125, 2.)  (126, -8.)  (127, 2.)  (142, 1.) 
row 111: (79, 1.)  (94, 2.)  (95, -8.)  (109, 1.)  (110, -8.)  (111, 19.)  (126, 2.)  (127, -8.)  (143, 1.) 
row 112: (80, 1.)  (96, -8.)  (97, 2.)  (112, 19.)  (113, -8.)  (114, 1.)  (128, -8.)  (129, 2.)  (144, 1.) 
row 113: (81, 1.)  (96, 2.)  (97, -8.)  (98, 2.)  (112, -8.)  (113, 20.)  (114, -8.)  (115, 1.)  (128, 2.)  (129, -8.)  (130, 2.)  (145, 1.) 
row 114: (82, 1.)  (97, 2.)  (98, -8.)  (99, 2.)  (112, 1.)  (113, -8.)  (114, 20.)  (115, -8.)  (116, 1.)  (129, 2.)  (130, -8.)  (131, 2.)  (146, 1.) 
row 115: (83, 1.)  (98, 2.)  (99, -8.)  (100, 2.)  (113, 1.)  (114, -8.)  (115, 20.)  (116, -8.)  (117, 1.)  (130, 2.)  (131, -8.)  (132, 2.)  (147, 1.) 
row 116: (84, 1.)  (99, 2.)  (100, -8.)  (101, 2.)  (114, 1.)  (115, -8.)  (116, 20.)  (117, -8.)  (118, 1.)  (131, 2.)  (132, -8.)  (133, 2.)  (148, 1.) 
row 117: (85, 1.)  (100, 2.)  (101, -8.)  (102, 2.)  (115, 1.)  (116, -8.)  (117, 20.)  (118, -8.)  (119, 1.)  (132, 2.)  (133, -8.)  (134, 2.)  (149, 1.) 
row 118: (86, 1.)  (101, 2.)  (102, -8.)  (103, 2.)  (116, 1.)  (117, -8.)  (118, 20.)  (119, -8.)  (120, 1.)  (133, 2.)  (134, -8.)  (135, 2.)  (150, 1.) 
row 119: (87, 1.)  (102, 2.)  (103, -8.)  (104, 2.)  (117, 1.)  (118, -8.)  (119, 20.)  (120, -8.)  (121, 1.)  (134, 2.)  (135, -8.)  (136, 2.)  (151, 1.) 
row 120: (88, 1.)  (103, 2.)  (104, -8.)  (105, 2.)  (118, 1.)  (119, -8.)  (120, 20.)  (121, -8.)  (122, 1.)  (135, 2.)  (136, -8.)  (137, 2.)  (152, 1.) 
row 121: (89, 1.)  (104, 2.)  (105, -8.)  (106, 2.)  (119, 1.)  (120, -8.)  (121, 20.)  (122, -8.)  (123, 1.)  (136, 2.)  (137, -8.)  (138, 2.)  (153, 1.) 
row 122: (90, 1.)  (105, 2.)  (106, -8.)  (107, 2.)  (120, 1.)  (121, -8.)  (122, 20.)  (123, -8.)  (124, 1.)  (137, 2.)  (138, -8.)  (139, 2.)  (154, 1.) 
row 123: (91, 1.)  (106, 2.)  (107, -8.)  (108, 2.)  (121, 1.)  (122, -8.)  (123, 20.)  (124, -8.)  (125, 1.)  (138, 2.)  (139, -8.)  (140, 2.)  (155, 1.) 
row 124: (92, 1.)  (107, 2.)  (108, -8.)  (109, 2.)  (122, 1.)  (123, -8.)  (124, 20.)  (125, -8.)  (126, 1.)  (139, 2.)  (140, -8.)  (141, 2.)  (156, 1.) 
row 125: (93, 1.)  (108, 2.)  (109, -8.)  (110, 2.)  (123, 1.)  (124, -8.)  (125, 20.)  (126, -8.)  (127, 1.)  (140, 2.)  (141, -8.)  (142, 2.)  (157, 1.) 
row 126: (94, 1.)  (109, 2.)  (110, -8.)  (111, 2.)  (124, 1.)  (125, -8.)  (126, 20.)  (127, -8.)  (141, 2.)  (142, -8.)  (143, 2.)  (158, 1.) 
row 127: (95, 1.)  (110, 2.)  (111, -8.)  (125, 1.)  (126, -8.)  (127, 19.)  (142, 2.)  (143, -8.)  (159, 1.) 
row 128: (96, 1.)  (112, -8.)  (113, 2.)  (128, 19.)  (129, -8.)  (130, 1.)  (144, -8.)  (145, 2.)  (160, 1.) 
row 129: (97, 1.)  (112, 2.)  (113, -8.)  (114, 2.)  (128, -8.)  (129, 20.)  (130, -8.)  (131, 1.)  (144, 2.)  (145, -8.)  (146, 2.)  (161, 1.) 
row 130: (98, 1.)  (113, 2.)  (114, -8.)  (115, 2.)  (128, 1.)  (129, -8.)  (130, 20.)  (131, -8.)  (132, 1.)  (145, 2.)  (146, -8.)  (147, 2.)  (162, 1.) 
row 131: (99, 1.)  (114, 2.)  (115, -8.)  (116, 2.)  (129, 1.)  (130, -8.)  (131, 20.)  (132, -8.)  (133, 1.)  (146, 2.)  (147, -8.)  (148, 2.)  (163, 1.) 
row 132: (100, 1.)  (115, 2.)  (116, -8.)  (117, 2.)  (130, 1.)  (131, -8.)  (132, 20.)  (133, -8.)  (134, 1.)  (147, 2.)  (148, -8.)  (149, 2.)  (164, 1.) 
row 133: (101, 1.)  (116, 2.)  (117, -8.)  (118, 2.)  (131, 1.)  (132, -8.)  (133, 20.)  (134, -8.)  (135, 1.)  (148, 2.)  (149, -8.)  (150, 2.)  (165, 1.) 
row 134: (102, 1.)  (117, 2.)  (118, -8.)  (119, 2.)  (132, 1.)  (133, -8.)  (134, 20.)  (135, -8.)  (136, 1.)  (149, 2.)  (150, -8.)  (151, 2.)  (166, 1.) 
row 135: (103, 1.)  (118, 2.)  (119, -8.)  (120, 2.)  (133, 1.)  (134, -8.)  (135, 20.)  (136, -8.)  (137, 1.)  (150, 2.)  (151, -8.)  (152, 2.)  (167, 1.) 
row 136: (104, 1.)  (119, 2.)  (120, -8.)  (121, 2.)  (134, 1.)  (135, -8.)  (136, 20.)  (137, -8.)  (138, 1.)  (151, 2.)  (152, -8.)  (153, 2.)  (168, 1.) 
row 137: (105, 1.)  (120, 2.)  (121, -8.)  (122, 2.)  (135, 1.)  (136, -8.)  (137, 20.)  (138, -8.)  (139, 1.)  (152, 2.)  (153, -8.)  (154, 2.)  (169, 1.) 
row 138: (106, 1.)  (121, 2.)  (122, -8.)  (123, 2.)  (136, 1.)  (137, -8.)  (138, 20.)  (139, -8.)  (140, 1.)  (153, 2.)  (154, -8.)  (155, 2.)  (170, 1.) 
row 139: (107, 1.)  (122, 2.)  (123, -8.)  (124, 2.)  (137, 1.)  (138, -8.)  (139, 20.)  (140, -8.)  (141, 1.)  (154, 2.)  (155, -8.)  (156, 2.)  (171, 1.) 
row 140: (108, 1.)  (123, 2.)  (124, -8.)  (125, 2.)  (138, 1.)  (139, -8.)  (140, 20.)  (141, -8.)  (142, 1.)  (155, 2.)  (156, -8.)  (157, 2.)  (172, 1.) 
row 141: (109, 1.)  (124, 2.)  (125, -8.)  (126, 2.)  (139, 1.)  (140, -8.)  (141, 20.)  (142, -8.)  (143, 1.)  (156, 2.)  (157, -8.)  (158, 2.)  (173, 1.) 
row 142: (110, 1.)  (125, 2.)  (126, -8.)  (127, 2.)  (140, 1.)  (141, -8.)  (142, 20.)  (143, -8.)  (157, 2.)  (158, -8.)  (159, 2.)  (174, 1.) 
row 143: (111, 1.)  (126, 2.)  (127, -8.)  (141, 1.)  (142, -8.)  (143, 19.)  (158, 2.)  (159, -8.)  (175, 1.) 
row 144: (112, 1.)  (128, -8.)  (129, 2.)  (144, 19.)  (145, -8.)  (146, 1.)  (160, -8.)  (161, 2.)  (176, 1.) 
row 145: (113, 1.)  (128, 2.)  (129, -8.)  (130, 2.)  (144, -8.)  (145, 20.)  (146, -8.)  (147, 1.)  (160, 2.)  (161, -8.)  (162, 2.)  (177, 1.) 
row 146: (114, 1.)  (129, 2.)  (130, -8.)  (131, 2.)  (144, 1.)  (145, -8.)  (146, 20.)  (147, -8.)  (148, 1.)  (161, 2.)  (162, -8.)  (163, 2.)  (178, 1.) 
row 147: (115, 1.)  (130, 2.)  (131, -8.)  (132, 2.)  (145, 1.)  (146, -8.)  (147, 20.)  (148, -8.)  (149, 1.)  (162, 2.)  (163, -8.)  (164, 2.)  (179, 1.) 
row 148: (116, 1.)  (131, 2.)  (132, -8.)  (133, 2.)  (146, 1.)  (147, -8.)  (148, 20.)  (149, -8.)  (150, 1.)  (163, 2.)  (164, -8.)  (165, 2.)  (180, 1.) 
row 149: (117, 1.)  (132, 2.)  (133, -8.)  (134, 2.)  (147, 1.)  (148, -8.)  (149, 20.)  (150, -8.)  (151, 1.)  (164, 2.)  (165, -8.)  (166, 2.)  (181, 1.) 
row 150: (118, 1.)  (133, 2.)  (134, -8.)  (135, 2.)  (148, 1.)  (149, -8.)  (150, 20.)  (151, -8.)  (152, 1.)  (165, 2.)  (166, -8.)  (167, 2.)  (182, 1.) 
row 151: (119, 1.)  (134, 2.)  (135, -8.)  (136, 2.)  (149, 1.)  (150, -8.)  (151, 20.)  (152, -8.)  (153, 1.)  (166, 2.)  (167, -8.)  (168, 2.)  (183, 1.) 
row 152: (120, 1.)  (135, 2.)  (136, -8.)  (137, 2.)  (150, 1.)  (151, -8.)  (152, 20.)  (153, -8.)  (154, 1.)  (167, 2.)  (168, -8.)  (169, 2.)  (184, 1.) 
row 153: (121, 1.)  (136, 2.)  (137, -8.)  (138, 2.)  (151, 1.)  (152, -8.)  (153, 20.)  (154, -8.)  (155, 1.)  (168, 2.)  (169, -8.)  (170, 2.)  (185, 1.) 
row 154: (122, 1.)  (137, 2.)  (138, -8.)  (139, 2.)  (152, 1.)  (153, -8.)  (154, 20.)  (155, -8.)  (156, 1.)  (169, 2.)  (170, -8.)  (171, 2.)  (186, 1.) 
row 155: (123, 1.)  (138, 2.)  (139, -8.)  (140, 2.)  (153, 1.)  (154, -8.)  (155, 20.)  (156, -8.)  (157, 1.)  (170, 2.)  (171, -8.)  (172, 2.)  (187, 1.) 
row 156: (124, 1.)  (139, 2.)  (140, -8.)  (141, 2.)  (154, 1.)  (155, -8.)  (156, 20.)  (157, -8.)  (158, 1.)  (171, 2.)  (172, -8.)  (173, 2.)  (188, 1.) 
row 157: (125, 1.)  (140, 2.)  (141, -8.)  (142, 2.)  (155, 1.)  (156, -8.)  (157, 20.)  (158, -8.)  (159, 1.)  (172, 2.)  (173, -8.)  (174, 2.)  (189, 1.) 
row 158: (126, 1.)  (141, 2.)  (142, -8.)  (143, 2.)  (156, 1.)  (157, -8.)  (158, 20.)  (159, -8.)  (173, 2.)  (174, -8.)  (175, 2.)  (190, 1.) 
row 159: (127, 1.)  (142, 2.)  (143, -8.)  (157, 1.)  (158, -8.)  (159, 19.)  (174, 2.)  (175, -8.)  (191, 1.) 
row 160: (128, 1.)  (144, -8.)  (145, 2.)  (160, 19.)  (161, -8.)  (162, 1.)  (176, -8.)  (177, 2.)  (192, 1.) 
row 161: (129, 1.)  (144, 2.)  (145, -8.)  (146, 2.)  (160, -8.)  (161, 20.)  (162, -8.)  (163, 1.)  (176, 2.)  (177, -8.)  (178, 2.)  (193, 1.) 
row 162: (130, 1.)  (145, 2.)  (146, -8.)  (147, 2.)  (160, 1.)  (161, -8.)  (162, 20.)  (163, -8.)  (164, 1.)  (177, 2.)  (178, -8.)  (179, 2.)  (194, 1.) 
row 163: (131, 1.)  (146, 2.)  (147, -8.)  (148, 2.)  (161, 1.)  (162, -8.)  (163, 20.)  (164, -8.)  (165, 1.)  (178, 2.)  (179, -8.)  (180, 2.)  (195, 1.) 
row 164: (132, 1.)  (147, 2.)  (148, -8.)  (149, 2.)  (162, 1.)  (163, -8.)  (164, 20.)  (165, -8.)  (166, 1.)  (179, 2.)  (180, -8.)  (181, 2.)  (196, 1.) 
row 165: (133, 1.)  (148, 2.)  (149, -8.)  (150, 2.)  (163, 1.)  (164, -8.)  (165, 20.)  (166, -8.)  (167, 1.)  (180, 2.)  (181, -8.)  (182, 2.)  (197, 1.) 
row 166: (134, 1.)  (149, 2.)  (150, -8.)  (151, 2.)  (164, 1.)  (165, -8.)  (166, 20.)  (167, -8.)  (168, 1.)  (181, 2.)  (182, -8.)  (183, 2.)  (198, 1.) 
row 167: (135, 1.)  (150, 2.)  (151, -8.)  (152, 2.)  (165, 1.)  (166, -8.)  (167, 20.)  (168, -8.)  (169, 1.)  (182, 2.)  (183, -8.)  (184, 2.)  (199, 1.) 
row 168: (136, 1.)  (151, 2.)  (152, -8.)  (153, 2.)  (166, 1.)  (167, -8.)  (168, 20.)  (169, -8.)  (170, 1.)  (183, 2.)  (184, -8.)  (185, 2.)  (200, 1.) 
row 169: (137, 1.)  (152, 2.)  (153, -8.)  (154, 2.)  (167, 1.)  (168, -8.)  (169, 20.)  (170, -8.)  (171, 1.)  (184, 2.)  (185, -8.)  (186, 2.)  (201, 1.) 
row 170: (138, 1.)  (153, 2.)  (154, -8.)  (155, 2.)  (168, 1.)  (169, -8.)  (170, 20.)  (171, -8.)  (172, 1.)  (185, 2.)  (186, -8.)  (187, 2.)  (202, 1.) 
row 171: (139, 1.)  (154, 2.)  (155, -8.)  (156, 2.)  (169, 1.)  (170, -8.)  (171, 20.)  (172, -8.)  (173, 1.)  (186, 2.)  (187, -8.)  (188, 2.)  (203, 1.) 
row 172: (140, 1.)  (155, 2.)  (156, -8.)  (157, 2.)  (170, 1.)  (171, -8.)  (172, 20.)  (173, -8.)  (174, 1.)  (187, 2.)  (188, -8.)  (189, 2.)  (204, 1.) 
row 173: (141, 1.)  (156, 2.)  (157, -8.)  (158, 2.)  (171, 1.)  (172, -8.)  (173, 20.)  (174, -8.)  (175, 1.)  (188, 2.)  (189, -8.)  (190, 2.)  (205, 1.) 
row 174: (142, 1.)  (157, 2.)  (158, -8.)  (159, 2.)  (172, 1.)  (173, -8.)  (174, 20.)  (175, -8.)  (189, 2.)  (190, -8.)  (191, 2.)  (206, 1.) 
row 175: (143, 1.)  (158, 2.)  (159, -8.)  (173, 1.)  (174, -8.)  (175, 19.)  (190, 2.)  (191, -8.)  (207, 1.) 
row 176: (144, 1.)  (160, -8.)  (161, 2.)  (176, 19.)  (177, -8.)  (178, 1.)  (192, -8.)  (193, 2.)  (208, 1.) 
row 177: (145, 1.)  (160, 2.)  (161, -8.)  (162, 2.)  (176, -8.)  (177, 20.)  (178, -8.)  (179, 1.)  (192, 2.)  (193, -8.)  (194, 2.)  (209, 1.) 
row 178: (146, 1.)  (161, 2.)  (162, -8.)  (163, 2.)  (176, 1.)  (177, -8.)  (178, 20.)  (179, -8.)  (180, 1.)  (193, 2.)  (194, -8.)  (195, 2.)  (210, 1.) 
row 179: (147, 1.)  (162, 2.)  (163, -8.)  (164, 2.)  (177, 1.)  (178, -8.)  (179, 20.)  (180, -8.)  (181, 1.)  (194, 2.)  (195, -8.)  (196, 2.)  (211, 1.) 
row 180: (148, 1.)  (163, 2.)  (164, -8.)  (165, 2.)  (178, 1.)  (179, -8.)  (180, 20.)  (181, -8.)  (182, 1.)  (195, 2.)  (196, -8.)  (197, 2.)  (212, 1.) 
row 181: (149, 1.)  (164, 2.)  (165, -8.)  (166, 2.)  (179, 1.)  (180, -8.)  (181, 20.)  (182, -8.)  (183, 1.)  (196, 2.)  (197, -8.)  (198, 2.)  (213, 1.) 
row 182: (150, 1.)  (165, 2.)  (166, -8.)  (167, 2.)  (180, 1.)  (181, -8.)  (182, 20.)  (183, -8.)  (184, 1.)  (197, 2.)  (198, -8.)  (199, 2.)  (214, 1.) 
row 183: (151, 1.)  (166, 2.)  (167, -8.)  (168, 2.)  (181, 1.)  (182, -8.)  (183, 20.)  (184, -8.)  (185, 1.)  (198, 2.)  (199, -8.)  (200, 2.)  (215, 1.) 
row 184: (152, 1.)  (167, 2.)  (168, -8.)  (169, 2.)  (182, 1.)  (183, -8.)  (184, 20.)  (185, -8.)  (186, 1.)  (199, 2.)  (200, -8.)  (201, 2.)  (216, 1.) 
row 185: (153, 1.)  (168, 2.)  (169, -8.)  (170, 2.)  (183, 1.)  (184, -8.)  (185, 20.)  (186, -8.)  (187, 1.)  (200, 2.)  (201, -8.)  (202, 2.)  (217, 1.) 
row 186: (154, 1.)  (169, 2.)  (170, -8.)  (171, 2.)  (184, 1.)  (185, -8.)  (186, 20.)  (187, -8.)  (188, 1.)  (201, 2.)  (202, -8.)  (203, 2.)  (218, 1.) 
row 187: (155, 1.)  (170, 2.)  (171, -8.)  (172, 2.)  (185, 1.)  (186, -8.)  (187, 20.)  (188, -8.)  (189, 1.)  (202, 2.)  (203, -8.)  (204, 2.)  (219, 1.) 
row 188: (156, 1.)  (171, 2.)  (172, -8.)  (173, 2.)  (186, 1.)  (187, -8.)  (188, 20.)  (189, -8.)  (190, 1.)  (203, 2.)  (204, -8.)  (205, 2.)  (220, 1.) 
row 189: (157, 1.)  (172, 2.)  (173, -8.)  (174, 2.)  (187, 1.)  (188, -8.)  (189, 20.)  (190, -8.)  (191, 1.)  (204, 2.)  (205, -8.)  (206, 2.)  (221, 1.) 
row 190: (158, 1.)  (173, 2.)  (174, -8.)  (175, 2.)  (188, 1.)  (189, -8.)  (190, 20.)  (191, -8.)  (205, 2.)  (206, -8.)  (207, 2.)  (222, 1.) 
row 191: (159, 1.)  (174, 2.)  (175, -8.)  (189, 1.)  (190, -8.)  (191, 19.)  (206, 2.)  (207, -8.)  (223, 1.) 
row 192: (160, 1.)  (176, -8.)  (177, 2.)  (192, 19.)  (193, -8.)  (194, 1.)  (208, -8.)  (209, 2.)  (224, 1.) 
row 193: (161, 1.)  (176, 2.)  (177, -8.)  (178, 2.)  (192, -8.)  (193, 20.)  (194, -8.)  (195, 1.)  (208, 2.)  (209, -8.)  (210, 2.)  (225, 1.) 
row 194: (162, 1.)  (177, 2.)  (178, -8.)  (179, 2.)  (192, 1.)  (193, -8.)  (194, 20.)  (195, -8.)  (196, 1.)  (209, 2.)  (210, -8.)  (211, 2.)  (226, 1.) 
row 195: (163, 1.)  (178, 2.)  (179, -8.)  (180, 2.)  (193, 1.)  (194, -8.)  (195, 20.)  (196, -8.)  (197, 1.)  (210, 2.)  (211, -8.)  (212, 2.)  (227, 1.) 
row 196: (164, 1.)  (179, 2.)  (180, -8.)  (181, 2.)  (194, 1.)  (195, -8.)  (196, 20.)  (197, -8.)  (198, 1.)  (211, 2.)  (212, -8.)  (213, 2.)  (228, 1.) 
row 197: (165, 1.)  (180, 2.)  (181, -8.)  (182, 2.)  (195, 1.)  (196, -8.)  (197, 20.)  (198, -8.)  (199, 1.)  (212, 2.)  (213, -8.)  (214, 2.)  (229, 1.) 
row 198: (166, 1.)  (181, 2.)  (182, -8.)  (183, 2.)  (196, 1.)  (197, -8.)  (198, 20.)  (199, -8.)  (200, 1.)  (213, 2.)  (214, -8.)  (215, 2.)  (230, 1.) 
row 199: (167, 1.)  (182, 2.)  (183, -8.)  (184, 2.)  (197, 1.)  (198, -8.)  (199, 20.)  (200, -8.)  (201, 1.)  (214, 2.)  (215, -8.)  (216, 2.)  (231, 1.) 
row 200: (168, 1.)  (183, 2.)  (184, -8.)  (185, 2.)  (198, 1.)  (199, -8.)  (200, 20.)  (201, -8.)  (202, 1.)  (215, 2.)  (216, -8.)  (217, 2.)  (232, 1.) 
row 201: (169, 1.)  (184, 2.)  (185, -8.)  (186, 2.)  (199, 1.)  (200, -8.)  (201, 20.)  (202, -8.)  (203, 1.)  (216, 2.)  (217, -8.)  (218, 2.)  (233, 1.) 
row 202: (170, 1.)  (185, 2.)  (186, -8.)  (187, 2.)  (200, 1.)  (201, -8.)  (202, 20.)  (203, -8.)  (204, 1.)  (217, 2.)  (218, -8.)  (219, 2.)  (234, 1.) 
row 203: (171, 1.)  (186, 2.)  (187, -8.)  (188, 2.)  (201, 1.)  (202, -8.)  (203, 20.)  (204, -8.)  (205, 1.)  (218, 2.)  (219, -8.)  (220, 2.)  (235, 1.) 
row 204: (172, 1.)  (187, 2.)  (188, -8.)  (189, 2.)  (202, 1.)  (203, -8.)  (204, 20.)  (205, -8.)  (206, 1.)  (219, 2.)  (220, -8.)  (221, 2.)  (236, 1.) 
row 205: (173, 1.)  (188, 2.)  (189, -8.)  (190, 2.)  (203, 1.)  (204, -8.)  (205, 20.)  (206, -8.)  (207, 1.)  (220, 2.)  (221, -8.)  (222, 2.)  (237, 1.) 
row 206: (174, 1.)  (189, 2.)  (190, -8.)  (191, 2.)  (204, 1.)  (205, -8.)  (206, 20.)  (207, -8.)  (221, 2.)  (222, -8.)  (223, 2.)  (238, 1.) 
row 207: (175, 1.)  (190, 2.)  (191, -8.)  (205, 1.)  (206, -8.)  (207, 19.)  (222, 2.)  (223, -8.)  (239, 1.) 
row 208: (176, 1.)  (192, -8.)  (193, 2.)  (208, 19.)  (209, -8.)  (210, 1.)  (224, -8.)  (225, 2.)  (240, 1.) 
row 209: (177, 1.)  (192, 2.)  (193, -8.)  (194, 2.)  (208, -8.)  (209, 20.)  (210, -8.)  (211, 1.)  (224, 2.)  (225, -8.)  (226, 2.)  (241, 1.) 
row 210: (178, 1.)  (193, 2.)  (194, -8.)  (195, 2.)  (208, 1.)  (209, -8.)  (210, 20.)  (211, -8.)  (212, 1.)  (225, 2.)  (226, -8.)  (227, 2.)  (242, 1.) 
row 211: (179, 1.)  (194, 2.)  (195, -8.)  (196, 2.)  (209, 1.)  (210, -8.)  (211, 20.)  (212, -8.)  (213, 1.)  (226, 2.)  (227, -8.)  (228, 2.)  (243, 1.) 
row 212: (180, 1.)  (195, 2.)  (196, -8.)  (197, 2.)  (210, 1.)  (211, -8.)  (212, 20.)  (213, -8.)  (214, 1.)  (227, 2.)  (228, -8.)  (229, 2.)  (244, 1.) 
row 213: (181, 1.)  (196, 2.)  (197, -8.)  (198, 2.)  (211, 1.)  (212, -8.)  (213, 20.)  (214, -8.)  (215, 1.)  (228, 2.)  (229, -8.)  (230, 2.)  (245, 1.) 
row 214: (182, 1.)  (197, 2.)  (198, -8.)  (199, 2.)  (212, 1.)  (213, -8.)  (214, 20.)  (215, -8.)  (216, 1.)  (229, 2.)  (230, -8.)  (231, 2.)  (246, 1.) 
row 215: (183, 1.)  (198, 2.)  (199, -8.)  (200, 2.)  (213, 1.)  (214, -8.)  (215, 20.)  (216, -8.)  (217, 1.)  (230, 2.)  (231, -8.)  (232, 2.)  (247, 1.) 
row 216: (184, 1.)  (199, 2.)  (200, -8.)  (201, 2.)  (214, 1.)  (215, -8.)  (216, 20.)  (217, -8.)  (218, 1.)  (231, 2.)  (232, -8.)  (233, 2.)  (248, 1.) 
row 217: (185, 1.)  (200, 2.)  (201, -8.)  (202, 2.)  (215, 1.)  (216, -8.)  (217, 20.)  (218, -8.)  (219, 1.)  (232, 2.)  (233, -8.)  (234, 2.)  (249, 1.) 
row 218: (186, 1.)  (201, 2.)  (202, -8.)  (203, 2.)  (216, 1.)  (217, -8.)  (218, 20.)  (219, -8.)  (220, 1.)  (233, 2.)  (234, -8.)  (235, 2.)  (250, 1.) 
row 219: (187, 1.)  (202, 2.)  (203, -8.)  (204, 2.)  (217, 1.)  (218, -8.)  (219, 20.)  (220, -8.)  (221, 1.)  (234, 2.)  (235, -8.)  (236, 2.)  (251, 1.) 
row 220: (188, 1.)  (203, 2.)  (204, -8.)  (205, 2.)  (218, 1.)  (219, -8.)  (220, 20.)  (221, -8.)  (222, 1.)  (235, 2.)  (236, -8.)  (237, 2.)  (252, 1.) 
row 221: (189, 1.)  (204, 2.)  (205, -8.)  (206, 2.)  (219, 1.)  (220, -8.)  (221, 20.)  (222, -8.)  (223, 1.)  (236, 2.)  (237, -8.)  (238, 2.)  (253, 1.) 
row 222: (190, 1.)  (205, 2.)  (206, -8.)  (207, 2.)  (220, 1.)  (221, -8.)  (222, 20.)  (223, -8.)  (237, 2.)  (238, -8.)  (239, 2.)  (254, 1.) 
row 223: (191, 1.)  (206, 2.)  (207, -8.)  (221, 1.)  (222, -8.)  (223, 19.)  (238, 2.)  (239, -8.)  (255, 1.) 
row 224: (192, 1.)  (208, -8.)  (209, 2.)  (224, 19.)  (225, -8.)  (226, 1.)  (240, -8.)  (241, 2.) 
row 225: (193, 1.)  (208, 2.)  (209, -8.)  (210, 2.)  (224, -8.)  (225, 20.)  (226, -8.)  (227, 1.)  (240, 2.)  (241, -8.)  (242, 2.) 
row 226: (194, 1.)  (209, 2.)  (210, -8.)  (211, 2.)  (224, 1.)  (225, -8.)  (226, 20.)  (227, -8.)  (228, 1.)  (241, 2.)  (242, -8.)  (243, 2.) 
row 227: (195, 1.)  (210, 2.)  (211, -8.)  (212, 2.)  (225, 1.)  (226, -8.)  (227, 20.)  (228, -8.)  (229, 1.)  (242, 2.)  (243, -8.)  (244, 2.) 
row 228: (196, 1.)  (211, 2.)  (212, -8.)  (213, 2.)  (226, 1.)  (227, -8.)  (228, 20.)  (229, -8.)  (230, 1.)  (243, 2.)  (244, -8.)  (245, 2.) 
row 229: (197, 1.)  (212, 2.)  (213, -8.)  (214, 2.)  (227, 1.)  (228, -8.)  (229, 20.)  (230, -8.)  (231, 1.)  (244, 2.)  (245, -8.)  (246, 2.) 
row 230: (198, 1.)  (213, 2.)  (214, -8.)  (215, 2.)  (228, 1.)  (229, -8.)  (230, 20.)  (231, -8.)  (232, 1.)  (245, 2.)  (246, -8.)  (247, 2.) 
row 231: (199, 1.)  (214, 2.)  (215, -8.)  (216, 2.)  (229, 1.)  (230, -8.)  (231, 20.)  (232, -8.)  (233, 1.)  (246, 2.)  (247, -8.)  (248, 2.) 
row 232: (200, 1.)  (215, 2.)  (216, -8.)  (217, 2.)  (230, 1.)  (231, -8.)  (232, 20.)  (233, -8.)  (234, 1.)  (247, 2.)  (248, -8.)  (249, 2.) 
row 233: (201, 1.)  (216, 2.)  (217, -8.)  (218, 2.)  (231, 1.)  (232, -8.)  (233, 20.)  (234, -8.)  (235, 1.)  (248, 2.)  (249, -8.)  (250, 2.) 
row 234: (202, 1.)  (217, 2.)  (218, -8.)  (219, 2.)  (232, 1.)  (233, -8.)  (234, 20.)  (235, -8.)  (236, 1.)  (249, 2.)  (250, -8.)  (251, 2.) 
row 235: (203, 1.)  (218, 2.)  (219, -8.)  (220, 2.)  (233, 1.)  (234, -8.)  (235, 20.)  (236, -8.)  (237, 1.)  (250, 2.)  (251, -8.)  (252, 2.) 
row 236: (204, 1.)  (219, 2.)  (220, -8.)  (221, 2.)  (234, 1.)  (235, -8.)  (236, 20.)  (237, -8.)  (238, 1.)  (251, 2.)  (252, -8.)  (253, 2.) 
row 237: (205, 1.)  (220, 2.)  (221, -8.)  (222, 2.)  (235, 1.)  (236, -8.)  (237, 20.)  (238, -8.)  (239, 1.)  (252, 2.)  (253, -8.)  (254, 2.) 
row 238: (206, 1.)  (221, 2.)  (222, -8.)  (223, 2.)  (236, 1.)  (237, -8.)  (238, 20.)  (239, -8.)  (253, 2.)  (254, -8.)  (255, 2.) 
row 239: (207, 1.)  (222, 2.)  (223, -8.)  (237, 1.)  (238, -8.)  (239, 19.)  (254, 2.)  (255, -8.) 
row 240: (208, 1.)  (224, -8.)  (225, 2.)  (240, 18.)  (241, -8.)  (242, 1.) 
row 241: (209, 1.)  (224, 2.)  (225, -8.)  (226, 2.)  (240, -8.)  (241, 19.)  (242, -8.)  (243, 1.) 
row 242: (210, 1.)  (225, 2.)  (226, -8.)  (227, 2.)  (240, 1.)  (241, -8.)  (242, 19.)  (243, -8.)  (244, 1.) 
row 243: (211, 1.)  (226, 2.)  (227, -8.)  (228, 2.)  (241, 1.)  (242, -8.)  (243, 19.)  (244, -8.)  (245, 1.) 
row 244: (212, 1.)  (227, 2.)  (228, -8.)  (229, 2.)  (242, 1.)  (243, -8.)  (244, 19.)  (245, -8.)  (246, 1.) 
row 245: (213, 1.)  (228, 2.)  (229, -8.)  (230, 2.)  (243, 1.)  (244, -8.)  (245, 19.)  (246, -8.)  (247, 1.) 
row 246: (214, 1.)  (229, 2.)  (230, -8.)  (231, 2.)  (244, 1.)  (245, -8.)  (246, 19.)  (247, -8.)  (248, 1.) 
row 247: (215, 1.)  (230, 2.)  (231, -8.)  (232, 2.)  (245, 1.)  (246, -8.)  (247, 19.)  (248, -8.)  (249, 1.) 
row 248: (216, 1.)  (231, 2.)  (232, -8.)  (233, 2.)  (246, 1.)  (247, -8.)  (248, 19.)  (249, -8.)  (250, 1.) 
row 249: (217, 1.)  (232, 2.)  (233, -8.)  (234, 2.)  (247, 1.)  (248, -8.)  (249, 19.)  (250, -8.)  (251, 1.) 
row 250: (218, 1.)  (233, 2.)  (234, -8.)  (235, 2.)  (248, 1.)  (249, -8.)  (250, 19.)  (251, -8.)  (252, 1.) 
row 251: (219, 1.)  (234, 2.)  (235, -8.)  (236, 2.)  (249, 1.)  (250, -8.)  (251, 19.)  (252, -8.)  (253, 1.) 
row 252: (220, 1.)  (235, 2.)  (236, -8.)  (237, 2.)  (250, 1.)  (251, -8.)  (252, 19.)  (253, -8.)  (254, 1.) 
row 253: (221, 1.)  (236, 2.)  (237, -8.)  (238, 2.)  (251, 1.)  (252, -8.)  (253, 19.)  (254, -8.)  (255, 1.) 
row 254: (222, 1.)  (237, 2.)  (238, -8.)  (239, 2.)  (252, 1.)  (253, -8.)  (254, 19.)  (255, -8.) 
row 255: (223, 1.)  (238, 2.)  (239, -8.)  (253, 1.)  (254, -8.)  (255, 18.)
