Mat Object: 1 MPI processes
  type: seqaij
row 0: (0, 18.)  (1, -8.)  (2, 1.)  (8, -8.)  (9, 2.)  (16, 1.) 
row 1: (0, -8.)  (1, 19.)  (2, -8.)  (3, 1.)  (8, 2.)  (9, -8.)  (10, 2.)  (17, 1.) 
row 2: (0, 1.)  (1, -8.)  (2, 19.)  (3, -8.)  (4, 1.)  (9, 2.)  (10, -8.)  (11, 2.)  (18, 1.) 
row 3: (1, 1.)  (2, -8.)  (3, 19.)  (4, -8.)  (5, 1.)  (10, 2.)  (11, -8.)  (12, 2.)  (19, 1.) 
row 4: (2, 1.)  (3, -8.)  (4, 19.)  (5, -8.)  (6, 1.)  (11, 2.)  (12, -8.)  (13, 2.)  (20, 1.) 
row 5: (3, 1.)  (4, -8.)  (5, 19.)  (6, -8.)  (7, 1.)  (12, 2.)  (13, -8.)  (14, 2.)  (21, 1.) 
row 6: (4, 1.)  (5, -8.)  (6, 19.)  (7, -8.)  (13, 2.)  (14, -8.)  (15, 2.)  (22, 1.) 
row 7: (5, 1.)  (6, -8.)  (7, 18.)  (14, 2.)  (15, -8.)  (23, 1.) 
row 8: (0, -8.)  (1, 2.)  (8, 19.)  (9, -8.)  (10, 1.)  (16, -8.)  (17, 2.)  (24, 1.) 
row 9: (0, 2.)  (1, -8.)  (2, 2.)  (8, -8.)  (9, 20.)  (10, -8.)  (11, 1.)  (16, 2.)  (17, -8.)  (18, 2.)  (25, 1.) 
row 10: (1, 2.)  (2, -8.)  (3, 2.)  (8, 1.)  (9, -8.)  (10, 20.)  (11, -8.)  (12, 1.)  (17, 2.)  (18, -8.)  (19, 2.)  (26, 1.) 
row 11: (2, 2.)  (3, -8.)  (4, 2.)  (9, 1.)  (10, -8.)  (11, 20.)  (12, -8.)  (13, 1.)  (18, 2.)  (19, -8.)  (20, 2.)  (27, 1.) 
row 12: (3, 2.)  (4, -8.)  (5, 2.)  (10, 1.)  (11, -8.)  (12, 20.)  (13, -8.)  (14, 1.)  (19, 2.)  (20, -8.)  (21, 2.)  (28, 1.) 
row 13: (4, 2.)  (5, -8.)  (6, 2.)  (11, 1.)  (12, -8.)  (13, 20.)  (14, -8.)  (15, 1.)  (20, 2.)  (21, -8.)  (22, 2.)  (29, 1.) 
row 14: (5, 2.)  (6, -8.)  (7, 2.)  (12, 1.)  (13, -8.)  (14, 20.)  (15, -8.)  (21, 2.)  (22, -8.)  (23, 2.)  (30, 1.) 
row 15: (6, 2.)  (7, -8.)  (13, 1.)  (14, -8.)  (15, 19.)  (22, 2.)  (23, -8.)  (31, 1.) 
row 16: (0, 1.)  (8, -8.)  (9, 2.)  (16, 19.)  (17, -8.)  (18, 1.)  (24, -8.)  (25, 2.)  (32, 1.) 
row 17: (1, 1.)  (8, 2.)  (9, -8.)  (10, 2.)  (16, -8.)  (17, 20.)  (18, -8.)  (19, 1.)  (24, 2.)  (25, -8.)  (26, 2.)  (33, 1.) 
row 18: (2, 1.)  (9, 2.)  (10, -8.)  (11, 2.)  (16, 1.)  (17, -8.)  (18, 20.)  (19, -8.)  (20, 1.)  (25, 2.)  (26, -8.)  (27, 2.)  (34, 1.) 
row 19: (3, 1.)  (10, 2.)  (11, -8.)  (12, 2.)  (17, 1.)  (18, -8.)  (19, 20.)  (20, -8.)  (21, 1.)  (26, 2.)  (27, -8.)  (28, 2.)  (35, 1.) 
row 20: (4, 1.)  (11, 2.)  (12, -8.)  (13, 2.)  (18, 1.)  (19, -8.)  (20, 20.)  (21, -8.)  (22, 1.)  (27, 2.)  (28, -8.)  (29, 2.)  (36, 1.) 
row 21: (5, 1.)  (12, 2.)  (13, -8.)  (14, 2.)  (19, 1.)  (20, -8.)  (21, 20.)  (22, -8.)  (23, 1.)  (28, 2.)  (29, -8.)  (30, 2.)  (37, 1.) 
row 22: (6, 1.)  (13, 2.)  (14, -8.)  (15, 2.)  (20, 1.)  (21, -8.)  (22, 20.)  (23, -8.)  (29, 2.)  (30, -8.)  (31, 2.)  (38, 1.) 
row 23: (7, 1.)  (14, 2.)  (15, -8.)  (21, 1.)  (22, -8.)  (23, 19.)  (30, 2.)  (31, -8.)  (39, 1.) 
row 24: (8, 1.)  (16, -8.)  (17, 2.)  (24, 19.)  (25, -8.)  (26, 1.)  (32, -8.)  (33, 2.)  (40, 1.) 
row 25: (9, 1.)  (16, 2.)  (17, -8.)  (18, 2.)  (24, -8.)  (25, 20.)  (26, -8.)  (27, 1.)  (32, 2.)  (33, -8.)  (34, 2.)  (41, 1.) 
row 26: (10, 1.)  (17, 2.)  (18, -8.)  (19, 2.)  (24, 1.)  (25, -8.)  (26, 20.)  (27, -8.)  (28, 1.)  (33, 2.)  (34, -8.)  (35, 2.)  (42, 1.) 
row 27: (11, 1.)  (18, 2.)  (19, -8.)  (20, 2.)  (25, 1.)  (26, -8.)  (27, 20.)  (28, -8.)  (29, 1.)  (34, 2.)  (35, -8.)  (36, 2.)  (43, 1.) 
row 28: (12, 1.)  (19, 2.)  (20, -8.)  (21, 2.)  (26, 1.)  (27, -8.)  (28, 20.)  (29, -8.)  (30, 1.)  (35, 2.)  (36, -8.)  (37, 2.)  (44, 1.) 
row 29: (13, 1.)  (20, 2.)  (21, -8.)  (22, 2.)  (27, 1.)  (28, -8.)  (29, 20.)  (30, -8.)  (31, 1.)  (36, 2.)  (37, -8.)  (38, 2.)  (45, 1.) 
row 30: (14, 1.)  (21, 2.)  (22, -8.)  (23, 2.)  (28, 1.)  (29, -8.)  (30, 20.)  (31, -8.)  (37, 2.)  (38, -8.)  (39, 2.)  (46, 1.) 
row 31: (15, 1.)  (22, 2.)  (23, -8.)  (29, 1.)  (30, -8.)  (31, 19.)  (38, 2.)  (39, -8.)  (47, 1.) 
row 32: (16, 1.)  (24, -8.)  (25, 2.)  (32, 19.)  (33, -8.)  (34, 1.)  (40, -8.)  (41, 2.)  (48, 1.) 
row 33: (17, 1.)  (24, 2.)  (25, -8.)  (26, 2.)  (32, -8.)  (33, 20.)  (34, -8.)  (35, 1.)  (40, 2.)  (41, -8.)  (42, 2.)  (49, 1.) 
row 34: (18, 1.)  (25, 2.)  (26, -8.)  (27, 2.)  (32, 1.)  (33, -8.)  (34, 20.)  (35, -8.)  (36, 1.)  (41, 2.)  (42, -8.)  (43, 2.)  (50, 1.) 
row 35: (19, 1.)  (26, 2.)  (27, -8.)  (28, 2.)  (33, 1.)  (34, -8.)  (35, 20.)  (36, -8.)  (37, 1.)  (42, 2.)  (43, -8.)  (44, 2.)  (51, 1.) 
row 36: (20, 1.)  (27, 2.)  (28, -8.)  (29, 2.)  (34, 1.)  (35, -8.)  (36, 20.)  (37, -8.)  (38, 1.)  (43, 2.)  (44, -8.)  (45, 2.)  (52, 1.) 
row 37: (21, 1.)  (28, 2.)  (29, -8.)  (30, 2.)  (35, 1.)  (36, -8.)  (37, 20.)  (38, -8.)  (39, 1.)  (44, 2.)  (45, -8.)  (46, 2.)  (53, 1.) 
row 38: (22, 1.)  (29, 2.)  (30, -8.)  (31, 2.)  (36, 1.)  (37, -8.)  (38, 20.)  (39, -8.)  (45, 2.)  (46, -8.)  (47, 2.)  (54, 1.) 
row 39: (23, 1.)  (30, 2.)  (31, -8.)  (37, 1.)  (38, -8.)  (39, 19.)  (46, 2.)  (47, -8.)  (55, 1.) 
row 40: (24, 1.)  (32, -8.)  (33, 2.)  (40, 19.)  (41, -8.)  (42, 1.)  (48, -8.)  (49, 2.)  (56, 1.) 
row 41: (25, 1.)  (32, 2.)  (33, -8.)  (34, 2.)  (40, -8.)  (41, 20.)  (42, -8.)  (43, 1.)  (48, 2.)  (49, -8.)  (50, 2.)  (57, 1.) 
row 42: (26, 1.)  (33, 2.)  (34, -8.)  (35, 2.)  (40, 1.)  (41, -8.)  (42, 20.)  (43, -8.)  (44, 1.)  (49, 2.)  (50, -8.)  (51, 2.)  (58, 1.) 
row 43: (27, 1.)  (34, 2.)  (35, -8.)  (36, 2.)  (41, 1.)  (42, -8.)  (43, 20.)  (44, -8.)  (45, 1.)  (50, 2.)  (51, -8.)  (52, 2.)  (59, 1.) 
row 44: (28, 1.)  (35, 2.)  (36, -8.)  (37, 2.)  (42, 1.)  (43, -8.)  (44, 20.)  (45, -8.)  (46, 1.)  (51, 2.)  (52, -8.)  (53, 2.)  (60, 1.) 
row 45: (29, 1.)  (36, 2.)  (37, -8.)  (38, 2.)  (43, 1.)  (44, -8.)  (45, 20.)  (46, -8.)  (47, 1.)  (52, 2.)  (53, -8.)  (54, 2.)  (61, 1.) 
row 46: (30, 1.)  (37, 2.)  (38, -8.)  (39, 2.)  (44, 1.)  (45, -8.)  (46, 20.)  (47, -8.)  (53, 2.)  (54, -8.)  (55, 2.)  (62, 1.) 
row 47: (31, 1.)  (38, 2.)  (39, -8.)  (45, 1.)  (46, -8.)  (47, 19.)  (54, 2.)  (55, -8.)  (63, 1.) 
row 48: (32, 1.)  (40, -8.)  (41, 2.)  (48, 19.)  (49, -8.)  (50, 1.)  (56, -8.)  (57, 2.) 
row 49: (33, 1.)  (40, 2.)  (41, -8.)  (42, 2.)  (48, -8.)  (49, 20.)  (50, -8.)  (51, 1.)  (56, 2.)  (57, -8.)  (58, 2.) 
row 50: (34, 1.)  (41, 2.)  (42, -8.)  (43, 2.)  (48, 1.)  (49, -8.)  (50, 20.)  (51, -8.)  (52, 1.)  (57, 2.)  (58, -8.)  (59, 2.) 
row 51: (35, 1.)  (42, 2.)  (43, -8.)  (44, 2.)  (49, 1.)  (50, -8.)  (51, 20.)  (52, -8.)  (53, 1.)  (58, 2.)  (59, -8.)  (60, 2.) 
row 52: (36, 1.)  (43, 2.)  (44, -8.)  (45, 2.)  (50, 1.)  (51, -8.)  (52, 20.)  (53, -8.)  (54, 1.)  (59, 2.)  (60, -8.)  (61, 2.) 
row 53: (37, 1.)  (44, 2.)  (45, -8.)  (46, 2.)  (51, 1.)  (52, -8.)  (53, 20.)  (54, -8.)  (55, 1.)  (60, 2.)  (61, -8.)  (62, 2.) 
row 54: (38, 1.)  (45, 2.)  (46, -8.)  (47, 2.)  (52, 1.)  (53, -8.)  (54, 20.)  (55, -8.)  (61, 2.)  (62, -8.)  (63, 2.) 
row 55: (39, 1.)  (46, 2.)  (47, -8.)  (53, 1.)  (54, -8.)  (55, 19.)  (62, 2.)  (63, -8.) 
row 56: (40, 1.)  (48, -8.)  (49, 2.)  (56, 18.)  (57, -8.)  (58, 1.) 
row 57: (41, 1.)  (48, 2.)  (49, -8.)  (50, 2.)  (56, -8.)  (57, 19.)  (58, -8.)  (59, 1.) 
row 58: (42, 1.)  (49, 2.)  (50, -8.)  (51, 2.)  (56, 1.)  (57, -8.)  (58, 19.)  (59, -8.)  (60, 1.) 
row 59: (43, 1.)  (50, 2.)  (51, -8.)  (52, 2.)  (57, 1.)  (58, -8.)  (59, 19.)  (60, -8.)  (61, 1.) 
row 60: (44, 1.)  (51, 2.)  (52, -8.)  (53, 2.)  (58, 1.)  (59, -8.)  (60, 19.)  (61, -8.)  (62, 1.) 
row 61: (45, 1.)  (52, 2.)  (53, -8.)  (54, 2.)  (59, 1.)  (60, -8.)  (61, 19.)  (62, -8.)  (63, 1.) 
row 62: (46, 1.)  (53, 2.)  (54, -8.)  (55, 2.)  (60, 1.)  (61, -8.)  (62, 19.)  (63, -8.) 
row 63: (47, 1.)  (54, 2.)  (55, -8.)  (61, 1.)  (62, -8.)  (63, 18.)
