 Indices from GetPerturbedColumnsF90
 
  0 SNES Function norm 0.207564 
 Indices from GetPerturbedColumnsF90
 0 1 3 10 12 15
 Indices from GetPerturbedColumnsF90
 2 4 8 11
 Indices from GetPerturbedColumnsF90
 5 14
 Indices from GetPerturbedColumnsF90
 6 13
 Indices from GetPerturbedColumnsF90
 7 9
 Indices from GetPerturbedColumnsF90
 
  1 SNES Function norm 0.0148968 
 Indices from GetPerturbedColumnsF90
 0 1 3 10 12 15
 Indices from GetPerturbedColumnsF90
 2 4 8 11
 Indices from GetPerturbedColumnsF90
 5 14
 Indices from GetPerturbedColumnsF90
 6 13
 Indices from GetPerturbedColumnsF90
 7 9
 Indices from GetPerturbedColumnsF90
 
  2 SNES Function norm 0.000113967 
 Indices from GetPerturbedColumnsF90
 0 1 3 10 12 15
 Indices from GetPerturbedColumnsF90
 2 4 8 11
 Indices from GetPerturbedColumnsF90
 5 14
 Indices from GetPerturbedColumnsF90
 6 13
 Indices from GetPerturbedColumnsF90
 7 9
 Indices from GetPerturbedColumnsF90
 
  3 SNES Function norm 6.92185e-09 
 Indices from GetPerturbedColumnsF90
 0 1 3 10 12 15
 Indices from GetPerturbedColumnsF90
 2 4 8 11
 Indices from GetPerturbedColumnsF90
 5 14
 Indices from GetPerturbedColumnsF90
 6 13
 Indices from GetPerturbedColumnsF90
 7 9
 Indices from GetPerturbedColumnsF90
 
  4 SNES Function norm < 1.e-11
Number of SNES iterations = 4
